<html>
<body>
<pre>
<h1>礦ision Build Log</h1>
<h2>Tool Versions:</h2>
IDE-Version: μVision V5.14.0.0
Copyright (C) 2015 ARM Ltd and ARM Germany GmbH. All rights reserved.
License Information: D 6031, DY, LIC=W96Y8-3PXRE-GNGA5-G406C-5RI7A-KIXDG
 
Tool Versions:
Toolchain:       MDK-ARM Professional  Version: 5.14.0.0
Toolchain Path:  D:\MDK5\Keil_v5\ARM\ARMCC\Bin
C Compiler:      Armcc.exe V5.05 update 1 (build 106)
Assembler:       Armasm.exe V5.05 update 1 (build 106)
Linker/Locator:  ArmLink.exe V5.05 update 1 (build 106)
Library Manager: ArmAr.exe V5.05 update 1 (build 106)
Hex Converter:   FromElf.exe V5.05 update 1 (build 106)
CPU DLL:         SARMCM3.DLL V5.14.0.0
Dialog DLL:      DCM.DLL V1.13.1.0
Target DLL:      STLink\ST-LINKIII-KEIL_SWO.dll V2.0.14.0_KEIL
Dialog DLL:      TCM.DLL V1.14.4.0
 
<h2>Project:</h2>
E:\D6031\ludy\毕设\模断\20190531-模断\DAC+计时器（HB有问题，HC延时合闸）-20190711\DLQ.uvprojx
Project File Date:  07/12/2019

<h2>Output:</h2>
Rebuild target 'DLQ'
compiling main.c...
User\main.c(67): warning:  #188-D: enumerated type mixed with another type
                TRIGGER_Init(i);         //初始化外部触发的端口
User\main.c(71): warning:  #188-D: enumerated type mixed with another type
                RELAY_Init(i);   //初始化继电器的端口
User\main.c(75): warning:  #188-D: enumerated type mixed with another type
                TIMET_Init(i);   //初始化模拟跳闸的LED端口
User\main.c(79): warning:  #188-D: enumerated type mixed with another type
                TIMEH_Init(i);   //初始化模拟合闸的LED端口
User\main.c: 4 warnings, 0 errors
compiling stm32f10x_it.c...
compiling stm32f10x_gpio.c...
compiling stm32f10x_usart.c...
compiling misc.c...
compiling stm32f10x_dma.c...
compiling stm32f10x_rcc.c...
compiling stm32f10x_exti.c...
compiling stm32f10x_tim.c...
compiling stm32f10x_dac.c...
assembling startup_stm32f10x_cl.s...
compiling core_cm3.c...
compiling system_stm32f10x.c...
compiling Delay.c...
compiling SineWave1.c...
linking...
Program Size: Code=28600 RO-data=656 RW-data=1580 ZI-data=5836  
FromELF: creating hex file...
".\Obj\DMA.axf" - 0 Error(s), 4 Warning(s).

<h2>Collection of Component include folders:</h2>
  E:\D6031\ludy\毕设\模断\20190531-模断\DAC+计时器（HB有问题，HC延时合闸）-20190711\RTE
  D:\MDK5\Keil_v5\ARM\PACK\Keil\STM32F1xx_DFP\2.2.0

<h2>Collection of Component Files used:</h2>
</pre>
</body>
</html>
