<html>
<body>
<pre>
<h1>礦ision Build Log</h1>
<h2>Project:</h2>
I:\最终项目版本\模拟断路器\模拟断路器第二版\模拟断路器第二版程序设计\10.16\DLQ源程序2014年 10月16日\DLQ源程序2014年 10月16日\DLQ.uvproj
Project File Date:  10/15/2014

<h2>Output:</h2>
Build target 'DLQ'
compiling main.c...
User\main.c(399): warning:  #188-D: enumerated type mixed with another type
User\main.c:                TRIGGER_Init(i);     
User\main.c:                             ^
User\main.c(403): warning:  #188-D: enumerated type mixed with another type
User\main.c:                RELAY_Init(i);
User\main.c:                           ^
User\main.c(407): warning:  #188-D: enumerated type mixed with another type
User\main.c:                TIMET_Init(i);
User\main.c:                           ^
User\main.c(411): warning:  #188-D: enumerated type mixed with another type
User\main.c:                TIMEH_Init(i);
User\main.c:                           ^
User\main.c: User\main.c: 4 warnings, 0 errors
linking...
Program Size: Code=19144 RO-data=368 RW-data=920 ZI-data=3760  
FromELF: creating hex file...
".\Obj\DMA.axf" - 0 Error(s), 4 Warning(s).
Load "I:\\最终项目版本\\模拟断路器\\模拟断路器第二版\\模拟断路器第二版程序设计\\10.16\\DLQ源程序2014年 10月16日\\DLQ源程序2014年 10月16日\\Obj\\DMA.AXF" 
Set JLink Project File to "I:\最终项目版本\模拟断路器\模拟断路器第二版\模拟断路器第二版程序设计\10.16\DLQ源程序2014年 10月16日\DLQ源程序2014年 10月16日\JLinkSettings.ini"
 
JLink info:
------------
DLL: V4.15n, compiled Jun 18 2010 19:55:09
Firmware: J-Link ARM V8 compiled May 20 2010 17:07:46
Hardware: V8.00
S/N : 99999994 
Feature(s) : RDI,FlashDL,FlashBP,JFlash,GDBFULL 
 
* JLink Info: TotalIRLen = 9, IRPrint = 0x0011
* JLink Info: Found Cortex-M3 r1p1, Little endian.
* JLink Info: TPIU fitted.
* JLink Info: ETM fitted.
* JLink Info:   FPUnit: 6 code (BP) slots and 2 literal slots
ROMTableAddr = 0xE00FF003
 
Target info:
------------
Device: STM32F107VC
VTarget = 3.287V
State of Pins: 
TCK: 1, TDI: 0, TDO: 0, TMS: 0, TRES: 1, TRST: 1
* JLink Info: TotalIRLen = 9, IRPrint = 0x0011
* JLink Info: Found Cortex-M3 r1p1, Little endian.
* JLink Info: TPIU fitted.
* JLink Info: ETM fitted.
* JLink Info:   FPUnit: 6 code (BP) slots and 2 literal slots
Hardware-Breakpoints: 6
Software-Breakpoints: 2048
Watchpoints:          4
JTAG speed: 2000 kHz
 
Erase Done.
Programming Done.
Verify OK.
Build target 'DLQ'
compiling main.c...
User\main.c(399): warning:  #188-D: enumerated type mixed with another type
User\main.c:                TRIGGER_Init(i);     
User\main.c:                             ^
User\main.c(403): warning:  #188-D: enumerated type mixed with another type
User\main.c:                RELAY_Init(i);
User\main.c:                           ^
User\main.c(407): warning:  #188-D: enumerated type mixed with another type
User\main.c:                TIMET_Init(i);
User\main.c:                           ^
User\main.c(411): warning:  #188-D: enumerated type mixed with another type
User\main.c:                TIMEH_Init(i);
User\main.c:                           ^
User\main.c: User\main.c: 4 warnings, 0 errors
linking...
Program Size: Code=19144 RO-data=368 RW-data=920 ZI-data=3760  
FromELF: creating hex file...
".\Obj\DMA.axf" - 0 Error(s), 4 Warning(s).
Load "I:\\最终项目版本\\模拟断路器\\模拟断路器第二版\\模拟断路器第二版程序设计\\10.16\\DLQ源程序2014年 10月16日\\DLQ源程序2014年 10月16日\\Obj\\DMA.AXF" 
Set JLink Project File to "I:\最终项目版本\模拟断路器\模拟断路器第二版\模拟断路器第二版程序设计\10.16\DLQ源程序2014年 10月16日\DLQ源程序2014年 10月16日\JLinkSettings.ini"
 
JLink info:
------------
DLL: V4.15n, compiled Jun 18 2010 19:55:09
Firmware: J-Link ARM V8 compiled May 20 2010 17:07:46
Hardware: V8.00
S/N : 99999994 
Feature(s) : RDI,FlashDL,FlashBP,JFlash,GDBFULL 
 
* JLink Info: TotalIRLen = 9, IRPrint = 0x0011
* JLink Info: Found Cortex-M3 r1p1, Little endian.
* JLink Info: TPIU fitted.
* JLink Info: ETM fitted.
* JLink Info:   FPUnit: 6 code (BP) slots and 2 literal slots
ROMTableAddr = 0xE00FF003
 
Target info:
------------
Device: STM32F107VC
VTarget = 3.287V
State of Pins: 
TCK: 1, TDI: 0, TDO: 0, TMS: 0, TRES: 1, TRST: 1
* JLink Info: TotalIRLen = 9, IRPrint = 0x0011
* JLink Info: Found Cortex-M3 r1p1, Little endian.
* JLink Info: TPIU fitted.
* JLink Info: ETM fitted.
* JLink Info:   FPUnit: 6 code (BP) slots and 2 literal slots
Hardware-Breakpoints: 6
Software-Breakpoints: 2048
Watchpoints:          4
JTAG speed: 2000 kHz
 
Erase Done.
Programming Done.
Verify OK.
Build target 'DLQ'
compiling main.c...
User\main.c(399): warning:  #188-D: enumerated type mixed with another type
User\main.c:                TRIGGER_Init(i);     
User\main.c:                             ^
User\main.c(403): warning:  #188-D: enumerated type mixed with another type
User\main.c:                RELAY_Init(i);
User\main.c:                           ^
User\main.c(407): warning:  #188-D: enumerated type mixed with another type
User\main.c:                TIMET_Init(i);
User\main.c:                           ^
User\main.c(411): warning:  #188-D: enumerated type mixed with another type
User\main.c:                TIMEH_Init(i);
User\main.c:                           ^
User\main.c: User\main.c: 4 warnings, 0 errors
linking...
Program Size: Code=19308 RO-data=368 RW-data=920 ZI-data=3760  
FromELF: creating hex file...
".\Obj\DMA.axf" - 0 Error(s), 4 Warning(s).
Build target 'DLQ'
compiling main.c...
User\main.c(399): warning:  #188-D: enumerated type mixed with another type
User\main.c:                TRIGGER_Init(i);     
User\main.c:                             ^
User\main.c(403): warning:  #188-D: enumerated type mixed with another type
User\main.c:                RELAY_Init(i);
User\main.c:                           ^
User\main.c(407): warning:  #188-D: enumerated type mixed with another type
User\main.c:                TIMET_Init(i);
User\main.c:                           ^
User\main.c(411): warning:  #188-D: enumerated type mixed with another type
User\main.c:                TIMEH_Init(i);
User\main.c:                           ^
User\main.c: User\main.c: 4 warnings, 0 errors
compiling stm32f10x_it.c...
User\stm32f10x_it.c(264): warning:  #550-D: variable "i" was set but never used
User\stm32f10x_it.c:    u16 i;
User\stm32f10x_it.c:        ^
User\stm32f10x_it.c(320): warning:  #177-D: variable "i" was declared but never referenced
User\stm32f10x_it.c:     uint8_t i=0;
User\stm32f10x_it.c:             ^
User\stm32f10x_it.c(362): warning:  #177-D: variable "i" was declared but never referenced
User\stm32f10x_it.c:     uint8_t i=0;
User\stm32f10x_it.c:             ^
User\stm32f10x_it.c: User\stm32f10x_it.c: 3 warnings, 0 errors
compiling stm32f10x_gpio.c...
compiling stm32f10x_usart.c...
compiling misc.c...
compiling stm32f10x_dma.c...
compiling stm32f10x_rcc.c...
compiling stm32f10x_exti.c...
compiling stm32f10x_tim.c...
assembling startup_stm32f10x_cl.s...
compiling core_cm3.c...
compiling system_stm32f10x.c...
compiling Delay.c...
Delay\Delay.c(35): warning:  #1-D: last line of file ends without a newline
Delay\Delay.c:    
Delay\Delay.c:    ^
Delay\Delay.c: Delay\Delay.c: 1 warning, 0 errors
linking...
Program Size: Code=19308 RO-data=368 RW-data=920 ZI-data=3760  
FromELF: creating hex file...
".\Obj\DMA.axf" - 0 Error(s), 8 Warning(s).
Build target 'DLQ'
linking...
Program Size: Code=19308 RO-data=368 RW-data=920 ZI-data=3760  
FromELF: creating hex file...
".\Obj\DMA.axf" - 0 Error(s), 0 Warning(s).
Load "I:\\最终项目版本\\模拟断路器\\模拟断路器第二版\\模拟断路器第二版程序设计\\10.16\\DLQ源程序2014年 10月16日\\DLQ源程序2014年 10月16日\\Obj\\DMA.AXF" 
Set JLink Project File to "I:\最终项目版本\模拟断路器\模拟断路器第二版\模拟断路器第二版程序设计\10.16\DLQ源程序2014年 10月16日\DLQ源程序2014年 10月16日\JLinkSettings.ini"
 
JLink info:
------------
DLL: V4.15n, compiled Jun 18 2010 19:55:09
Firmware: J-Link ARM V8 compiled May 20 2010 17:07:46
Hardware: V8.00
S/N : 99999994 
Feature(s) : RDI,FlashDL,FlashBP,JFlash,GDBFULL 
 
* JLink Info: TotalIRLen = 9, IRPrint = 0x0011
* JLink Info: Found Cortex-M3 r1p1, Little endian.
* JLink Info: TPIU fitted.
* JLink Info: ETM fitted.
* JLink Info:   FPUnit: 6 code (BP) slots and 2 literal slots
ROMTableAddr = 0xE00FF003
 
Target info:
------------
Device: STM32F107VC
VTarget = 3.287V
State of Pins: 
TCK: 1, TDI: 0, TDO: 0, TMS: 0, TRES: 1, TRST: 1
* JLink Info: TotalIRLen = 9, IRPrint = 0x0011
* JLink Info: Found Cortex-M3 r1p1, Little endian.
* JLink Info: TPIU fitted.
* JLink Info: ETM fitted.
* JLink Info:   FPUnit: 6 code (BP) slots and 2 literal slots
Hardware-Breakpoints: 6
Software-Breakpoints: 2048
Watchpoints:          4
JTAG speed: 2000 kHz
 
Erase Done.
Programming Done.
Verify OK.
