Component: ARM Compiler 5.05 update 1 (build 106) Tool: armlink [4d0efa]

==============================================================================

Section Cross References

    main.o(.text) refers to fdiv.o(x$fpl$fdiv) for __aeabi_fdiv
    main.o(.text) refers to f2d.o(x$fpl$f2d) for __aeabi_f2d
    main.o(.text) refers to dmul.o(x$fpl$dmul) for __aeabi_dmul
    main.o(.text) refers to dflt_clz.o(x$fpl$dflt) for __aeabi_i2d
    main.o(.text) refers to dflt_clz.o(x$fpl$dfltu) for __aeabi_ui2d
    main.o(.text) refers to ddiv.o(x$fpl$ddiv) for __aeabi_ddiv
    main.o(.text) refers to daddsub_clz.o(x$fpl$dadd) for __aeabi_dadd
    main.o(.text) refers to sin.o(i.sin) for sin
    main.o(.text) refers to dfixu.o(x$fpl$dfixu) for __aeabi_d2uiz
    main.o(.text) refers to stm32f10x_rcc.o(.text) for RCC_AHBPeriphClockCmd
    main.o(.text) refers to stm32f10x_dma.o(.text) for DMA_DeInit
    main.o(.text) refers to stm32f10x_usart.o(.text) for USART_DMACmd
    main.o(.text) refers to stm32f10x_gpio.o(.text) for GPIO_Init
    main.o(.text) refers to main.o(.data) for V
    main.o(.text) refers to main.o(.bss) for DMA_InitStructure
    main.o(.text) refers to misc.o(.text) for NVIC_PriorityGroupConfig
    main.o(.text) refers to stm32f10x_tim.o(.text) for TIM_TimeBaseInit
    main.o(.text) refers to ffixu.o(x$fpl$ffixu) for __aeabi_f2uiz
    main.o(.text) refers to sinewave1.o(.text) for SineWave_GPIO_Config
    main.o(.text) refers to delay.o(.text) for Delay_ms
    main.o(.text) refers to fflt_clz.o(x$fpl$ffltu) for __aeabi_ui2f
    main.o(.text) refers to frleqf.o(x$fpl$frleqf) for __aeabi_cfrcmple
    main.o(.text) refers to fleqf.o(x$fpl$fleqf) for __aeabi_cfcmple
    main.o(.text) refers to stm32f10x_exti.o(.text) for EXTI_ClearITPendingBit
    stm32f10x_it.o(.text) refers to stm32f10x_usart.o(.text) for USART_GetITStatus
    stm32f10x_it.o(.text) refers to stm32f10x_dma.o(.text) for DMA_Cmd
    stm32f10x_it.o(.text) refers to stm32f10x_exti.o(.text) for EXTI_GetFlagStatus
    stm32f10x_it.o(.text) refers to delay.o(.text) for Delay_ms
    stm32f10x_it.o(.text) refers to stm32f10x_gpio.o(.text) for GPIO_ReadInputDataBit
    stm32f10x_it.o(.text) refers to main.o(.text) for Send_Series_Data
    stm32f10x_it.o(.text) refers to main.o(.data) for Free_Buf_Now
    stm32f10x_it.o(.text) refers to main.o(.bss) for USART1_DMA_Buf1
    stm32f10x_it.o(.text) refers to stm32f10x_tim.o(.text) for TIM_GetITStatus
    stm32f10x_gpio.o(.text) refers to stm32f10x_rcc.o(.text) for RCC_APB2PeriphResetCmd
    stm32f10x_usart.o(.text) refers to stm32f10x_rcc.o(.text) for RCC_APB2PeriphResetCmd
    stm32f10x_rcc.o(.text) refers to stm32f10x_rcc.o(.data) for APBAHBPrescTable
    stm32f10x_tim.o(.text) refers to stm32f10x_rcc.o(.text) for RCC_APB2PeriphResetCmd
    stm32f10x_dac.o(.text) refers to stm32f10x_rcc.o(.text) for RCC_APB1PeriphResetCmd
    startup_stm32f10x_cl.o(STACK) refers (Special) to heapauxi.o(.text) for __use_two_region_memory
    startup_stm32f10x_cl.o(HEAP) refers (Special) to heapauxi.o(.text) for __use_two_region_memory
    startup_stm32f10x_cl.o(RESET) refers (Special) to heapauxi.o(.text) for __use_two_region_memory
    startup_stm32f10x_cl.o(RESET) refers to startup_stm32f10x_cl.o(STACK) for __initial_sp
    startup_stm32f10x_cl.o(RESET) refers to startup_stm32f10x_cl.o(.text) for Reset_Handler
    startup_stm32f10x_cl.o(RESET) refers to stm32f10x_it.o(.text) for NMI_Handler
    startup_stm32f10x_cl.o(.text) refers (Special) to heapauxi.o(.text) for __use_two_region_memory
    startup_stm32f10x_cl.o(.text) refers to system_stm32f10x.o(.text) for SystemInit
    startup_stm32f10x_cl.o(.text) refers to __main.o(!!!main) for __main
    startup_stm32f10x_cl.o(.text) refers to startup_stm32f10x_cl.o(HEAP) for Heap_Mem
    startup_stm32f10x_cl.o(.text) refers to startup_stm32f10x_cl.o(STACK) for Stack_Mem
    system_stm32f10x.o(.text) refers to system_stm32f10x.o(.data) for SystemCoreClock
    delay.o(.text) refers to main.o(.data) for fac_ms
    sinewave1.o(.text) refers to stm32f10x_rcc.o(.text) for RCC_APB2PeriphClockCmd
    sinewave1.o(.text) refers to stm32f10x_gpio.o(.text) for GPIO_Init
    sinewave1.o(.text) refers to stm32f10x_dac.o(.text) for DAC_StructInit
    sinewave1.o(.text) refers to stm32f10x_tim.o(.text) for TIM_TimeBaseStructInit
    __main.o(!!!main) refers to __rtentry.o(.ARM.Collect$$rtentry$$00000000) for __rt_entry
    daddsub_clz.o(x$fpl$dadd) refers (Special) to usenofp.o(x$fpl$usenofp) for __I$use$fp
    daddsub_clz.o(x$fpl$dadd) refers to daddsub_clz.o(x$fpl$dsub) for _dsub1
    daddsub_clz.o(x$fpl$dadd) refers to dretinf.o(x$fpl$dretinf) for __fpl_dretinf
    daddsub_clz.o(x$fpl$dadd) refers to dnaninf.o(x$fpl$dnaninf) for __fpl_dnaninf
    daddsub_clz.o(x$fpl$drsb) refers (Special) to usenofp.o(x$fpl$usenofp) for __I$use$fp
    daddsub_clz.o(x$fpl$drsb) refers to daddsub_clz.o(x$fpl$dadd) for _dadd1
    daddsub_clz.o(x$fpl$drsb) refers to daddsub_clz.o(x$fpl$dsub) for _dsub1
[...]
    .ARM.Collect$$rtexit$$00000002           0x08000220   Section        0  rtexit2.o(.ARM.Collect$$rtexit$$00000002)
    .ARM.Collect$$rtexit$$00000003           0x08000220   Section        4  rtexit2.o(.ARM.Collect$$rtexit$$00000003)
    .ARM.Collect$$rtexit$$00000004           0x08000224   Section        6  rtexit2.o(.ARM.Collect$$rtexit$$00000004)
    .text                                    0x0800022c   Section        0  main.o(.text)
    .text                                    0x080026e4   Section        0  stm32f10x_it.o(.text)
    .text                                    0x08003748   Section        0  stm32f10x_gpio.o(.text)
    .text                                    0x08003aa4   Section        0  stm32f10x_usart.o(.text)
    .text                                    0x08003eac   Section        0  misc.o(.text)
    .text                                    0x08003f88   Section        0  stm32f10x_dma.o(.text)
    .text                                    0x080041dc   Section        0  stm32f10x_rcc.o(.text)
    .text                                    0x080046e0   Section        0  stm32f10x_exti.o(.text)
    .text                                    0x080047fc   Section        0  stm32f10x_tim.o(.text)
    TI4_Config                               0x08004ca3   Thumb Code   130  stm32f10x_tim.o(.text)
    TI3_Config                               0x08004d37   Thumb Code   122  stm32f10x_tim.o(.text)
    TI2_Config                               0x08004dcb   Thumb Code   130  stm32f10x_tim.o(.text)
    TI1_Config                               0x08004e5f   Thumb Code   108  stm32f10x_tim.o(.text)
    .text                                    0x08005618   Section        0  stm32f10x_dac.o(.text)
    .text                                    0x080057a4   Section       64  startup_stm32f10x_cl.o(.text)
    .text                                    0x080057e4   Section        0  system_stm32f10x.o(.text)
    SetSysClockTo72                          0x080057e5   Thumb Code   264  system_stm32f10x.o(.text)
    SetSysClock                              0x080058ed   Thumb Code     8  system_stm32f10x.o(.text)
    .text                                    0x08005a68   Section        0  delay.o(.text)
    .text                                    0x08005ae4   Section        0  sinewave1.o(.text)
    .text                                    0x08005bb4   Section        0  heapauxi.o(.text)
    .text                                    0x08005bba   Section        0  _rserrno.o(.text)
    .text                                    0x08005bd0   Section        8  rt_errno_addr_intlibspace.o(.text)
    .text                                    0x08005bd8   Section        8  libspace.o(.text)
    .text                                    0x08005be0   Section       74  sys_stackheap_outer.o(.text)
    .text                                    0x08005c2a   Section        0  exit.o(.text)
    .text                                    0x08005c38   Section        0  sys_exit.o(.text)
    .text                                    0x08005c44   Section        2  use_no_semi.o(.text)
    .text                                    0x08005c46   Section        0  indicate_semi.o(.text)
    i.__ARM_fpclassify                       0x08005c46   Section        0  fpclassify.o(i.__ARM_fpclassify)
    i.__ieee754_rem_pio2                     0x08005c70   Section        0  rred.o(i.__ieee754_rem_pio2)
    i.__kernel_cos                           0x08005ff8   Section        0  cos_i.o(i.__kernel_cos)
    i.__kernel_poly                          0x080060f4   Section        0  poly.o(i.__kernel_poly)
    i.__kernel_sin                           0x080061a0   Section        0  sin_i.o(i.__kernel_sin)
    i.__mathlib_dbl_infnan                   0x0800628c   Section        0  dunder.o(i.__mathlib_dbl_infnan)
    i.__mathlib_dbl_invalid                  0x08006292   Section        0  dunder.o(i.__mathlib_dbl_invalid)
    i.__mathlib_dbl_underflow                0x080062a0   Section        0  dunder.o(i.__mathlib_dbl_underflow)
    i.sin                                    0x080062b0   Section        0  sin.o(i.sin)
    x$fpl$dadd                               0x08006350   Section      336  daddsub_clz.o(x$fpl$dadd)
    _dadd1                                   0x08006361   Thumb Code     0  daddsub_clz.o(x$fpl$dadd)
    x$fpl$dcheck1                            0x080064a0   Section       16  dcheck1.o(x$fpl$dcheck1)
    x$fpl$ddiv                               0x080064b0   Section      688  ddiv.o(x$fpl$ddiv)
    ddiv_entry                               0x080064b7   Thumb Code     0  ddiv.o(x$fpl$ddiv)
    x$fpl$dfix                               0x08006760   Section       94  dfix.o(x$fpl$dfix)
    x$fpl$dfixu                              0x080067c0   Section       90  dfixu.o(x$fpl$dfixu)
    x$fpl$dflt                               0x0800681a   Section       46  dflt_clz.o(x$fpl$dflt)
    x$fpl$dfltu                              0x08006848   Section       38  dflt_clz.o(x$fpl$dfltu)
    x$fpl$dmul                               0x08006870   Section      340  dmul.o(x$fpl$dmul)
    x$fpl$dnaninf                            0x080069c4   Section      156  dnaninf.o(x$fpl$dnaninf)
    x$fpl$dretinf                            0x08006a60   Section       12  dretinf.o(x$fpl$dretinf)
    x$fpl$drsb                               0x08006a6c   Section       22  daddsub_clz.o(x$fpl$drsb)
    x$fpl$dsub                               0x08006a84   Section      468  daddsub_clz.o(x$fpl$dsub)
    _dsub1                                   0x08006a95   Thumb Code     0  daddsub_clz.o(x$fpl$dsub)
    x$fpl$f2d                                0x08006c58   Section       86  f2d.o(x$fpl$f2d)
    x$fpl$fcmpinf                            0x08006cae   Section       24  fcmpi.o(x$fpl$fcmpinf)
    x$fpl$fdiv                               0x08006cc8   Section      388  fdiv.o(x$fpl$fdiv)
    _fdiv1                                   0x08006cc9   Thumb Code     0  fdiv.o(x$fpl$fdiv)
    x$fpl$ffixu                              0x08006e4c   Section       62  ffixu.o(x$fpl$ffixu)
    x$fpl$ffltu                              0x08006e8c   Section       38  fflt_clz.o(x$fpl$ffltu)
    x$fpl$fleqf                              0x08006eb4   Section      104  fleqf.o(x$fpl$fleqf)
    x$fpl$fnaninf                            0x08006f1c   Section      140  fnaninf.o(x$fpl$fnaninf)
    x$fpl$fretinf                            0x08006fa8   Section       10  fretinf.o(x$fpl$fretinf)
    x$fpl$frleqf                             0x08006fb2   Section       98  frleqf.o(x$fpl$frleqf)
    x$fpl$retnan                             0x08007014   Section      100  retnan.o(x$fpl$retnan)
    x$fpl$scalbn                             0x08007078   Section       92  scalbn.o(x$fpl$scalbn)
    x$fpl$trapveneer                         0x080070d4   Section       48  trapv.o(x$fpl$trapveneer)
    x$fpl$usenofp                            0x08007104   Section        0  usenofp.o(x$fpl$usenofp)
    .constdata                               0x08007108   Section       48  cos_i.o(.constdata)
    C                                        0x08007108   Data          48  cos_i.o(.constdata)
    .constdata                               0x08007138   Section      200  rred.o(.constdata)
    pio2s                                    0x08007138   Data          48  rred.o(.constdata)
    twooverpi                                0x08007168   Data         152  rred.o(.constdata)
    .constdata                               0x08007200   Section       40  sin_i.o(.constdata)
    S                                        0x08007200   Data          40  sin_i.o(.constdata)
    .data                                    0x20000000   Section     1540  main.o(.data)
    .data                                    0x20000604   Section       20  stm32f10x_rcc.o(.data)
    APBAHBPrescTable                         0x20000604   Data          16  stm32f10x_rcc.o(.data)
    ADCPrescTable                            0x20000614   Data           4  stm32f10x_rcc.o(.data)
    .data                                    0x20000618   Section       20  system_stm32f10x.o(.data)
    .bss                                     0x2000062c   Section     4198  main.o(.bss)
    .bss                                     0x20001694   Section       96  libspace.o(.bss)
    HEAP                                     0x200016f8   Section      512  startup_stm32f10x_cl.o(HEAP)
    Heap_Mem                                 0x200016f8   Data         512  startup_stm32f10x_cl.o(HEAP)
    STACK                                    0x200018f8   Section     1024  startup_stm32f10x_cl.o(STACK)
    Stack_Mem                                0x200018f8   Data        1024  startup_stm32f10x_cl.o(STACK)
    __initial_sp                             0x20001cf8   Data           0  startup_stm32f10x_cl.o(STACK)

    Global Symbols

    Symbol Name                              Value     Ov Type        Size  Object(Section)

    BuildAttributes$$THM_ISAv4$P$D$K$B$S$PE$A:L22UL41UL21$X:L11$S22US41US21$IEEE1$IW$USESV6$~STKCKD$USESV7$~SHL$OTIME$ROPI$IEEEX$EBA8$UX$STANDARDLIB$REQ8$PRES8$EABIv2 0x00000000   Number         0  anon$$obj.o ABSOLUTE
    __ARM_use_no_argv                        0x00000000   Number         0  main.o ABSOLUTE
    __ARM_exceptions_init                     - Undefined Weak Reference
    __alloca_initialize                       - Undefined Weak Reference
    __arm_preinit_                            - Undefined Weak Reference
    __cpp_initialize__aeabi_                  - Undefined Weak Reference
    __cxa_finalize                            - Undefined Weak Reference
    __rt_locale                               - Undefined Weak Reference
    __sigvec_lookup                           - Undefined Weak Reference
    _atexit_init                              - Undefined Weak Reference
    _call_atexit_fns                          - Undefined Weak Reference
    _clock_init                               - Undefined Weak Reference
    _fp_trap_init                             - Undefined Weak Reference
    _fp_trap_shutdown                         - Undefined Weak Reference
    _get_lc_collate                           - Undefined Weak Reference
    _get_lc_ctype                             - Undefined Weak Reference
    _get_lc_monetary                          - Undefined Weak Reference
    _get_lc_numeric                           - Undefined Weak Reference
    _get_lc_time                              - Undefined Weak Reference
    _getenv_init                              - Undefined Weak Reference
    _handle_redirection                       - Undefined Weak Reference
    _init_alloc                               - Undefined Weak Reference
    _init_user_alloc                          - Undefined Weak Reference
    _initio                                   - Undefined Weak Reference
    _rand_init                                - Undefined Weak Reference
    _signal_finish                            - Undefined Weak Reference
    _signal_init                              - Undefined Weak Reference
    _terminate_alloc                          - Undefined Weak Reference
    _terminate_user_alloc                     - Undefined Weak Reference
    _terminateio                              - Undefined Weak Reference
    __Vectors_Size                           0x00000150   Number         0  startup_stm32f10x_cl.o ABSOLUTE
    __Vectors                                0x08000000   Data           4  startup_stm32f10x_cl.o(RESET)
    __Vectors_End                            0x08000150   Data           0  startup_stm32f10x_cl.o(RESET)
    __main                                   0x08000151   Thumb Code     8  __main.o(!!!main)
    __scatterload                            0x08000159   Thumb Code     0  __scatter.o(!!!scatter)
    __scatterload_rt2                        0x08000159   Thumb Code    44  __scatter.o(!!!scatter)
    __scatterload_rt2_thumb_only             0x08000159   Thumb Code     0  __scatter.o(!!!scatter)
    __scatterload_null                       0x08000167   Thumb Code     0  __scatter.o(!!!scatter)
    __decompress                             0x0800018d   Thumb Code    90  __dczerorl2.o(!!dczerorl2)
    __decompress1                            0x0800018d   Thumb Code     0  __dczerorl2.o(!!dczerorl2)
    __scatterload_zeroinit                   0x080001e9   Thumb Code    28  __scatter_zi.o(!!handler_zi)
    __rt_lib_init                            0x08000205   Thumb Code     0  libinit.o(.ARM.Collect$$libinit$$00000000)
    __rt_lib_init_alloca_1                   0x08000207   Thumb Code     0  libinit2.o(.ARM.Collect$$libinit$$0000002E)
    __rt_lib_init_argv_1                     0x08000207   Thumb Code     0  libinit2.o(.ARM.Collect$$libinit$$0000002C)
    __rt_lib_init_atexit_1                   0x08000207   Thumb Code     0  libinit2.o(.ARM.Collect$$libinit$$0000001B)
    __rt_lib_init_clock_1                    0x08000207   Thumb Code     0  libinit2.o(.ARM.Collect$$libinit$$00000021)
    __rt_lib_init_cpp_1                      0x08000207   Thumb Code     0  libinit2.o(.ARM.Collect$$libinit$$00000032)
    __rt_lib_init_exceptions_1               0x08000207   Thumb Code     0  libinit2.o(.ARM.Collect$$libinit$$00000030)
    __rt_lib_init_fp_1                       0x08000207   Thumb Code     0  libinit2.o(.ARM.Collect$$libinit$$00000002)
    __rt_lib_init_fp_trap_1                  0x08000207   Thumb Code     0  libinit2.o(.ARM.Collect$$libinit$$0000001F)
    __rt_lib_init_getenv_1                   0x08000207   Thumb Code     0  libinit2.o(.ARM.Collect$$libinit$$00000023)
    __rt_lib_init_heap_1                     0x08000207   Thumb Code     0  libinit2.o(.ARM.Collect$$libinit$$0000000A)
    __rt_lib_init_lc_collate_1               0x08000207   Thumb Code     0  libinit2.o(.ARM.Collect$$libinit$$00000011)
    __rt_lib_init_lc_ctype_1                 0x08000207   Thumb Code     0  libinit2.o(.ARM.Collect$$libinit$$00000013)
    __rt_lib_init_lc_monetary_1              0x08000207   Thumb Code     0  libinit2.o(.ARM.Collect$$libinit$$00000015)
    __rt_lib_init_lc_numeric_1               0x08000207   Thumb Code     0  libinit2.o(.ARM.Collect$$libinit$$00000017)
    __rt_lib_init_lc_time_1                  0x08000207   Thumb Code     0  libinit2.o(.ARM.Collect$$libinit$$00000019)
    __rt_lib_init_preinit_1                  0x08000207   Thumb Code     0  libinit2.o(.ARM.Collect$$libinit$$00000004)
    __rt_lib_init_rand_1                     0x08000207   Thumb Code     0  libinit2.o(.ARM.Collect$$libinit$$0000000E)
    __rt_lib_init_return                     0x08000207   Thumb Code     0  libinit2.o(.ARM.Collect$$libinit$$00000033)
    __rt_lib_init_signal_1                   0x08000207   Thumb Code     0  libinit2.o(.ARM.Collect$$libinit$$0000001D)
    __rt_lib_init_stdio_1                    0x08000207   Thumb Code     0  libinit2.o(.ARM.Collect$$libinit$$00000025)
    __rt_lib_init_user_alloc_1               0x08000207   Thumb Code     0  libinit2.o(.ARM.Collect$$libinit$$0000000C)
    __rt_lib_shutdown                        0x08000209   Thumb Code     0  libshutdown.o(.ARM.Collect$$libshutdown$$00000000)
    __rt_lib_shutdown_fp_trap_1              0x0800020b   Thumb Code     0  libshutdown2.o(.ARM.Collect$$libshutdown$$00000006)
    __rt_lib_shutdown_heap_1                 0x0800020b   Thumb Code     0  libshutdown2.o(.ARM.Collect$$libshutdown$$0000000E)
    __rt_lib_shutdown_return                 0x0800020b   Thumb Code     0  libshutdown2.o(.ARM.Collect$$libshutdown$$0000000F)
    __rt_lib_shutdown_signal_1               0x0800020b   Thumb Code     0  libshutdown2.o(.ARM.Collect$$libshutdown$$00000009)
    __rt_lib_shutdown_stdio_1                0x0800020b   Thumb Code     0  libshutdown2.o(.ARM.Collect$$libshutdown$$00000003)
    __rt_lib_shutdown_user_alloc_1           0x0800020b   Thumb Code     0  libshutdown2.o(.ARM.Collect$$libshutdown$$0000000B)
    __rt_entry                               0x0800020d   Thumb Code     0  __rtentry.o(.ARM.Collect$$rtentry$$00000000)
    __rt_entry_presh_1                       0x0800020d   Thumb Code     0  __rtentry2.o(.ARM.Collect$$rtentry$$00000002)
    __rt_entry_sh                            0x0800020d   Thumb Code     0  __rtentry4.o(.ARM.Collect$$rtentry$$00000004)
    __rt_entry_li                            0x08000213   Thumb Code     0  __rtentry2.o(.ARM.Collect$$rtentry$$0000000A)
    __rt_entry_postsh_1                      0x08000213   Thumb Code     0  __rtentry2.o(.ARM.Collect$$rtentry$$00000009)
    __rt_entry_main                          0x08000217   Thumb Code     0  __rtentry2.o(.ARM.Collect$$rtentry$$0000000D)
    __rt_entry_postli_1                      0x08000217   Thumb Code     0  __rtentry2.o(.ARM.Collect$$rtentry$$0000000C)
    __rt_exit                                0x0800021f   Thumb Code     0  rtexit.o(.ARM.Collect$$rtexit$$00000000)
    __rt_exit_ls                             0x08000221   Thumb Code     0  rtexit2.o(.ARM.Collect$$rtexit$$00000003)
    __rt_exit_prels_1                        0x08000221   Thumb Code     0  rtexit2.o(.ARM.Collect$$rtexit$$00000002)
    __rt_exit_exit                           0x08000225   Thumb Code     0  rtexit2.o(.ARM.Collect$$rtexit$$00000004)
    SineWave_Data                            0x0800022d   Thumb Code   234  main.o(.text)
    DMA_Configuration                        0x08000317   Thumb Code   224  main.o(.text)
    DMA2_Configuration                       0x080003f7   Thumb Code   224  main.o(.text)
    RCC_Configuration                        0x080004d7   Thumb Code    20  main.o(.text)
    GPIO_Configuration                       0x080004eb   Thumb Code   136  main.o(.text)
    USART_Configuration                      0x08000573   Thumb Code    78  main.o(.text)
    UART4_Configuration                      0x080005c1   Thumb Code   196  main.o(.text)
    NVIC_Configuration                       0x08000685   Thumb Code   532  main.o(.text)
    LedGPIO_Configuration                    0x08000899   Thumb Code    38  main.o(.text)
    Led                                      0x080008bf   Thumb Code    32  main.o(.text)
    KeyGPIO_Configuration                    0x080008df   Thumb Code    30  main.o(.text)
    TIM5_Int_Init                            0x080008fd   Thumb Code    88  main.o(.text)
    Rad_Handle                               0x08000955   Thumb Code    62  main.o(.text)
    RAD_Operation                            0x08000993   Thumb Code    90  main.o(.text)
    CurrentH_Handle                          0x080009ed   Thumb Code    62  main.o(.text)
    CH_Operation                             0x08000a2b   Thumb Code   102  main.o(.text)
    CurrentT_Handle                          0x08000a91   Thumb Code    62  main.o(.text)
    CT_Operation                             0x08000acf   Thumb Code   102  main.o(.text)
    Send_Series_Data                         0x08000b35   Thumb Code    92  main.o(.text)
    CurrentH_Operation                       0x08000b91   Thumb Code   170  main.o(.text)
    CurrentT_Operation                       0x08000c3b   Thumb Code   258  main.o(.text)
    Rad_Operation                            0x08000d3d   Thumb Code   162  main.o(.text)
    SineWave_DMA_Config                      0x08000ddf   Thumb Code   124  main.o(.text)
    SineWave1_Init                           0x08000e5b   Thumb Code    66  main.o(.text)
    Send                                     0x08000e9d   Thumb Code    64  main.o(.text)
    Restore                                  0x08000edd   Thumb Code    16  main.o(.text)
    Menu_Handle                              0x08000eed   Thumb Code  3290  main.o(.text)
    TIMET_Init                               0x08001bc7   Thumb Code    40  main.o(.text)
    TIMEH_Init                               0x08001bef   Thumb Code    40  main.o(.text)
    RELAY_Init                               0x08001c17   Thumb Code    40  main.o(.text)
    TRIGGER_Init                             0x08001c3f   Thumb Code    40  main.o(.text)
    EXTI_Configuration                       0x08001c67   Thumb Code   214  main.o(.text)
    Send_Series_Qianwei                      0x08001d3d   Thumb Code   128  main.o(.text)
    Send_Series_Baiwei                       0x08001dbd   Thumb Code   294  main.o(.text)
    Send_Series_Shiwei                       0x08001ee3   Thumb Code   128  main.o(.text)
    Send_Series_Gewei                        0x08001f63   Thumb Code   128  main.o(.text)
    Send_Series_Time                         0x08001fe3   Thumb Code   242  main.o(.text)
    Save                                     0x080020d5   Thumb Code    16  main.o(.text)
    TimeBase_Configuration                   0x080020e5   Thumb Code   658  main.o(.text)
    main                                     0x08002377   Thumb Code   736  main.o(.text)
    NMI_Handler                              0x080026e5   Thumb Code     2  stm32f10x_it.o(.text)
    HardFault_Handler                        0x080026e7   Thumb Code     4  stm32f10x_it.o(.text)
    MemManage_Handler                        0x080026eb   Thumb Code     4  stm32f10x_it.o(.text)
    BusFault_Handler                         0x080026ef   Thumb Code     4  stm32f10x_it.o(.text)
    UsageFault_Handler                       0x080026f3   Thumb Code     4  stm32f10x_it.o(.text)
    SVC_Handler                              0x080026f7   Thumb Code     2  stm32f10x_it.o(.text)
    DebugMon_Handler                         0x080026f9   Thumb Code     2  stm32f10x_it.o(.text)
    PendSV_Handler                           0x080026fb   Thumb Code     2  stm32f10x_it.o(.text)
    SysTick_Handler                          0x080026fd   Thumb Code     2  stm32f10x_it.o(.text)
    USART1_IRQHandler                        0x080026ff   Thumb Code   176  stm32f10x_it.o(.text)
    UART4_IRQHandler                         0x080027af   Thumb Code   174  stm32f10x_it.o(.text)
    DMA1_Channel5_IRQHandler                 0x0800285d   Thumb Code    46  stm32f10x_it.o(.text)
    DMA1_Channel4_IRQHandler                 0x0800288b   Thumb Code    34  stm32f10x_it.o(.text)
    DMA2_Channel2_IRQHandler                 0x080028ad   Thumb Code    46  stm32f10x_it.o(.text)
    DMA2_Channel5_IRQHandler                 0x080028db   Thumb Code    32  stm32f10x_it.o(.text)
    EXTI0_IRQHandler                         0x080028fb   Thumb Code   166  stm32f10x_it.o(.text)
    EXTI1_IRQHandler                         0x080029a1   Thumb Code   176  stm32f10x_it.o(.text)
    EXTI2_IRQHandler                         0x08002a51   Thumb Code   284  stm32f10x_it.o(.text)
    EXTI3_IRQHandler                         0x08002b6d   Thumb Code   332  stm32f10x_it.o(.text)
    EXTI4_IRQHandler                         0x08002cb9   Thumb Code   332  stm32f10x_it.o(.text)
    EXTI9_5_IRQHandler                       0x08002e05   Thumb Code   742  stm32f10x_it.o(.text)
    EXTI15_10_IRQHandler                     0x080030eb   Thumb Code  1276  stm32f10x_it.o(.text)
    TIM2_IRQHandler                          0x080035e7   Thumb Code    32  stm32f10x_it.o(.text)
    TIM3_IRQHandler                          0x08003607   Thumb Code    56  stm32f10x_it.o(.text)
    TIM4_IRQHandler                          0x0800363f   Thumb Code    30  stm32f10x_it.o(.text)
    TIM5_IRQHandler                          0x0800365d   Thumb Code    72  stm32f10x_it.o(.text)
    TIM6_IRQHandler                          0x080036a5   Thumb Code    30  stm32f10x_it.o(.text)
    TIM7_IRQHandler                          0x080036c3   Thumb Code    30  stm32f10x_it.o(.text)
    GPIO_DeInit                              0x08003749   Thumb Code   172  stm32f10x_gpio.o(.text)
    GPIO_AFIODeInit                          0x080037f5   Thumb Code    20  stm32f10x_gpio.o(.text)
    GPIO_Init                                0x08003809   Thumb Code   278  stm32f10x_gpio.o(.text)
    GPIO_StructInit                          0x0800391f   Thumb Code    16  stm32f10x_gpio.o(.text)
    GPIO_ReadInputDataBit                    0x0800392f   Thumb Code    18  stm32f10x_gpio.o(.text)
    GPIO_ReadInputData                       0x08003941   Thumb Code     8  stm32f10x_gpio.o(.text)
    GPIO_ReadOutputDataBit                   0x08003949   Thumb Code    18  stm32f10x_gpio.o(.text)
    GPIO_ReadOutputData                      0x0800395b   Thumb Code     8  stm32f10x_gpio.o(.text)
    GPIO_SetBits                             0x08003963   Thumb Code     4  stm32f10x_gpio.o(.text)
    GPIO_ResetBits                           0x08003967   Thumb Code     4  stm32f10x_gpio.o(.text)
    GPIO_WriteBit                            0x0800396b   Thumb Code    10  stm32f10x_gpio.o(.text)
    GPIO_Write                               0x08003975   Thumb Code     4  stm32f10x_gpio.o(.text)
    GPIO_PinLockConfig                       0x08003979   Thumb Code    18  stm32f10x_gpio.o(.text)
    GPIO_EventOutputConfig                   0x0800398b   Thumb Code    26  stm32f10x_gpio.o(.text)
    GPIO_EventOutputCmd                      0x080039a5   Thumb Code     6  stm32f10x_gpio.o(.text)
    GPIO_PinRemapConfig                      0x080039ab   Thumb Code   138  stm32f10x_gpio.o(.text)
    GPIO_EXTILineConfig                      0x08003a35   Thumb Code    66  stm32f10x_gpio.o(.text)
    GPIO_ETH_MediaInterfaceConfig            0x08003a77   Thumb Code     8  stm32f10x_gpio.o(.text)
    USART_DeInit                             0x08003aa5   Thumb Code   134  stm32f10x_usart.o(.text)
    USART_Init                               0x08003b2b   Thumb Code   210  stm32f10x_usart.o(.text)
    USART_StructInit                         0x08003bfd   Thumb Code    24  stm32f10x_usart.o(.text)
    USART_ClockInit                          0x08003c15   Thumb Code    34  stm32f10x_usart.o(.text)
    USART_ClockStructInit                    0x08003c37   Thumb Code    12  stm32f10x_usart.o(.text)
    USART_Cmd                                0x08003c43   Thumb Code    24  stm32f10x_usart.o(.text)
    USART_ITConfig                           0x08003c5b   Thumb Code    74  stm32f10x_usart.o(.text)
    USART_DMACmd                             0x08003ca5   Thumb Code    18  stm32f10x_usart.o(.text)
    USART_SetAddress                         0x08003cb7   Thumb Code    18  stm32f10x_usart.o(.text)
    USART_WakeUpConfig                       0x08003cc9   Thumb Code    18  stm32f10x_usart.o(.text)
    USART_ReceiverWakeUpCmd                  0x08003cdb   Thumb Code    24  stm32f10x_usart.o(.text)
    USART_LINBreakDetectLengthConfig         0x08003cf3   Thumb Code    18  stm32f10x_usart.o(.text)
    USART_LINCmd                             0x08003d05   Thumb Code    24  stm32f10x_usart.o(.text)
    USART_SendData                           0x08003d1d   Thumb Code     8  stm32f10x_usart.o(.text)
    USART_ReceiveData                        0x08003d25   Thumb Code    10  stm32f10x_usart.o(.text)
    USART_SendBreak                          0x08003d2f   Thumb Code    10  stm32f10x_usart.o(.text)
    USART_SetGuardTime                       0x08003d39   Thumb Code    16  stm32f10x_usart.o(.text)
    USART_SetPrescaler                       0x08003d49   Thumb Code    16  stm32f10x_usart.o(.text)
    USART_SmartCardCmd                       0x08003d59   Thumb Code    24  stm32f10x_usart.o(.text)
    USART_SmartCardNACKCmd                   0x08003d71   Thumb Code    24  stm32f10x_usart.o(.text)
    USART_HalfDuplexCmd                      0x08003d89   Thumb Code    24  stm32f10x_usart.o(.text)
    USART_OverSampling8Cmd                   0x08003da1   Thumb Code    22  stm32f10x_usart.o(.text)
    USART_OneBitMethodCmd                    0x08003db7   Thumb Code    24  stm32f10x_usart.o(.text)
    USART_IrDAConfig                         0x08003dcf   Thumb Code    18  stm32f10x_usart.o(.text)
    USART_IrDACmd                            0x08003de1   Thumb Code    24  stm32f10x_usart.o(.text)
    USART_GetFlagStatus                      0x08003df9   Thumb Code    26  stm32f10x_usart.o(.text)
    USART_ClearFlag                          0x08003e13   Thumb Code    18  stm32f10x_usart.o(.text)
    USART_GetITStatus                        0x08003e25   Thumb Code    84  stm32f10x_usart.o(.text)
    USART_ClearITPendingBit                  0x08003e79   Thumb Code    52  stm32f10x_usart.o(.text)
    NVIC_PriorityGroupConfig                 0x08003ead   Thumb Code    10  misc.o(.text)
    NVIC_Init                                0x08003eb7   Thumb Code   100  misc.o(.text)
    NVIC_SetVectorTable                      0x08003f1b   Thumb Code    14  misc.o(.text)
    NVIC_SystemLPConfig                      0x08003f29   Thumb Code    34  misc.o(.text)
    SysTick_CLKSourceConfig                  0x08003f4b   Thumb Code    40  misc.o(.text)
    DMA_DeInit                               0x08003f89   Thumb Code   324  stm32f10x_dma.o(.text)
    DMA_Init                                 0x080040cd   Thumb Code    60  stm32f10x_dma.o(.text)
    DMA_StructInit                           0x08004109   Thumb Code    26  stm32f10x_dma.o(.text)
    DMA_Cmd                                  0x08004123   Thumb Code    24  stm32f10x_dma.o(.text)
    DMA_ITConfig                             0x0800413b   Thumb Code    18  stm32f10x_dma.o(.text)
    DMA_SetCurrDataCounter                   0x0800414d   Thumb Code     4  stm32f10x_dma.o(.text)
    DMA_GetCurrDataCounter                   0x08004151   Thumb Code     8  stm32f10x_dma.o(.text)
    DMA_GetFlagStatus                        0x08004159   Thumb Code    40  stm32f10x_dma.o(.text)
    DMA_ClearFlag                            0x08004181   Thumb Code    22  stm32f10x_dma.o(.text)
    DMA_GetITStatus                          0x08004197   Thumb Code    40  stm32f10x_dma.o(.text)
    DMA_ClearITPendingBit                    0x080041bf   Thumb Code    22  stm32f10x_dma.o(.text)
    RCC_DeInit                               0x080041dd   Thumb Code    78  stm32f10x_rcc.o(.text)
    RCC_HSEConfig                            0x0800422b   Thumb Code    70  stm32f10x_rcc.o(.text)
    RCC_GetFlagStatus                        0x08004271   Thumb Code    56  stm32f10x_rcc.o(.text)
    RCC_WaitForHSEStartUp                    0x080042a9   Thumb Code    56  stm32f10x_rcc.o(.text)
    RCC_AdjustHSICalibrationValue            0x080042e1   Thumb Code    20  stm32f10x_rcc.o(.text)
    RCC_HSICmd                               0x080042f5   Thumb Code     6  stm32f10x_rcc.o(.text)
    RCC_PLLConfig                            0x080042fb   Thumb Code    24  stm32f10x_rcc.o(.text)
    RCC_PLLCmd                               0x08004313   Thumb Code     6  stm32f10x_rcc.o(.text)
    RCC_PREDIV1Config                        0x08004319   Thumb Code    24  stm32f10x_rcc.o(.text)
    RCC_PREDIV2Config                        0x08004331   Thumb Code    18  stm32f10x_rcc.o(.text)
    RCC_PLL2Config                           0x08004343   Thumb Code    18  stm32f10x_rcc.o(.text)
    RCC_PLL2Cmd                              0x08004355   Thumb Code     6  stm32f10x_rcc.o(.text)
    RCC_PLL3Config                           0x0800435b   Thumb Code    18  stm32f10x_rcc.o(.text)
    RCC_PLL3Cmd                              0x0800436d   Thumb Code     6  stm32f10x_rcc.o(.text)
    RCC_SYSCLKConfig                         0x08004373   Thumb Code    18  stm32f10x_rcc.o(.text)
    RCC_GetSYSCLKSource                      0x08004385   Thumb Code    10  stm32f10x_rcc.o(.text)
    RCC_HCLKConfig                           0x0800438f   Thumb Code    18  stm32f10x_rcc.o(.text)
    RCC_PCLK1Config                          0x080043a1   Thumb Code    18  stm32f10x_rcc.o(.text)
    RCC_PCLK2Config                          0x080043b3   Thumb Code    20  stm32f10x_rcc.o(.text)
    RCC_ITConfig                             0x080043c7   Thumb Code    26  stm32f10x_rcc.o(.text)
    RCC_OTGFSCLKConfig                       0x080043e1   Thumb Code     8  stm32f10x_rcc.o(.text)
    RCC_ADCCLKConfig                         0x080043e9   Thumb Code    18  stm32f10x_rcc.o(.text)
    RCC_I2S2CLKConfig                        0x080043fb   Thumb Code     6  stm32f10x_rcc.o(.text)
    RCC_I2S3CLKConfig                        0x08004401   Thumb Code     8  stm32f10x_rcc.o(.text)
    RCC_LSEConfig                            0x08004409   Thumb Code    50  stm32f10x_rcc.o(.text)
    RCC_LSICmd                               0x0800443b   Thumb Code     6  stm32f10x_rcc.o(.text)
    RCC_RTCCLKConfig                         0x08004441   Thumb Code    12  stm32f10x_rcc.o(.text)
    RCC_RTCCLKCmd                            0x0800444d   Thumb Code     8  stm32f10x_rcc.o(.text)
    RCC_GetClocksFreq                        0x08004455   Thumb Code   424  stm32f10x_rcc.o(.text)
    RCC_AHBPeriphClockCmd                    0x080045fd   Thumb Code    26  stm32f10x_rcc.o(.text)
    RCC_APB2PeriphClockCmd                   0x08004617   Thumb Code    26  stm32f10x_rcc.o(.text)
    RCC_APB1PeriphClockCmd                   0x08004631   Thumb Code    26  stm32f10x_rcc.o(.text)
    RCC_AHBPeriphResetCmd                    0x0800464b   Thumb Code    26  stm32f10x_rcc.o(.text)
    RCC_APB2PeriphResetCmd                   0x08004665   Thumb Code    26  stm32f10x_rcc.o(.text)
    RCC_APB1PeriphResetCmd                   0x0800467f   Thumb Code    26  stm32f10x_rcc.o(.text)
    RCC_BackupResetCmd                       0x08004699   Thumb Code     6  stm32f10x_rcc.o(.text)
    RCC_ClockSecuritySystemCmd               0x0800469f   Thumb Code     6  stm32f10x_rcc.o(.text)
    RCC_MCOConfig                            0x080046a5   Thumb Code     6  stm32f10x_rcc.o(.text)
    RCC_ClearFlag                            0x080046ab   Thumb Code    14  stm32f10x_rcc.o(.text)
    RCC_GetITStatus                          0x080046b9   Thumb Code    20  stm32f10x_rcc.o(.text)
    RCC_ClearITPendingBit                    0x080046cd   Thumb Code     6  stm32f10x_rcc.o(.text)
    EXTI_DeInit                              0x080046e1   Thumb Code    28  stm32f10x_exti.o(.text)
    EXTI_Init                                0x080046fd   Thumb Code   142  stm32f10x_exti.o(.text)
    EXTI_StructInit                          0x0800478b   Thumb Code    16  stm32f10x_exti.o(.text)
    EXTI_GenerateSWInterrupt                 0x0800479b   Thumb Code    16  stm32f10x_exti.o(.text)
    EXTI_GetFlagStatus                       0x080047ab   Thumb Code    22  stm32f10x_exti.o(.text)
    EXTI_ClearFlag                           0x080047c1   Thumb Code     8  stm32f10x_exti.o(.text)
    EXTI_GetITStatus                         0x080047c9   Thumb Code    34  stm32f10x_exti.o(.text)
    EXTI_ClearITPendingBit                   0x080047eb   Thumb Code     8  stm32f10x_exti.o(.text)
    TIM_DeInit                               0x080047fd   Thumb Code   424  stm32f10x_tim.o(.text)
    TIM_TimeBaseInit                         0x080049a5   Thumb Code   122  stm32f10x_tim.o(.text)
    TIM_OC1Init                              0x08004a1f   Thumb Code   132  stm32f10x_tim.o(.text)
    TIM_OC2Init                              0x08004aa3   Thumb Code   154  stm32f10x_tim.o(.text)
    TIM_OC3Init                              0x08004b3d   Thumb Code   150  stm32f10x_tim.o(.text)
    TIM_OC4Init                              0x08004bd3   Thumb Code   182  stm32f10x_tim.o(.text)
    TIM_SetIC4Prescaler                      0x08004c89   Thumb Code    26  stm32f10x_tim.o(.text)
    TIM_SetIC3Prescaler                      0x08004d25   Thumb Code    18  stm32f10x_tim.o(.text)
    TIM_SetIC2Prescaler                      0x08004db1   Thumb Code    26  stm32f10x_tim.o(.text)
    TIM_SetIC1Prescaler                      0x08004e4d   Thumb Code    18  stm32f10x_tim.o(.text)
    TIM_ICInit                               0x08004ecb   Thumb Code   150  stm32f10x_tim.o(.text)
    TIM_PWMIConfig                           0x08004f61   Thumb Code   124  stm32f10x_tim.o(.text)
    TIM_BDTRConfig                           0x08004fdd   Thumb Code    32  stm32f10x_tim.o(.text)
    TIM_TimeBaseStructInit                   0x08004ffd   Thumb Code    18  stm32f10x_tim.o(.text)
    TIM_OCStructInit                         0x0800500f   Thumb Code    20  stm32f10x_tim.o(.text)
    TIM_ICStructInit                         0x08005023   Thumb Code    18  stm32f10x_tim.o(.text)
    TIM_BDTRStructInit                       0x08005035   Thumb Code    40  stm32f10x_tim.o(.text)
    TIM_Cmd                                  0x0800505d   Thumb Code    24  stm32f10x_tim.o(.text)
    TIM_CtrlPWMOutputs                       0x08005075   Thumb Code    30  stm32f10x_tim.o(.text)
    TIM_ITConfig                             0x08005093   Thumb Code    18  stm32f10x_tim.o(.text)
    TIM_GenerateEvent                        0x080050a5   Thumb Code     4  stm32f10x_tim.o(.text)
    TIM_DMAConfig                            0x080050a9   Thumb Code    10  stm32f10x_tim.o(.text)
    TIM_DMACmd                               0x080050b3   Thumb Code    18  stm32f10x_tim.o(.text)
    TIM_InternalClockConfig                  0x080050c5   Thumb Code    12  stm32f10x_tim.o(.text)
    TIM_SelectInputTrigger                   0x080050d1   Thumb Code    18  stm32f10x_tim.o(.text)
    TIM_ITRxExternalClockConfig              0x080050e3   Thumb Code    24  stm32f10x_tim.o(.text)
    TIM_TIxExternalClockConfig               0x080050fb   Thumb Code    62  stm32f10x_tim.o(.text)
    TIM_ETRConfig                            0x08005139   Thumb Code    28  stm32f10x_tim.o(.text)
    TIM_ETRClockMode1Config                  0x08005155   Thumb Code    54  stm32f10x_tim.o(.text)
    TIM_ETRClockMode2Config                  0x0800518b   Thumb Code    32  stm32f10x_tim.o(.text)
    TIM_PrescalerConfig                      0x080051ab   Thumb Code     6  stm32f10x_tim.o(.text)
    TIM_CounterModeConfig                    0x080051b1   Thumb Code    18  stm32f10x_tim.o(.text)
    TIM_EncoderInterfaceConfig               0x080051c3   Thumb Code    66  stm32f10x_tim.o(.text)
    TIM_ForcedOC1Config                      0x08005205   Thumb Code    18  stm32f10x_tim.o(.text)
    TIM_ForcedOC2Config                      0x08005217   Thumb Code    26  stm32f10x_tim.o(.text)
    TIM_ForcedOC3Config                      0x08005231   Thumb Code    18  stm32f10x_tim.o(.text)
    TIM_ForcedOC4Config                      0x08005243   Thumb Code    26  stm32f10x_tim.o(.text)
    TIM_ARRPreloadConfig                     0x0800525d   Thumb Code    24  stm32f10x_tim.o(.text)
    TIM_SelectCOM                            0x08005275   Thumb Code    24  stm32f10x_tim.o(.text)
    TIM_SelectCCDMA                          0x0800528d   Thumb Code    24  stm32f10x_tim.o(.text)
    TIM_CCPreloadControl                     0x080052a5   Thumb Code    24  stm32f10x_tim.o(.text)
    TIM_OC1PreloadConfig                     0x080052bd   Thumb Code    18  stm32f10x_tim.o(.text)
    TIM_OC2PreloadConfig                     0x080052cf   Thumb Code    26  stm32f10x_tim.o(.text)
    TIM_OC3PreloadConfig                     0x080052e9   Thumb Code    18  stm32f10x_tim.o(.text)
    TIM_OC4PreloadConfig                     0x080052fb   Thumb Code    26  stm32f10x_tim.o(.text)
    TIM_OC1FastConfig                        0x08005315   Thumb Code    18  stm32f10x_tim.o(.text)
    TIM_OC2FastConfig                        0x08005327   Thumb Code    26  stm32f10x_tim.o(.text)
    TIM_OC3FastConfig                        0x08005341   Thumb Code    18  stm32f10x_tim.o(.text)
    TIM_OC4FastConfig                        0x08005353   Thumb Code    26  stm32f10x_tim.o(.text)
    TIM_ClearOC1Ref                          0x0800536d   Thumb Code    18  stm32f10x_tim.o(.text)
    TIM_ClearOC2Ref                          0x0800537f   Thumb Code    24  stm32f10x_tim.o(.text)
    TIM_ClearOC3Ref                          0x08005397   Thumb Code    18  stm32f10x_tim.o(.text)
    TIM_ClearOC4Ref                          0x080053a9   Thumb Code    24  stm32f10x_tim.o(.text)
    TIM_OC1PolarityConfig                    0x080053c1   Thumb Code    18  stm32f10x_tim.o(.text)
    TIM_OC1NPolarityConfig                   0x080053d3   Thumb Code    18  stm32f10x_tim.o(.text)
    TIM_OC2PolarityConfig                    0x080053e5   Thumb Code    26  stm32f10x_tim.o(.text)
    TIM_OC2NPolarityConfig                   0x080053ff   Thumb Code    26  stm32f10x_tim.o(.text)
    TIM_OC3PolarityConfig                    0x08005419   Thumb Code    26  stm32f10x_tim.o(.text)
    TIM_OC3NPolarityConfig                   0x08005433   Thumb Code    26  stm32f10x_tim.o(.text)
    TIM_OC4PolarityConfig                    0x0800544d   Thumb Code    26  stm32f10x_tim.o(.text)
    TIM_CCxCmd                               0x08005467   Thumb Code    30  stm32f10x_tim.o(.text)
    TIM_CCxNCmd                              0x08005485   Thumb Code    30  stm32f10x_tim.o(.text)
    TIM_SelectOCxM                           0x080054a3   Thumb Code    82  stm32f10x_tim.o(.text)
    TIM_UpdateDisableConfig                  0x080054f5   Thumb Code    24  stm32f10x_tim.o(.text)
    TIM_UpdateRequestConfig                  0x0800550d   Thumb Code    24  stm32f10x_tim.o(.text)
    TIM_SelectHallSensor                     0x08005525   Thumb Code    24  stm32f10x_tim.o(.text)
    TIM_SelectOnePulseMode                   0x0800553d   Thumb Code    18  stm32f10x_tim.o(.text)
    TIM_SelectOutputTrigger                  0x0800554f   Thumb Code    18  stm32f10x_tim.o(.text)
    TIM_SelectSlaveMode                      0x08005561   Thumb Code    18  stm32f10x_tim.o(.text)
    TIM_SelectMasterSlaveMode                0x08005573   Thumb Code    18  stm32f10x_tim.o(.text)
    TIM_SetCounter                           0x08005585   Thumb Code     4  stm32f10x_tim.o(.text)
    TIM_SetAutoreload                        0x08005589   Thumb Code     4  stm32f10x_tim.o(.text)
    TIM_SetCompare1                          0x0800558d   Thumb Code     4  stm32f10x_tim.o(.text)
    TIM_SetCompare2                          0x08005591   Thumb Code     4  stm32f10x_tim.o(.text)
    TIM_SetCompare3                          0x08005595   Thumb Code     4  stm32f10x_tim.o(.text)
    TIM_SetCompare4                          0x08005599   Thumb Code     6  stm32f10x_tim.o(.text)
    TIM_SetClockDivision                     0x0800559f   Thumb Code    18  stm32f10x_tim.o(.text)
    TIM_GetCapture1                          0x080055b1   Thumb Code     6  stm32f10x_tim.o(.text)
    TIM_GetCapture2                          0x080055b7   Thumb Code     6  stm32f10x_tim.o(.text)
    TIM_GetCapture3                          0x080055bd   Thumb Code     6  stm32f10x_tim.o(.text)
    TIM_GetCapture4                          0x080055c3   Thumb Code     8  stm32f10x_tim.o(.text)
    TIM_GetCounter                           0x080055cb   Thumb Code     6  stm32f10x_tim.o(.text)
    TIM_GetPrescaler                         0x080055d1   Thumb Code     6  stm32f10x_tim.o(.text)
    TIM_GetFlagStatus                        0x080055d7   Thumb Code    18  stm32f10x_tim.o(.text)
    TIM_ClearFlag                            0x080055e9   Thumb Code     6  stm32f10x_tim.o(.text)
    TIM_GetITStatus                          0x080055ef   Thumb Code    34  stm32f10x_tim.o(.text)
    TIM_ClearITPendingBit                    0x08005611   Thumb Code     6  stm32f10x_tim.o(.text)
    DAC_DeInit                               0x08005619   Thumb Code    22  stm32f10x_dac.o(.text)
    DAC_Init                                 0x0800562f   Thumb Code    46  stm32f10x_dac.o(.text)
    DAC_StructInit                           0x0800565d   Thumb Code    12  stm32f10x_dac.o(.text)
    DAC_Cmd                                  0x08005669   Thumb Code    34  stm32f10x_dac.o(.text)
    DAC_DMACmd                               0x0800568b   Thumb Code    38  stm32f10x_dac.o(.text)
    DAC_SoftwareTriggerCmd                   0x080056b1   Thumb Code    48  stm32f10x_dac.o(.text)
    DAC_DualSoftwareTriggerCmd               0x080056e1   Thumb Code    38  stm32f10x_dac.o(.text)
    DAC_WaveGenerationCmd                    0x08005707   Thumb Code    36  stm32f10x_dac.o(.text)
    DAC_SetChannel1Data                      0x0800572b   Thumb Code    26  stm32f10x_dac.o(.text)
    DAC_SetChannel2Data                      0x08005745   Thumb Code    26  stm32f10x_dac.o(.text)
    DAC_SetDualChannelData                   0x0800575f   Thumb Code    32  stm32f10x_dac.o(.text)
    DAC_GetDataOutputValue                   0x0800577f   Thumb Code    32  stm32f10x_dac.o(.text)
    Reset_Handler                            0x080057a5   Thumb Code     8  startup_stm32f10x_cl.o(.text)
    ADC1_2_IRQHandler                        0x080057bf   Thumb Code     0  startup_stm32f10x_cl.o(.text)
    CAN1_RX0_IRQHandler                      0x080057bf   Thumb Code     0  startup_stm32f10x_cl.o(.text)
    CAN1_RX1_IRQHandler                      0x080057bf   Thumb Code     0  startup_stm32f10x_cl.o(.text)
    CAN1_SCE_IRQHandler                      0x080057bf   Thumb Code     0  startup_stm32f10x_cl.o(.text)
    CAN1_TX_IRQHandler                       0x080057bf   Thumb Code     0  startup_stm32f10x_cl.o(.text)
    CAN2_RX0_IRQHandler                      0x080057bf   Thumb Code     0  startup_stm32f10x_cl.o(.text)
    CAN2_RX1_IRQHandler                      0x080057bf   Thumb Code     0  startup_stm32f10x_cl.o(.text)
    CAN2_SCE_IRQHandler                      0x080057bf   Thumb Code     0  startup_stm32f10x_cl.o(.text)
    CAN2_TX_IRQHandler                       0x080057bf   Thumb Code     0  startup_stm32f10x_cl.o(.text)
    DMA1_Channel1_IRQHandler                 0x080057bf   Thumb Code     0  startup_stm32f10x_cl.o(.text)
    DMA1_Channel2_IRQHandler                 0x080057bf   Thumb Code     0  startup_stm32f10x_cl.o(.text)
    DMA1_Channel3_IRQHandler                 0x080057bf   Thumb Code     0  startup_stm32f10x_cl.o(.text)
    DMA1_Channel6_IRQHandler                 0x080057bf   Thumb Code     0  startup_stm32f10x_cl.o(.text)
    DMA1_Channel7_IRQHandler                 0x080057bf   Thumb Code     0  startup_stm32f10x_cl.o(.text)
    DMA2_Channel1_IRQHandler                 0x080057bf   Thumb Code     0  startup_stm32f10x_cl.o(.text)
    DMA2_Channel3_IRQHandler                 0x080057bf   Thumb Code     0  startup_stm32f10x_cl.o(.text)
    DMA2_Channel4_IRQHandler                 0x080057bf   Thumb Code     0  startup_stm32f10x_cl.o(.text)
    ETH_IRQHandler                           0x080057bf   Thumb Code     0  startup_stm32f10x_cl.o(.text)
    ETH_WKUP_IRQHandler                      0x080057bf   Thumb Code     0  startup_stm32f10x_cl.o(.text)
    FLASH_IRQHandler                         0x080057bf   Thumb Code     0  startup_stm32f10x_cl.o(.text)
    I2C1_ER_IRQHandler                       0x080057bf   Thumb Code     0  startup_stm32f10x_cl.o(.text)
    I2C1_EV_IRQHandler                       0x080057bf   Thumb Code     0  startup_stm32f10x_cl.o(.text)
    I2C2_ER_IRQHandler                       0x080057bf   Thumb Code     0  startup_stm32f10x_cl.o(.text)
    I2C2_EV_IRQHandler                       0x080057bf   Thumb Code     0  startup_stm32f10x_cl.o(.text)
    OTG_FS_IRQHandler                        0x080057bf   Thumb Code     0  startup_stm32f10x_cl.o(.text)
    OTG_FS_WKUP_IRQHandler                   0x080057bf   Thumb Code     0  startup_stm32f10x_cl.o(.text)
    PVD_IRQHandler                           0x080057bf   Thumb Code     0  startup_stm32f10x_cl.o(.text)
    RCC_IRQHandler                           0x080057bf   Thumb Code     0  startup_stm32f10x_cl.o(.text)
    RTCAlarm_IRQHandler                      0x080057bf   Thumb Code     0  startup_stm32f10x_cl.o(.text)
    RTC_IRQHandler                           0x080057bf   Thumb Code     0  startup_stm32f10x_cl.o(.text)
    SPI1_IRQHandler                          0x080057bf   Thumb Code     0  startup_stm32f10x_cl.o(.text)
    SPI2_IRQHandler                          0x080057bf   Thumb Code     0  startup_stm32f10x_cl.o(.text)
    SPI3_IRQHandler                          0x080057bf   Thumb Code     0  startup_stm32f10x_cl.o(.text)
    TAMPER_IRQHandler                        0x080057bf   Thumb Code     0  startup_stm32f10x_cl.o(.text)
    TIM1_BRK_IRQHandler                      0x080057bf   Thumb Code     0  startup_stm32f10x_cl.o(.text)
    TIM1_CC_IRQHandler                       0x080057bf   Thumb Code     0  startup_stm32f10x_cl.o(.text)
    TIM1_TRG_COM_IRQHandler                  0x080057bf   Thumb Code     0  startup_stm32f10x_cl.o(.text)
    TIM1_UP_IRQHandler                       0x080057bf   Thumb Code     0  startup_stm32f10x_cl.o(.text)
    UART5_IRQHandler                         0x080057bf   Thumb Code     0  startup_stm32f10x_cl.o(.text)
    USART2_IRQHandler                        0x080057bf   Thumb Code     0  startup_stm32f10x_cl.o(.text)
    USART3_IRQHandler                        0x080057bf   Thumb Code     0  startup_stm32f10x_cl.o(.text)
    WWDG_IRQHandler                          0x080057bf   Thumb Code     0  startup_stm32f10x_cl.o(.text)
    __user_initial_stackheap                 0x080057c1   Thumb Code     0  startup_stm32f10x_cl.o(.text)
    SystemInit                               0x080058f5   Thumb Code    92  system_stm32f10x.o(.text)
    SystemCoreClockUpdate                    0x08005951   Thumb Code   232  system_stm32f10x.o(.text)
    Delay_init                               0x08005a69   Thumb Code    46  delay.o(.text)
    Delay_ms                                 0x08005a97   Thumb Code    72  delay.o(.text)
    SineWave_GPIO_Config                     0x08005ae5   Thumb Code    38  sinewave1.o(.text)
    SineWave_DAC_Config                      0x08005b0b   Thumb Code    82  sinewave1.o(.text)
    SineWave_TIM_Config                      0x08005b5d   Thumb Code    80  sinewave1.o(.text)
    __use_two_region_memory                  0x08005bb5   Thumb Code     2  heapauxi.o(.text)
    __rt_heap_escrow$2region                 0x08005bb7   Thumb Code     2  heapauxi.o(.text)
    __rt_heap_expand$2region                 0x08005bb9   Thumb Code     2  heapauxi.o(.text)
    __read_errno                             0x08005bbb   Thumb Code    10  _rserrno.o(.text)
    __set_errno                              0x08005bc5   Thumb Code    12  _rserrno.o(.text)
    __aeabi_errno_addr                       0x08005bd1   Thumb Code     8  rt_errno_addr_intlibspace.o(.text)
    __errno$intlibspace                      0x08005bd1   Thumb Code     0  rt_errno_addr_intlibspace.o(.text)
    __rt_errno_addr$intlibspace              0x08005bd1   Thumb Code     0  rt_errno_addr_intlibspace.o(.text)
    __user_libspace                          0x08005bd9   Thumb Code     8  libspace.o(.text)
    __user_perproc_libspace                  0x08005bd9   Thumb Code     0  libspace.o(.text)
    __user_perthread_libspace                0x08005bd9   Thumb Code     0  libspace.o(.text)
    __user_setup_stackheap                   0x08005be1   Thumb Code    74  sys_stackheap_outer.o(.text)
    exit                                     0x08005c2b   Thumb Code    12  exit.o(.text)
    _sys_exit                                0x08005c39   Thumb Code     8  sys_exit.o(.text)
    __I$use$semihosting                      0x08005c45   Thumb Code     0  use_no_semi.o(.text)
    __use_no_semihosting_swi                 0x08005c45   Thumb Code     2  use_no_semi.o(.text)
    __ARM_fpclassify                         0x08005c47   Thumb Code    40  fpclassify.o(i.__ARM_fpclassify)
    __semihosting_library_function           0x08005c47   Thumb Code     0  indicate_semi.o(.text)
    __ieee754_rem_pio2                       0x08005c71   Thumb Code   828  rred.o(i.__ieee754_rem_pio2)
    __kernel_cos                             0x08005ff9   Thumb Code   230  cos_i.o(i.__kernel_cos)
    __kernel_poly                            0x080060f5   Thumb Code   170  poly.o(i.__kernel_poly)
    __kernel_sin                             0x080061a1   Thumb Code   224  sin_i.o(i.__kernel_sin)
    __mathlib_dbl_infnan                     0x0800628d   Thumb Code     6  dunder.o(i.__mathlib_dbl_infnan)
    __mathlib_dbl_invalid                    0x08006293   Thumb Code    12  dunder.o(i.__mathlib_dbl_invalid)
    __mathlib_dbl_underflow                  0x080062a1   Thumb Code    10  dunder.o(i.__mathlib_dbl_underflow)
    sin                                      0x080062b1   Thumb Code   150  sin.o(i.sin)
    __aeabi_dadd                             0x08006351   Thumb Code     0  daddsub_clz.o(x$fpl$dadd)
    _dadd                                    0x08006351   Thumb Code   332  daddsub_clz.o(x$fpl$dadd)
    __fpl_dcheck_NaN1                        0x080064a1   Thumb Code    10  dcheck1.o(x$fpl$dcheck1)
    __aeabi_ddiv                             0x080064b1   Thumb Code     0  ddiv.o(x$fpl$ddiv)
    _ddiv                                    0x080064b1   Thumb Code   552  ddiv.o(x$fpl$ddiv)
    __aeabi_d2iz                             0x08006761   Thumb Code     0  dfix.o(x$fpl$dfix)
    _dfix                                    0x08006761   Thumb Code    94  dfix.o(x$fpl$dfix)
    __aeabi_d2uiz                            0x080067c1   Thumb Code     0  dfixu.o(x$fpl$dfixu)
    _dfixu                                   0x080067c1   Thumb Code    90  dfixu.o(x$fpl$dfixu)
    __aeabi_i2d                              0x0800681b   Thumb Code     0  dflt_clz.o(x$fpl$dflt)
    _dflt                                    0x0800681b   Thumb Code    46  dflt_clz.o(x$fpl$dflt)
    __aeabi_ui2d                             0x08006849   Thumb Code     0  dflt_clz.o(x$fpl$dfltu)
    _dfltu                                   0x08006849   Thumb Code    38  dflt_clz.o(x$fpl$dfltu)
    __aeabi_dmul                             0x08006871   Thumb Code     0  dmul.o(x$fpl$dmul)
    _dmul                                    0x08006871   Thumb Code   332  dmul.o(x$fpl$dmul)
    __fpl_dnaninf                            0x080069c5   Thumb Code   156  dnaninf.o(x$fpl$dnaninf)
    __fpl_dretinf                            0x08006a61   Thumb Code    12  dretinf.o(x$fpl$dretinf)
    __aeabi_drsub                            0x08006a6d   Thumb Code     0  daddsub_clz.o(x$fpl$drsb)
    _drsb                                    0x08006a6d   Thumb Code    22  daddsub_clz.o(x$fpl$drsb)
    __aeabi_dsub                             0x08006a85   Thumb Code     0  daddsub_clz.o(x$fpl$dsub)
    _dsub                                    0x08006a85   Thumb Code   464  daddsub_clz.o(x$fpl$dsub)
    __aeabi_f2d                              0x08006c59   Thumb Code     0  f2d.o(x$fpl$f2d)
    _f2d                                     0x08006c59   Thumb Code    86  f2d.o(x$fpl$f2d)
    __fpl_fcmp_Inf                           0x08006caf   Thumb Code    24  fcmpi.o(x$fpl$fcmpinf)
    __aeabi_fdiv                             0x08006cc9   Thumb Code     0  fdiv.o(x$fpl$fdiv)
    _fdiv                                    0x08006cc9   Thumb Code   384  fdiv.o(x$fpl$fdiv)
    __aeabi_f2uiz                            0x08006e4d   Thumb Code     0  ffixu.o(x$fpl$ffixu)
    _ffixu                                   0x08006e4d   Thumb Code    62  ffixu.o(x$fpl$ffixu)
    __aeabi_ui2f                             0x08006e8d   Thumb Code     0  fflt_clz.o(x$fpl$ffltu)
    _ffltu                                   0x08006e8d   Thumb Code    38  fflt_clz.o(x$fpl$ffltu)
    __aeabi_cfcmple                          0x08006eb5   Thumb Code     0  fleqf.o(x$fpl$fleqf)
    _fcmple                                  0x08006eb5   Thumb Code   104  fleqf.o(x$fpl$fleqf)
    __fpl_fcmple_InfNaN                      0x08006f07   Thumb Code     0  fleqf.o(x$fpl$fleqf)
    __fpl_fnaninf                            0x08006f1d   Thumb Code   140  fnaninf.o(x$fpl$fnaninf)
    __fpl_fretinf                            0x08006fa9   Thumb Code    10  fretinf.o(x$fpl$fretinf)
    __aeabi_cfrcmple                         0x08006fb3   Thumb Code     0  frleqf.o(x$fpl$frleqf)
    _frcmple                                 0x08006fb3   Thumb Code    98  frleqf.o(x$fpl$frleqf)
    __fpl_return_NaN                         0x08007015   Thumb Code   100  retnan.o(x$fpl$retnan)
    __ARM_scalbn                             0x08007079   Thumb Code    92  scalbn.o(x$fpl$scalbn)
    __fpl_cmpreturn                          0x080070d5   Thumb Code    48  trapv.o(x$fpl$trapveneer)
    __I$use$fp                               0x08007104   Number         0  usenofp.o(x$fpl$usenofp)
    Region$$Table$$Base                      0x08007228   Number         0  anon$$obj.o(Region$$Table)
    Region$$Table$$Limit                     0x08007248   Number         0  anon$$obj.o(Region$$Table)
    radian                                   0x20000000   Data           4  main.o(.data)
    V                                        0x20000004   Data           4  main.o(.data)
    Wave1_Fre                                0x20000008   Data           4  main.o(.data)
    time_start_flag                          0x2000000c   Data           1  main.o(.data)
    time_stop_flag                           0x2000000d   Data           1  main.o(.data)
    time_count_ms                            0x20000010   Data           4  main.o(.data)
    Time_show                                0x20000014   Data           4  main.o(.data)
    Qianwei                                  0x20000018   Data           4  main.o(.data)
    Baiwei                                   0x2000001c   Data           4  main.o(.data)
    Shiwei                                   0x20000020   Data           4  main.o(.data)
    Gewei                                    0x20000024   Data           4  main.o(.data)
    Buf_Ok                                   0x20000028   Data           1  main.o(.data)
    Free_Buf_Now                             0x20000029   Data           1  main.o(.data)
    Flag                                     0x2000002a   Data           1  main.o(.data)
    TH_2                                     0x2000002b   Data           1  main.o(.data)
    TH_3                                     0x2000002c   Data           1  main.o(.data)
    TH_4                                     0x2000002d   Data           1  main.o(.data)
    TH_5                                     0x2000002e   Data           1  main.o(.data)
    TH_6                                     0x2000002f   Data           1  main.o(.data)
    Relay_Status                             0x20000030   Data          18  main.o(.data)
    Machine_Status                           0x20000042   Data           8  main.o(.data)
    Flag_u                                   0x2000004a   Data           1  main.o(.data)
    StatusBuffer_Save                        0x2000004b   Data          15  main.o(.data)
    StatusBuffer_Restore                     0x2000005a   Data          15  main.o(.data)
    Tx_Change                                0x20000069   Data           7  main.o(.data)
    Tx_Return                                0x20000070   Data           7  main.o(.data)
    Tx_Tips                                  0x20000077   Data           7  main.o(.data)
    Tx_Cancle                                0x2000007e   Data           8  main.o(.data)
    Ts                                       0x20000086   Data           7  main.o(.data)
    F_Res                                    0x2000008d   Data           8  main.o(.data)
    V_Res                                    0x20000095   Data           8  main.o(.data)
    TA                                       0x2000009d   Data           8  main.o(.data)
    TB                                       0x200000a5   Data           8  main.o(.data)
    TC                                       0x200000ad   Data           8  main.o(.data)
    TD                                       0x200000b5   Data           8  main.o(.data)
    TE                                       0x200000bd   Data           8  main.o(.data)
    TF                                       0x200000c5   Data           8  main.o(.data)
    HA                                       0x200000cd   Data           8  main.o(.data)
    HB                                       0x200000d5   Data           8  main.o(.data)
    HC                                       0x200000dd   Data           8  main.o(.data)
    HD                                       0x200000e5   Data           8  main.o(.data)
    HE                                       0x200000ed   Data           8  main.o(.data)
    HF                                       0x200000f5   Data           8  main.o(.data)
    Count_21                                 0x200000fd   Data           8  main.o(.data)
    Count_20                                 0x20000105   Data           8  main.o(.data)
    Count_19                                 0x2000010d   Data           8  main.o(.data)
    Count_18                                 0x20000115   Data           8  main.o(.data)
    Count_17                                 0x2000011d   Data           8  main.o(.data)
    Count_16                                 0x20000125   Data           8  main.o(.data)
    Count_15                                 0x2000012d   Data           8  main.o(.data)
    Count_14                                 0x20000135   Data           8  main.o(.data)
    Count_13                                 0x2000013d   Data           8  main.o(.data)
    Count_12                                 0x20000145   Data           8  main.o(.data)
    Count_11                                 0x2000014d   Data           8  main.o(.data)
    Count_10                                 0x20000155   Data           8  main.o(.data)
    Count_9                                  0x2000015d   Data           8  main.o(.data)
    Count_8                                  0x20000165   Data           8  main.o(.data)
    Count_7                                  0x2000016d   Data           8  main.o(.data)
    Count_6                                  0x20000175   Data           8  main.o(.data)
    Count_5                                  0x2000017d   Data           8  main.o(.data)
    Count_4                                  0x20000185   Data           8  main.o(.data)
    Count_3                                  0x2000018d   Data           8  main.o(.data)
    Count_2                                  0x20000195   Data           8  main.o(.data)
    Count_1                                  0x2000019d   Data           8  main.o(.data)
    Qianwei_9                                0x200001a5   Data           8  main.o(.data)
    Qianwei_8                                0x200001ad   Data           8  main.o(.data)
    Qianwei_7                                0x200001b5   Data           8  main.o(.data)
    Qianwei_6                                0x200001bd   Data           8  main.o(.data)
    Qianwei_5                                0x200001c5   Data           8  main.o(.data)
    Qianwei_4                                0x200001cd   Data           8  main.o(.data)
    Qianwei_3                                0x200001d5   Data           8  main.o(.data)
    Qianwei_2                                0x200001dd   Data           8  main.o(.data)
    Qianwei_1                                0x200001e5   Data           8  main.o(.data)
    Qianwei_0                                0x200001ed   Data           8  main.o(.data)
    Baiwei_9                                 0x200001f5   Data           8  main.o(.data)
    Baiwei_8                                 0x200001fd   Data           8  main.o(.data)
    Baiwei_7                                 0x20000205   Data           8  main.o(.data)
    Baiwei_6                                 0x2000020d   Data           8  main.o(.data)
    Baiwei_5                                 0x20000215   Data           8  main.o(.data)
    Baiwei_4                                 0x2000021d   Data           8  main.o(.data)
    Baiwei_3                                 0x20000225   Data           8  main.o(.data)
    Baiwei_2                                 0x2000022d   Data           8  main.o(.data)
    Baiwei_1                                 0x20000235   Data           8  main.o(.data)
    Baiwei_0                                 0x2000023d   Data           8  main.o(.data)
    Shiwei_9                                 0x20000245   Data           8  main.o(.data)
    Shiwei_8                                 0x2000024d   Data           8  main.o(.data)
    Shiwei_7                                 0x20000255   Data           8  main.o(.data)
    Shiwei_6                                 0x2000025d   Data           8  main.o(.data)
    Shiwei_5                                 0x20000265   Data           8  main.o(.data)
    Shiwei_4                                 0x2000026d   Data           8  main.o(.data)
    Shiwei_3                                 0x20000275   Data           8  main.o(.data)
    Shiwei_2                                 0x2000027d   Data           8  main.o(.data)
    Shiwei_1                                 0x20000285   Data           8  main.o(.data)
    Shiwei_0                                 0x2000028d   Data           8  main.o(.data)
    Gewei_9                                  0x20000295   Data           8  main.o(.data)
    Gewei_8                                  0x2000029d   Data           8  main.o(.data)
    Gewei_7                                  0x200002a5   Data           8  main.o(.data)
    Gewei_6                                  0x200002ad   Data           8  main.o(.data)
    Gewei_5                                  0x200002b5   Data           8  main.o(.data)
    Gewei_4                                  0x200002bd   Data           8  main.o(.data)
    Gewei_3                                  0x200002c5   Data           8  main.o(.data)
    Gewei_2                                  0x200002cd   Data           8  main.o(.data)
    Gewei_1                                  0x200002d5   Data           8  main.o(.data)
    Gewei_0                                  0x200002dd   Data           8  main.o(.data)
    TxBuffer1                                0x200002e5   Data          12  main.o(.data)
    TxBuffer2                                0x200002f1   Data          12  main.o(.data)
    TxBuffer3                                0x200002fd   Data          12  main.o(.data)
    TxBuffer4                                0x20000309   Data          12  main.o(.data)
    TimeT1                                   0x20000315   Data           8  main.o(.data)
    TimeT2                                   0x2000031d   Data           8  main.o(.data)
    TimeT3                                   0x20000325   Data           8  main.o(.data)
    TimeT4                                   0x2000032d   Data           8  main.o(.data)
    TimeT5                                   0x20000335   Data           8  main.o(.data)
    TimeT6                                   0x2000033d   Data           8  main.o(.data)
    TimeH1                                   0x20000345   Data           8  main.o(.data)
    TimeH2                                   0x2000034d   Data           8  main.o(.data)
    TimeH3                                   0x20000355   Data           8  main.o(.data)
    TimeH4                                   0x2000035d   Data           8  main.o(.data)
    TimeH5                                   0x20000365   Data           8  main.o(.data)
    TimeH6                                   0x2000036d   Data           8  main.o(.data)
    Rad1                                     0x20000375   Data           8  main.o(.data)
    Rad2                                     0x2000037d   Data           8  main.o(.data)
    Rad3                                     0x20000385   Data           8  main.o(.data)
    Rad4                                     0x2000038d   Data           8  main.o(.data)
    Rad5                                     0x20000395   Data           8  main.o(.data)
    Rad6                                     0x2000039d   Data           8  main.o(.data)
    TMax                                     0x200003a5   Data           8  main.o(.data)
    TMin                                     0x200003ad   Data           8  main.o(.data)
    HMax                                     0x200003b5   Data           8  main.o(.data)
    HMin                                     0x200003bd   Data           8  main.o(.data)
    Time_Offset_A_TMax                       0x200003c5   Data           8  main.o(.data)
    Time_Offset_A_TMin                       0x200003cd   Data           8  main.o(.data)
    Time_Offset_B_TMax                       0x200003d5   Data           8  main.o(.data)
    Time_Offset_B_TMin                       0x200003dd   Data           8  main.o(.data)
    Time_Offset_C_TMax                       0x200003e5   Data           8  main.o(.data)
    Time_Offset_C_TMin                       0x200003ed   Data           8  main.o(.data)
    Time_Offset_D_TMax                       0x200003f5   Data           8  main.o(.data)
    Time_Offset_D_TMin                       0x200003fd   Data           8  main.o(.data)
    Time_Offset_E_TMax                       0x20000405   Data           8  main.o(.data)
    Time_Offset_E_TMin                       0x2000040d   Data           8  main.o(.data)
    Time_Offset_F_TMax                       0x20000415   Data           8  main.o(.data)
    Time_Offset_F_TMin                       0x2000041d   Data           8  main.o(.data)
    Time_Offset_A_HMax                       0x20000425   Data           8  main.o(.data)
    Time_Offset_A_HMin                       0x2000042d   Data           8  main.o(.data)
    Time_Offset_B_HMax                       0x20000435   Data           8  main.o(.data)
    Time_Offset_B_HMin                       0x2000043d   Data           8  main.o(.data)
    Time_Offset_C_HMax                       0x20000445   Data           8  main.o(.data)
    Time_Offset_C_HMin                       0x2000044d   Data           8  main.o(.data)
    Time_Offset_D_HMax                       0x20000455   Data           8  main.o(.data)
    Time_Offset_D_HMin                       0x2000045d   Data           8  main.o(.data)
    Time_Offset_E_HMax                       0x20000465   Data           8  main.o(.data)
    Time_Offset_E_HMin                       0x2000046d   Data           8  main.o(.data)
    Time_Offset_F_HMax                       0x20000475   Data           8  main.o(.data)
    Time_Offset_F_HMin                       0x2000047d   Data           8  main.o(.data)
    Frequency_Max                            0x20000485   Data           8  main.o(.data)
    Frequency_Min                            0x2000048d   Data           8  main.o(.data)
    Voltage_Max                              0x20000495   Data           8  main.o(.data)
    Voltage_Min                              0x2000049d   Data           8  main.o(.data)
    Angle_Max                                0x200004a5   Data           8  main.o(.data)
    Angle_Min                                0x200004ad   Data           8  main.o(.data)
    key_FALSE                                0x200004b5   Data           7  main.o(.data)
    key_OK                                   0x200004bc   Data           7  main.o(.data)
    key                                      0x200004c4   Data           2  main.o(.data)
    key_True                                 0x200004c6   Data           2  main.o(.data)
    Current_T                                0x200004c8   Data           2  main.o(.data)
    Current_H                                0x200004ca   Data           2  main.o(.data)
    Rad                                      0x200004cc   Data           2  main.o(.data)
    Start                                    0x200004ce   Data           1  main.o(.data)
    USART1_TX_Finish                         0x200004cf   Data           1  main.o(.data)
    USART3_TX_Finish                         0x200004d0   Data           1  main.o(.data)
    UART4_TX_Finish                          0x200004d1   Data           1  main.o(.data)
    flag_mode                                0x200004d2   Data           1  main.o(.data)
    fac_ms                                   0x200004d4   Data           2  main.o(.data)
    Trigger_GPIO_PORT                        0x200004d8   Data          48  main.o(.data)
    Trigger_GPIO_PIN                         0x20000508   Data          24  main.o(.data)
    Trigger_GPIO_CLK                         0x20000520   Data          48  main.o(.data)
    TimeH_GPIO_PORT                          0x20000550   Data          24  main.o(.data)
    TimeT_GPIO_PORT                          0x20000568   Data          24  main.o(.data)
    TimeH_GPIO_PIN                           0x20000580   Data          12  main.o(.data)
    TimeT_GPIO_PIN                           0x2000058c   Data          12  main.o(.data)
    TimeH_GPIO_CLK                           0x20000598   Data          24  main.o(.data)
    TimeT_GPIO_CLK                           0x200005b0   Data          24  main.o(.data)
    RELAY_GPIO_PORT                          0x200005c8   Data          24  main.o(.data)
    RELAY_GPIO_PIN                           0x200005e0   Data          12  main.o(.data)
    RELAY_GPIO_CLK                           0x200005ec   Data          24  main.o(.data)
    SystemCoreClock                          0x20000618   Data           4  system_stm32f10x.o(.data)
    AHBPrescTable                            0x2000061c   Data          16  system_stm32f10x.o(.data)
    DualSine12bit                            0x2000062c   Data         512  main.o(.bss)
    Time_T                                   0x2000082c   Data          12  main.o(.bss)
    Time_H                                   0x20000838   Data          12  main.o(.bss)
    TimeT_Correct                            0x20000844   Data          12  main.o(.bss)
    TimeH_Correct                            0x20000850   Data          12  main.o(.bss)
    USART1_DMA_Buf1                          0x2000085c   Data         512  main.o(.bss)
    USART1_DMA_Buf2                          0x20000a5c   Data         512  main.o(.bss)
    USART3_DMA_Buf1                          0x20000c5c   Data         512  main.o(.bss)
    USART3_DMA_Buf2                          0x20000e5c   Data         512  main.o(.bss)
    USART1_RECEIVE_DATA                      0x2000105c   Data         512  main.o(.bss)
    USART2_RECEIVE_DATA                      0x2000125c   Data         512  main.o(.bss)
    USART3_RECEIVE_DATA                      0x2000145c   Data         512  main.o(.bss)
    DMA_InitStructure                        0x2000165c   Data          44  main.o(.bss)
    TIM_TimeBaseStructure                    0x20001688   Data          10  main.o(.bss)
    __libspace_start                         0x20001694   Data          96  libspace.o(.bss)
    __temporary_stack_top$libspace           0x200016f4   Data           0  libspace.o(.bss)



==============================================================================

Memory Map of the image

  Image Entry point : 0x08000151

  Load Region LR_IROM1 (Base: 0x08000000, Size: 0x00007874, Max: 0x00040000, ABSOLUTE, COMPRESSED[0x000074b4])

    Execution Region ER_IROM1 (Base: 0x08000000, Size: 0x00007248, Max: 0x00040000, ABSOLUTE)

    Base Addr    Size         Type   Attr      Idx    E Section Name        Object

    0x08000000   0x00000150   Data   RO          238    RESET               startup_stm32f10x_cl.o
    0x08000150   0x00000008   Code   RO          326  * !!!main             c_w.l(__main.o)
    0x08000158   0x00000034   Code   RO          596    !!!scatter          c_w.l(__scatter.o)
    0x0800018c   0x0000005a   Code   RO          594    !!dczerorl2         c_w.l(__dczerorl2.o)
    0x080001e6   0x00000002   PAD
    0x080001e8   0x0000001c   Code   RO          598    !!handler_zi        c_w.l(__scatter_zi.o)
    0x08000204   0x00000002   Code   RO          462    .ARM.Collect$$libinit$$00000000  c_w.l(libinit.o)
    0x08000206   0x00000000   Code   RO          468    .ARM.Collect$$libinit$$00000002  c_w.l(libinit2.o)
    0x08000206   0x00000000   Code   RO          470    .ARM.Collect$$libinit$$00000004  c_w.l(libinit2.o)
    0x08000206   0x00000000   Code   RO          473    .ARM.Collect$$libinit$$0000000A  c_w.l(libinit2.o)
    0x08000206   0x00000000   Code   RO          475    .ARM.Collect$$libinit$$0000000C  c_w.l(libinit2.o)
    0x08000206   0x00000000   Code   RO          477    .ARM.Collect$$libinit$$0000000E  c_w.l(libinit2.o)
    0x08000206   0x00000000   Code   RO          480    .ARM.Collect$$libinit$$00000011  c_w.l(libinit2.o)
    0x08000206   0x00000000   Code   RO          482    .ARM.Collect$$libinit$$00000013  c_w.l(libinit2.o)
    0x08000206   0x00000000   Code   RO          484    .ARM.Collect$$libinit$$00000015  c_w.l(libinit2.o)
    0x08000206   0x00000000   Code   RO          486    .ARM.Collect$$libinit$$00000017  c_w.l(libinit2.o)
    0x08000206   0x00000000   Code   RO          488    .ARM.Collect$$libinit$$00000019  c_w.l(libinit2.o)
    0x08000206   0x00000000   Code   RO          490    .ARM.Collect$$libinit$$0000001B  c_w.l(libinit2.o)
    0x08000206   0x00000000   Code   RO          492    .ARM.Collect$$libinit$$0000001D  c_w.l(libinit2.o)
    0x08000206   0x00000000   Code   RO          494    .ARM.Collect$$libinit$$0000001F  c_w.l(libinit2.o)
    0x08000206   0x00000000   Code   RO          496    .ARM.Collect$$libinit$$00000021  c_w.l(libinit2.o)
    0x08000206   0x00000000   Code   RO          498    .ARM.Collect$$libinit$$00000023  c_w.l(libinit2.o)
    0x08000206   0x00000000   Code   RO          500    .ARM.Collect$$libinit$$00000025  c_w.l(libinit2.o)
    0x08000206   0x00000000   Code   RO          504    .ARM.Collect$$libinit$$0000002C  c_w.l(libinit2.o)
    0x08000206   0x00000000   Code   RO          506    .ARM.Collect$$libinit$$0000002E  c_w.l(libinit2.o)
    0x08000206   0x00000000   Code   RO          508    .ARM.Collect$$libinit$$00000030  c_w.l(libinit2.o)
    0x08000206   0x00000000   Code   RO          510    .ARM.Collect$$libinit$$00000032  c_w.l(libinit2.o)
    0x08000206   0x00000002   Code   RO          511    .ARM.Collect$$libinit$$00000033  c_w.l(libinit2.o)
    0x08000208   0x00000002   Code   RO          535    .ARM.Collect$$libshutdown$$00000000  c_w.l(libshutdown.o)
    0x0800020a   0x00000000   Code   RO          549    .ARM.Collect$$libshutdown$$00000003  c_w.l(libshutdown2.o)
    0x0800020a   0x00000000   Code   RO          552    .ARM.Collect$$libshutdown$$00000006  c_w.l(libshutdown2.o)
    0x0800020a   0x00000000   Code   RO          555    .ARM.Collect$$libshutdown$$00000009  c_w.l(libshutdown2.o)
    0x0800020a   0x00000000   Code   RO          557    .ARM.Collect$$libshutdown$$0000000B  c_w.l(libshutdown2.o)
    0x0800020a   0x00000000   Code   RO          560    .ARM.Collect$$libshutdown$$0000000E  c_w.l(libshutdown2.o)
    0x0800020a   0x00000002   Code   RO          561    .ARM.Collect$$libshutdown$$0000000F  c_w.l(libshutdown2.o)
    0x0800020c   0x00000000   Code   RO          378    .ARM.Collect$$rtentry$$00000000  c_w.l(__rtentry.o)
    0x0800020c   0x00000000   Code   RO          421    .ARM.Collect$$rtentry$$00000002  c_w.l(__rtentry2.o)
    0x0800020c   0x00000006   Code   RO          433    .ARM.Collect$$rtentry$$00000004  c_w.l(__rtentry4.o)
    0x08000212   0x00000000   Code   RO          423    .ARM.Collect$$rtentry$$00000009  c_w.l(__rtentry2.o)
    0x08000212   0x00000004   Code   RO          424    .ARM.Collect$$rtentry$$0000000A  c_w.l(__rtentry2.o)
    0x08000216   0x00000000   Code   RO          426    .ARM.Collect$$rtentry$$0000000C  c_w.l(__rtentry2.o)
    0x08000216   0x00000008   Code   RO          427    .ARM.Collect$$rtentry$$0000000D  c_w.l(__rtentry2.o)
    0x0800021e   0x00000002   Code   RO          465    .ARM.Collect$$rtexit$$00000000  c_w.l(rtexit.o)
    0x08000220   0x00000000   Code   RO          515    .ARM.Collect$$rtexit$$00000002  c_w.l(rtexit2.o)
    0x08000220   0x00000004   Code   RO          516    .ARM.Collect$$rtexit$$00000003  c_w.l(rtexit2.o)
    0x08000224   0x00000006   Code   RO          517    .ARM.Collect$$rtexit$$00000004  c_w.l(rtexit2.o)
    0x0800022a   0x00000002   PAD
    0x0800022c   0x000024b8   Code   RO            1    .text               main.o
    0x080026e4   0x00001064   Code   RO          122    .text               stm32f10x_it.o
    0x08003748   0x0000035c   Code   RO          138    .text               stm32f10x_gpio.o
    0x08003aa4   0x00000408   Code   RO          150    .text               stm32f10x_usart.o
    0x08003eac   0x000000dc   Code   RO          162    .text               misc.o
    0x08003f88   0x00000254   Code   RO          174    .text               stm32f10x_dma.o
    0x080041dc   0x00000504   Code   RO          186    .text               stm32f10x_rcc.o
    0x080046e0   0x0000011c   Code   RO          200    .text               stm32f10x_exti.o
    0x080047fc   0x00000e1a   Code   RO          212    .text               stm32f10x_tim.o
    0x08005616   0x00000002   PAD
    0x08005618   0x0000018c   Code   RO          224    .text               stm32f10x_dac.o
    0x080057a4   0x00000040   Code   RO          239    .text               startup_stm32f10x_cl.o
    0x080057e4   0x00000284   Code   RO          254    .text               system_stm32f10x.o
    0x08005a68   0x0000007c   Code   RO          291    .text               delay.o
    0x08005ae4   0x000000d0   Code   RO          307    .text               sinewave1.o
    0x08005bb4   0x00000006   Code   RO          324    .text               c_w.l(heapauxi.o)
    0x08005bba   0x00000016   Code   RO          379    .text               c_w.l(_rserrno.o)
    0x08005bd0   0x00000008   Code   RO          438    .text               c_w.l(rt_errno_addr_intlibspace.o)
    0x08005bd8   0x00000008   Code   RO          450    .text               c_w.l(libspace.o)
    0x08005be0   0x0000004a   Code   RO          453    .text               c_w.l(sys_stackheap_outer.o)
    0x08005c2a   0x0000000c   Code   RO          455    .text               c_w.l(exit.o)
    0x08005c36   0x00000002   PAD
    0x08005c38   0x0000000c   Code   RO          527    .text               c_w.l(sys_exit.o)
    0x08005c44   0x00000002   Code   RO          538    .text               c_w.l(use_no_semi.o)
    0x08005c46   0x00000000   Code   RO          540    .text               c_w.l(indicate_semi.o)
    0x08005c46   0x00000028   Code   RO          446    i.__ARM_fpclassify  m_ws.l(fpclassify.o)
    0x08005c6e   0x00000002   PAD
    0x08005c70   0x00000388   Code   RO          409    i.__ieee754_rem_pio2  m_ws.l(rred.o)
    0x08005ff8   0x000000fc   Code   RO          392    i.__kernel_cos      m_ws.l(cos_i.o)
    0x080060f4   0x000000aa   Code   RO          448    i.__kernel_poly     m_ws.l(poly.o)
    0x0800619e   0x00000002   PAD
    0x080061a0   0x000000ec   Code   RO          414    i.__kernel_sin      m_ws.l(sin_i.o)
    0x0800628c   0x00000006   Code   RO          396    i.__mathlib_dbl_infnan  m_ws.l(dunder.o)
    0x08006292   0x0000000c   Code   RO          398    i.__mathlib_dbl_invalid  m_ws.l(dunder.o)
    0x0800629e   0x00000002   PAD
    0x080062a0   0x00000010   Code   RO          401    i.__mathlib_dbl_underflow  m_ws.l(dunder.o)
    0x080062b0   0x000000a0   Code   RO          371    i.sin               m_ws.l(sin.o)
    0x08006350   0x00000150   Code   RO          328    x$fpl$dadd          fz_ws.l(daddsub_clz.o)
    0x080064a0   0x00000010   Code   RO          463    x$fpl$dcheck1       fz_ws.l(dcheck1.o)
    0x080064b0   0x000002b0   Code   RO          335    x$fpl$ddiv          fz_ws.l(ddiv.o)
    0x08006760   0x0000005e   Code   RO          440    x$fpl$dfix          fz_ws.l(dfix.o)
    0x080067be   0x00000002   PAD
    0x080067c0   0x0000005a   Code   RO          338    x$fpl$dfixu         fz_ws.l(dfixu.o)
    0x0800681a   0x0000002e   Code   RO          343    x$fpl$dflt          fz_ws.l(dflt_clz.o)
    0x08006848   0x00000026   Code   RO          342    x$fpl$dfltu         fz_ws.l(dflt_clz.o)
    0x0800686e   0x00000002   PAD
    0x08006870   0x00000154   Code   RO          348    x$fpl$dmul          fz_ws.l(dmul.o)
    0x080069c4   0x0000009c   Code   RO          381    x$fpl$dnaninf       fz_ws.l(dnaninf.o)
    0x08006a60   0x0000000c   Code   RO          383    x$fpl$dretinf       fz_ws.l(dretinf.o)
    0x08006a6c   0x00000016   Code   RO          329    x$fpl$drsb          fz_ws.l(daddsub_clz.o)
    0x08006a82   0x00000002   PAD
    0x08006a84   0x000001d4   Code   RO          330    x$fpl$dsub          fz_ws.l(daddsub_clz.o)
    0x08006c58   0x00000056   Code   RO          350    x$fpl$f2d           fz_ws.l(f2d.o)
    0x08006cae   0x00000018   Code   RO          385    x$fpl$fcmpinf       fz_ws.l(fcmpi.o)
    0x08006cc6   0x00000002   PAD
    0x08006cc8   0x00000184   Code   RO          353    x$fpl$fdiv          fz_ws.l(fdiv.o)
    0x08006e4c   0x0000003e   Code   RO          356    x$fpl$ffixu         fz_ws.l(ffixu.o)
    0x08006e8a   0x00000002   PAD
    0x08006e8c   0x00000026   Code   RO          360    x$fpl$ffltu         fz_ws.l(fflt_clz.o)
    0x08006eb2   0x00000002   PAD
    0x08006eb4   0x00000068   Code   RO          366    x$fpl$fleqf         fz_ws.l(fleqf.o)
    0x08006f1c   0x0000008c   Code   RO          387    x$fpl$fnaninf       fz_ws.l(fnaninf.o)
    0x08006fa8   0x0000000a   Code   RO          389    x$fpl$fretinf       fz_ws.l(fretinf.o)
    0x08006fb2   0x00000062   Code   RO          368    x$fpl$frleqf        fz_ws.l(frleqf.o)
    0x08007014   0x00000064   Code   RO          512    x$fpl$retnan        fz_ws.l(retnan.o)
    0x08007078   0x0000005c   Code   RO          444    x$fpl$scalbn        fz_ws.l(scalbn.o)
    0x080070d4   0x00000030   Code   RO          525    x$fpl$trapveneer    fz_ws.l(trapv.o)
    0x08007104   0x00000000   Code   RO          391    x$fpl$usenofp       fz_ws.l(usenofp.o)
    0x08007104   0x00000004   PAD
    0x08007108   0x00000030   Data   RO          393    .constdata          m_ws.l(cos_i.o)
    0x08007138   0x000000c8   Data   RO          411    .constdata          m_ws.l(rred.o)
    0x08007200   0x00000028   Data   RO          415    .constdata          m_ws.l(sin_i.o)
    0x08007228   0x00000020   Data   RO          592    Region$$Table       anon$$obj.o


    Execution Region RW_IRAM1 (Base: 0x20000000, Size: 0x00001cf8, Max: 0x00010000, ABSOLUTE, COMPRESSED[0x0000026c])

    Base Addr    Size         Type   Attr      Idx    E Section Name        Object

    0x20000000   0x00000604   Data   RW            3    .data               main.o
    0x20000604   0x00000014   Data   RW          187    .data               stm32f10x_rcc.o
    0x20000618   0x00000014   Data   RW          255    .data               system_stm32f10x.o
    0x2000062c   0x00001066   Zero   RW            2    .bss                main.o
    0x20001692   0x00000002   PAD
    0x20001694   0x00000060   Zero   RW          451    .bss                c_w.l(libspace.o)
    0x200016f4   0x00000004   PAD
    0x200016f8   0x00000200   Zero   RW          237    HEAP                startup_stm32f10x_cl.o
    0x200018f8   0x00000400   Zero   RW          236    STACK               startup_stm32f10x_cl.o


==============================================================================

Image component sizes


      Code (inc. data)   RO Data    RW Data    ZI Data      Debug   Object Name

       124          6          0          0          0        698   delay.o
      9400       1238          0       1540       4198     317934   main.o
       220         22          0          0          0       1941   misc.o
       208          8          0          0          0        995   sinewave1.o
        64         26        336          0       1536        944   startup_stm32f10x_cl.o
       396          6          0          0          0       3790   stm32f10x_dac.o
       596          8          0          0          0       4470   stm32f10x_dma.o
       284         10          0          0          0       2375   stm32f10x_exti.o
       860         38          0          0          0       5781   stm32f10x_gpio.o
      4196        380          0          0          0       6390   stm32f10x_it.o
      1284         64          0         20          0      11370   stm32f10x_rcc.o
      3610         88          0          0          0      22272   stm32f10x_tim.o
      1032         22          0          0          0       8512   stm32f10x_usart.o
       644         48          0         20          0       2263   system_stm32f10x.o

    ----------------------------------------------------------------------
     22920       1964        368       1580       5736     389735   Object Totals
         0          0         32          0          0          0   (incl. Generated)
         2          0          0          0          2          0   (incl. Padding)

    ----------------------------------------------------------------------

      Code (inc. data)   RO Data    RW Data    ZI Data      Debug   Library Member Name

        90          0          0          0          0          0   __dczerorl2.o
         8          0          0          0          0         68   __main.o
         0          0          0          0          0          0   __rtentry.o
        12          0          0          0          0          0   __rtentry2.o
         6          0          0          0          0          0   __rtentry4.o
        52          8          0          0          0          0   __scatter.o
        28          0          0          0          0          0   __scatter_zi.o
        22          0          0          0          0        100   _rserrno.o
        12          0          0          0          0         72   exit.o
         6          0          0          0          0        152   heapauxi.o
         0          0          0          0          0          0   indicate_semi.o
         2          0          0          0          0          0   libinit.o
         2          0          0          0          0          0   libinit2.o
         2          0          0          0          0          0   libshutdown.o
         2          0          0          0          0          0   libshutdown2.o
         8          4          0          0         96         68   libspace.o
         8          4          0          0          0         68   rt_errno_addr_intlibspace.o
         2          0          0          0          0          0   rtexit.o
        10          0          0          0          0          0   rtexit2.o
        12          4          0          0          0         68   sys_exit.o
        74          0          0          0          0         80   sys_stackheap_outer.o
         2          0          0          0          0         68   use_no_semi.o
       826         16          0          0          0        348   daddsub_clz.o
        16          4          0          0          0         68   dcheck1.o
       688        140          0          0          0        208   ddiv.o
        94          4          0          0          0         92   dfix.o
        90          4          0          0          0         92   dfixu.o
        84          0          0          0          0        136   dflt_clz.o
       340         12          0          0          0        104   dmul.o
       156          4          0          0          0         92   dnaninf.o
        12          0          0          0          0         68   dretinf.o
        86          4          0          0          0         84   f2d.o
        24          0          0          0          0         68   fcmpi.o
       388         76          0          0          0         96   fdiv.o
        62          4          0          0          0         84   ffixu.o
        38          0          0          0          0         68   fflt_clz.o
       104          4          0          0          0         84   fleqf.o
       140          4          0          0          0         84   fnaninf.o
        10          0          0          0          0         68   fretinf.o
        98          0          0          0          0         68   frleqf.o
       100          0          0          0          0         68   retnan.o
        92          0          0          0          0         68   scalbn.o
        48          0          0          0          0         68   trapv.o
         0          0          0          0          0          0   usenofp.o
       252         22         48          0          0        124   cos_i.o
        34          6          0          0          0        204   dunder.o
        40          0          0          0          0         68   fpclassify.o
       170          0          0          0          0         96   poly.o
       904         76        200          0          0        140   rred.o
       160         10          0          0          0        108   sin.o
       236         12         40          0          0        128   sin_i.o

    ----------------------------------------------------------------------
      5680        422        288          0        100       3728   Library Totals
        28          0          0          0          4          0   (incl. Padding)

    ----------------------------------------------------------------------

      Code (inc. data)   RO Data    RW Data    ZI Data      Debug   Library Name

       360         20          0          0         96        744   c_w.l
      3496        276          0          0          0       2116   fz_ws.l
      1796        126        288          0          0        868   m_ws.l

    ----------------------------------------------------------------------
      5680        422        288          0        100       3728   Library Totals

    ----------------------------------------------------------------------

==============================================================================


      Code (inc. data)   RO Data    RW Data    ZI Data      Debug   

     28600       2386        656       1580       5836     390183   Grand Totals
     28600       2386        656        620       5836     390183   ELF Image Totals (compressed)
     28600       2386        656        620          0          0   ROM Totals

==============================================================================

    Total RO  Size (Code + RO Data)                29256 (  28.57kB)
    Total RW  Size (RW Data + ZI Data)              7416 (   7.24kB)
    Total ROM Size (Code + RO Data + RW Data)      29876 (  29.18kB)

==============================================================================

