<html>
<body>
<pre>
<h1>µVision Build Log</h1>
<h2>Project:</h2>
C:\Users\zfdn\Desktop\ÕýÏÒ²¨_°´¼ü\RVMDK\LED.uvproj
Project File Date:  01/23/2013

<h2>Output:</h2>
Build target 'CreativeST_VC'
linking...
Program Size: Code=2212 RO-data=336 RW-data=136 ZI-data=1024  
FromELF: creating hex file...
".\Obj\LED.axf" - 0 Error(s), 0 Warning(s).
Build target 'CreativeST_VC'
linking...
Program Size: Code=2212 RO-data=336 RW-data=136 ZI-data=1024  
FromELF: creating hex file...
".\Obj\LED.axf" - 0 Error(s), 0 Warning(s).
Build target 'CreativeST_VC'
linking...
Program Size: Code=2212 RO-data=336 RW-data=136 ZI-data=1024  
FromELF: creating hex file...
".\Obj\LED.axf" - 0 Error(s), 0 Warning(s).
compiling time.c...
..\time.c - 0 Error(s), 0 Warning(s).
Build target 'CreativeST_VC'
linking...
Program Size: Code=2212 RO-data=336 RW-data=136 ZI-data=1024  
FromELF: creating hex file...
".\Obj\LED.axf" - 0 Error(s), 0 Warning(s).
Build target 'CreativeST_VC'
linking...
Program Size: Code=2212 RO-data=336 RW-data=136 ZI-data=1024  
FromELF: creating hex file...
".\Obj\LED.axf" - 0 Error(s), 0 Warning(s).
Build target 'CreativeST_VC'
linking...
Program Size: Code=2212 RO-data=336 RW-data=136 ZI-data=1024  
FromELF: creating hex file...
".\Obj\LED.axf" - 0 Error(s), 0 Warning(s).
Build target 'CreativeST_VC'
linking...
Program Size: Code=2212 RO-data=336 RW-data=136 ZI-data=1024  
FromELF: creating hex file...
".\Obj\LED.axf" - 0 Error(s), 0 Warning(s).
