<html>
<body>
<pre>
<h1>µVision Build Log</h1>
<h2>Tool Versions:</h2>
IDE-Version: ¦ÌVision V5.14.0.0
Copyright (C) 2015 ARM Ltd and ARM Germany GmbH. All rights reserved.
License Information: D 6031, DY, LIC=W96Y8-3PXRE-GNGA5-G406C-5RI7A-KIXDG
 
Tool Versions:
Toolchain:       MDK-ARM Professional  Version: 5.14.0.0
Toolchain Path:  D:\MDK5\Keil_v5\ARM\ARMCC\Bin
C Compiler:      Armcc.exe V5.05 update 1 (build 106)
Assembler:       Armasm.exe V5.05 update 1 (build 106)
Linker/Locator:  ArmLink.exe V5.05 update 1 (build 106)
Library Manager: ArmAr.exe V5.05 update 1 (build 106)
Hex Converter:   FromElf.exe V5.05 update 1 (build 106)
CPU DLL:         SARMCM3.DLL V5.14.0.0
Dialog DLL:      DARMSTM.DLL V1.65.0.0
Target DLL:      UL2CM3.DLL V1.155.0.0
Dialog DLL:      TARMSTM.DLL V1.64.0.0
 
<h2>Project:</h2>
C:\Users\D6031\Desktop\DAC\ÕýÏÒ²¨_°´¼ü_0618\RVMDK\LED.uvproj
Project File Date:  01/25/2013

<h2>Output:</h2>
Rebuild target 'CreativeST_VC'
compiling stm32f10x_it.c...
compiling main.c...
compiling delay.c...
compiling DAC.c...
compiling time.c...
compiling DMA.c...
compiling key.c...
compiling misc.c...
compiling stm32f10x_gpio.c...
compiling stm32f10x_rcc.c...
compiling stm32f10x_tim.c...
compiling stm32f10x_dac.c...
compiling stm32f10x_dma.c...
compiling stm32f10x_exti.c...
compiling stm32f10x_sdio.c...
compiling system_stm32f10x.c...
compiling core_cm3.c...
assembling startup_stm32f10x_hd.s...
linking...
Program Size: Code=2212 RO-data=336 RW-data=136 ZI-data=1024  
FromELF: creating hex file...
".\Obj\LED.axf" - 0 Error(s), 0 Warning(s).
</pre>
</body>
</html>
