Component: ARM Compiler 5.05 update 1 (build 106) Tool: armlink [4d0efa]

==============================================================================

Section Cross References

    startup_stm32f10x_hd.o(STACK) refers (Special) to heapauxi.o(.text) for __use_two_region_memory
    startup_stm32f10x_hd.o(HEAP) refers (Special) to heapauxi.o(.text) for __use_two_region_memory
    startup_stm32f10x_hd.o(RESET) refers (Special) to heapauxi.o(.text) for __use_two_region_memory
    startup_stm32f10x_hd.o(RESET) refers to startup_stm32f10x_hd.o(STACK) for __initial_sp
    startup_stm32f10x_hd.o(RESET) refers to startup_stm32f10x_hd.o(.text) for Reset_Handler
    startup_stm32f10x_hd.o(RESET) refers to usmart.o(i.TIM4_IRQHandler) for TIM4_IRQHandler
    startup_stm32f10x_hd.o(RESET) refers to usart.o(i.USART1_IRQHandler) for USART1_IRQHandler
    startup_stm32f10x_hd.o(.text) refers (Special) to heapauxi.o(.text) for __use_two_region_memory
    startup_stm32f10x_hd.o(.text) refers to __main.o(!!!main) for __main
    startup_stm32f10x_hd.o(.text) refers to startup_stm32f10x_hd.o(HEAP) for Heap_Mem
    startup_stm32f10x_hd.o(.text) refers to startup_stm32f10x_hd.o(STACK) for Stack_Mem
    test.o(i.Set_Sine12bit) refers to faddsub_clz.o(x$fpl$fadd) for __aeabi_fadd
    test.o(i.Set_Sine12bit) refers to f2d.o(x$fpl$f2d) for __aeabi_f2d
    test.o(i.Set_Sine12bit) refers to ddiv.o(x$fpl$ddiv) for __aeabi_ddiv
    test.o(i.Set_Sine12bit) refers to d2f.o(x$fpl$d2f) for __aeabi_d2f
    test.o(i.Set_Sine12bit) refers to drleqf.o(x$fpl$drleqf) for __aeabi_cdrcmple
    test.o(i.Set_Sine12bit) refers to fleqf.o(x$fpl$fleqf) for __aeabi_cfcmple
    test.o(i.Set_Sine12bit) refers to dflt_clz.o(x$fpl$dflt) for __aeabi_i2d
    test.o(i.Set_Sine12bit) refers to dmul.o(x$fpl$dmul) for __aeabi_dmul
    test.o(i.Set_Sine12bit) refers to faddsub_clz.o(x$fpl$fsub) for __aeabi_fsub
    test.o(i.Set_Sine12bit) refers to sin.o(i.sin) for sin
    test.o(i.Set_Sine12bit) refers to fmul.o(x$fpl$fmul) for __aeabi_fmul
    test.o(i.Set_Sine12bit) refers to dfixu.o(x$fpl$dfixu) for __aeabi_d2uiz
    test.o(i.Set_Sine12bit) refers to test.o(.bss) for DualSine12bit
    test.o(i.SineWave1_Init) refers to sinewave1.o(i.SineWave_GPIO_Config) for SineWave_GPIO_Config
    test.o(i.SineWave1_Init) refers to test.o(i.SineWave_TIM_Config) for SineWave_TIM_Config
    test.o(i.SineWave1_Init) refers to sinewave1.o(i.SineWave_DAC_Config) for SineWave_DAC_Config
    test.o(i.SineWave1_Init) refers to test.o(i.SineWave_DMA_Config) for SineWave_DMA_Config
    test.o(i.SineWave1_Init) refers to stm32f10x_tim.o(i.TIM_Cmd) for TIM_Cmd
    test.o(i.SineWave_DMA_Config) refers to stm32f10x_rcc.o(i.RCC_AHBPeriphClockCmd) for RCC_AHBPeriphClockCmd
    test.o(i.SineWave_DMA_Config) refers to stm32f10x_dma.o(i.DMA_DeInit) for DMA_DeInit
    test.o(i.SineWave_DMA_Config) refers to stm32f10x_dma.o(i.DMA_Init) for DMA_Init
    test.o(i.SineWave_DMA_Config) refers to stm32f10x_dma.o(i.DMA_Cmd) for DMA_Cmd
    test.o(i.SineWave_DMA_Config) refers to test.o(.bss) for DualSine12bit
    test.o(i.SineWave_TIM_Config) refers to stm32f10x_rcc.o(i.RCC_APB1PeriphClockCmd) for RCC_APB1PeriphClockCmd
    test.o(i.SineWave_TIM_Config) refers to stm32f10x_tim.o(i.TIM_TimeBaseStructInit) for TIM_TimeBaseStructInit
    test.o(i.SineWave_TIM_Config) refers to stm32f10x_tim.o(i.TIM_TimeBaseInit) for TIM_TimeBaseInit
    test.o(i.SineWave_TIM_Config) refers to stm32f10x_tim.o(i.TIM_SelectOutputTrigger) for TIM_SelectOutputTrigger
    test.o(i.USART_handler) refers to _scanf_int.o(.text) for _scanf_int
    test.o(i.USART_handler) refers to scanf1.o(x$fpl$scanf1) for _scanf_real
    test.o(i.USART_handler) refers to _printf_percent.o(.ARM.Collect$$_printf_percent$$00000000) for _printf_percent
    test.o(i.USART_handler) refers to _printf_d.o(.ARM.Collect$$_printf_percent$$00000009) for _printf_d
    test.o(i.USART_handler) refers to _printf_f.o(.ARM.Collect$$_printf_percent$$00000003) for _printf_f
    test.o(i.USART_handler) refers to _printf_dec.o(.text) for _printf_int_dec
    test.o(i.USART_handler) refers to printf1.o(x$fpl$printf1) for _printf_fp_dec
    test.o(i.USART_handler) refers to __0sscanf.o(.text) for __0sscanf
    test.o(i.USART_handler) refers to f2d.o(x$fpl$f2d) for __aeabi_f2d
    test.o(i.USART_handler) refers to noretval__2printf.o(.text) for __2printf
    test.o(i.USART_handler) refers to test.o(i.Set_Sine12bit) for Set_Sine12bit
    test.o(i.USART_handler) refers to test.o(i.SineWave1_Init) for SineWave1_Init
    test.o(i.USART_handler) refers to usart.o(.data) for USART_RX_STA
    test.o(i.USART_handler) refers to usart.o(.bss) for USART_RX_BUF
    test.o(i.main) refers to sys.o(i.Stm32_Clock_Init) for Stm32_Clock_Init
    test.o(i.main) refers to usart.o(i.uart_init) for uart_init
    test.o(i.main) refers to delay.o(i.delay_init) for delay_init
    test.o(i.main) refers to led.o(i.LED_Init) for LED_Init
    test.o(i.main) refers to key.o(i.KEY_Init) for KEY_Init
[...]
    i.__mathlib_dbl_overflow                 0x08007bd2   Section        0  dunder.o(i.__mathlib_dbl_overflow)
    i.__mathlib_dbl_underflow                0x08007be0   Section        0  dunder.o(i.__mathlib_dbl_underflow)
    i.__mathlib_narrow                       0x08007bf0   Section        0  narrow.o(i.__mathlib_narrow)
    i.__mathlib_tofloat                      0x08007c00   Section        0  narrow.o(i.__mathlib_tofloat)
    i.__support_ldexp                        0x08007c88   Section        0  ldexp.o(i.__support_ldexp)
    i._is_digit                              0x08007c9e   Section        0  __printf_wp.o(i._is_digit)
    i._sys_exit                              0x08007cac   Section        0  usart.o(i._sys_exit)
    i.delay_init                             0x08007cb4   Section        0  delay.o(i.delay_init)
    i.delay_ms                               0x08007cf4   Section        0  delay.o(i.delay_ms)
    i.delay_us                               0x08007d30   Section        0  delay.o(i.delay_us)
    i.fputc                                  0x08007d6c   Section        0  usart.o(i.fputc)
    i.frexp                                  0x08007d88   Section        0  frexp.o(i.frexp)
    i.ldexp                                  0x08007de0   Section        0  ldexp.o(i.ldexp)
    i.main                                   0x08007e54   Section        0  test.o(i.main)
    i.read_addr                              0x08008130   Section        0  usmart.o(i.read_addr)
    i.sin                                    0x08008138   Section        0  sin.o(i.sin)
    i.uart_init                              0x080081d8   Section        0  usart.o(i.uart_init)
    i.usmart_cmd_rec                         0x080082b4   Section        0  usmart.o(i.usmart_cmd_rec)
    i.usmart_exe                             0x08008364   Section        0  usmart.o(i.usmart_exe)
    i.usmart_get_aparm                       0x08008638   Section        0  usmart_str.o(i.usmart_get_aparm)
    i.usmart_get_cmdname                     0x0800870c   Section        0  usmart_str.o(i.usmart_get_cmdname)
    i.usmart_get_fname                       0x08008744   Section        0  usmart_str.o(i.usmart_get_fname)
    i.usmart_get_fparam                      0x08008904   Section        0  usmart_str.o(i.usmart_get_fparam)
    i.usmart_get_parmpos                     0x08008a10   Section        0  usmart_str.o(i.usmart_get_parmpos)
    i.usmart_get_runtime                     0x08008a30   Section        0  usmart.o(i.usmart_get_runtime)
    i.usmart_init                            0x08008a70   Section        0  usmart.o(i.usmart_init)
    i.usmart_pow                             0x08008a98   Section        0  usmart_str.o(i.usmart_pow)
    i.usmart_reset_runtime                   0x08008ab0   Section        0  usmart.o(i.usmart_reset_runtime)
    i.usmart_scan                            0x08008ae0   Section        0  usmart.o(i.usmart_scan)
    i.usmart_search_nextc                    0x08008b9c   Section        0  usmart_str.o(i.usmart_search_nextc)
    i.usmart_str2num                         0x08008bb2   Section        0  usmart_str.o(i.usmart_str2num)
    i.usmart_strcmp                          0x08008cb8   Section        0  usmart_str.o(i.usmart_strcmp)
    i.usmart_strcopy                         0x08008cda   Section        0  usmart_str.o(i.usmart_strcopy)
    i.usmart_strlen                          0x08008cf0   Section        0  usmart_str.o(i.usmart_strlen)
    i.usmart_sys_cmd_exe                     0x08008d08   Section        0  usmart.o(i.usmart_sys_cmd_exe)
    i.write_addr                             0x080093fc   Section        0  usmart.o(i.write_addr)
    locale$$code                             0x08009400   Section       44  lc_numeric_c.o(locale$$code)
    locale$$code                             0x0800942c   Section       44  lc_ctype_c.o(locale$$code)
    x$fpl$d2f                                0x08009458   Section       98  d2f.o(x$fpl$d2f)
    x$fpl$dadd                               0x080094bc   Section      336  daddsub_clz.o(x$fpl$dadd)
    _dadd1                                   0x080094cd   Thumb Code     0  daddsub_clz.o(x$fpl$dadd)
    x$fpl$dcheck1                            0x0800960c   Section       16  dcheck1.o(x$fpl$dcheck1)
    x$fpl$dcmpinf                            0x0800961c   Section       24  dcmpi.o(x$fpl$dcmpinf)
    x$fpl$ddiv                               0x08009634   Section      688  ddiv.o(x$fpl$ddiv)
    ddiv_entry                               0x0800963b   Thumb Code     0  ddiv.o(x$fpl$ddiv)
    x$fpl$deqf                               0x080098e4   Section      120  deqf.o(x$fpl$deqf)
    x$fpl$dfix                               0x0800995c   Section       94  dfix.o(x$fpl$dfix)
    x$fpl$dfixu                              0x080099bc   Section       90  dfixu.o(x$fpl$dfixu)
    x$fpl$dflt                               0x08009a16   Section       46  dflt_clz.o(x$fpl$dflt)
    x$fpl$dfltu                              0x08009a44   Section       38  dflt_clz.o(x$fpl$dfltu)
    x$fpl$dleqf                              0x08009a6c   Section      120  dleqf.o(x$fpl$dleqf)
    x$fpl$dmul                               0x08009ae4   Section      340  dmul.o(x$fpl$dmul)
    x$fpl$dnaninf                            0x08009c38   Section      156  dnaninf.o(x$fpl$dnaninf)
    x$fpl$dretinf                            0x08009cd4   Section       12  dretinf.o(x$fpl$dretinf)
    x$fpl$drleqf                             0x08009ce0   Section      108  drleqf.o(x$fpl$drleqf)
    x$fpl$drsb                               0x08009d4c   Section       22  daddsub_clz.o(x$fpl$drsb)
    x$fpl$dsub                               0x08009d64   Section      468  daddsub_clz.o(x$fpl$dsub)
    _dsub1                                   0x08009d75   Thumb Code     0  daddsub_clz.o(x$fpl$dsub)
    x$fpl$f2d                                0x08009f38   Section       86  f2d.o(x$fpl$f2d)
    x$fpl$fadd                               0x08009f90   Section      196  faddsub_clz.o(x$fpl$fadd)
    _fadd1                                   0x08009f9f   Thumb Code     0  faddsub_clz.o(x$fpl$fadd)
    x$fpl$fcmpinf                            0x0800a054   Section       24  fcmpi.o(x$fpl$fcmpinf)
    x$fpl$fdiv                               0x0800a06c   Section      388  fdiv.o(x$fpl$fdiv)
    _fdiv1                                   0x0800a06d   Thumb Code     0  fdiv.o(x$fpl$fdiv)
    x$fpl$ffixu                              0x0800a1f0   Section       62  ffixu.o(x$fpl$ffixu)
    x$fpl$ffltu                              0x0800a230   Section       38  fflt_clz.o(x$fpl$ffltu)
    x$fpl$fleqf                              0x0800a258   Section      104  fleqf.o(x$fpl$fleqf)
    x$fpl$fmul                               0x0800a2c0   Section      258  fmul.o(x$fpl$fmul)
    x$fpl$fnaninf                            0x0800a3c2   Section      140  fnaninf.o(x$fpl$fnaninf)
    x$fpl$fretinf                            0x0800a44e   Section       10  fretinf.o(x$fpl$fretinf)
    x$fpl$frsb                               0x0800a458   Section       20  faddsub_clz.o(x$fpl$frsb)
    x$fpl$fsub                               0x0800a46c   Section      234  faddsub_clz.o(x$fpl$fsub)
    _fsub1                                   0x0800a47b   Thumb Code     0  faddsub_clz.o(x$fpl$fsub)
    x$fpl$printf1                            0x0800a556   Section        4  printf1.o(x$fpl$printf1)
    x$fpl$retnan                             0x0800a55a   Section      100  retnan.o(x$fpl$retnan)
    x$fpl$scalbn                             0x0800a5be   Section       92  scalbn.o(x$fpl$scalbn)
    x$fpl$scanf1                             0x0800a61a   Section        4  scanf1.o(x$fpl$scanf1)
    x$fpl$scanf2                             0x0800a61e   Section        8  scanf2.o(x$fpl$scanf2)
    x$fpl$trapveneer                         0x0800a626   Section       48  trapv.o(x$fpl$trapveneer)
    .constdata                               0x0800a656   Section     6080  ili93xx.o(.constdata)
    x$fpl$usenofp                            0x0800a656   Section        0  usenofp.o(x$fpl$usenofp)
    .constdata                               0x0800be16   Section       40  _printf_hex_int.o(.constdata)
    uc_hextab                                0x0800be16   Data          20  _printf_hex_int.o(.constdata)
    lc_hextab                                0x0800be2a   Data          20  _printf_hex_int.o(.constdata)
    .constdata                               0x0800be3e   Section       17  __printf_flags_ss_wp.o(.constdata)
    maptable                                 0x0800be3e   Data          17  __printf_flags_ss_wp.o(.constdata)
    .constdata                               0x0800be50   Section       48  cos_i.o(.constdata)
    C                                        0x0800be50   Data          48  cos_i.o(.constdata)
    .constdata                               0x0800be80   Section      200  rred.o(.constdata)
    pio2s                                    0x0800be80   Data          48  rred.o(.constdata)
    twooverpi                                0x0800beb0   Data         152  rred.o(.constdata)
    .constdata                               0x0800bf48   Section       40  sin_i.o(.constdata)
    S                                        0x0800bf48   Data          40  sin_i.o(.constdata)
    .constdata                               0x0800bf70   Section      148  bigflt0.o(.constdata)
    tenpwrs_x                                0x0800bf70   Data          60  bigflt0.o(.constdata)
    tenpwrs_i                                0x0800bfac   Data          64  bigflt0.o(.constdata)
    .conststring                             0x0800c004   Section       40  usmart.o(.conststring)
    .conststring                             0x0800c02c   Section      135  usmart_config.o(.conststring)
    c$$dinf                                  0x0800c0d4   Section        8  fpconst.o(c$$dinf)
    locale$$data                             0x0800c0dc   Section       28  lc_numeric_c.o(locale$$data)
    __lcnum_c_name                           0x0800c0e0   Data           2  lc_numeric_c.o(locale$$data)
    __lcnum_c_start                          0x0800c0e8   Data           0  lc_numeric_c.o(locale$$data)
    __lcnum_c_point                          0x0800c0f4   Data           0  lc_numeric_c.o(locale$$data)
    __lcnum_c_thousands                      0x0800c0f6   Data           0  lc_numeric_c.o(locale$$data)
    __lcnum_c_grouping                       0x0800c0f7   Data           0  lc_numeric_c.o(locale$$data)
    locale$$data                             0x0800c0f8   Section      272  lc_ctype_c.o(locale$$data)
    __lcnum_c_end                            0x0800c0f8   Data           0  lc_numeric_c.o(locale$$data)
    __lcctype_c_name                         0x0800c0fc   Data           2  lc_ctype_c.o(locale$$data)
    __lcctype_c_start                        0x0800c104   Data           0  lc_ctype_c.o(locale$$data)
    __lcctype_c_end                          0x0800c208   Data           0  lc_ctype_c.o(locale$$data)
    .data                                    0x20000000   Section        8  test.o(.data)
    .data                                    0x20000008   Section        4  delay.o(.data)
    fac_us                                   0x20000008   Data           1  delay.o(.data)
    fac_ms                                   0x2000000a   Data           2  delay.o(.data)
    .data                                    0x2000000c   Section        6  usart.o(.data)
    .data                                    0x20000012   Section        4  ili93xx.o(.data)
    .data                                    0x20000018   Section       28  usmart.o(.data)
    .data                                    0x20000034   Section      284  usmart_config.o(.data)
    .bss                                     0x20000150   Section       64  test.o(.bss)
    .bss                                     0x20000190   Section      200  usart.o(.bss)
    .bss                                     0x20000258   Section       14  ili93xx.o(.bss)
    .bss                                     0x20000268   Section       96  libspace.o(.bss)
    HEAP                                     0x200002c8   Section        0  startup_stm32f10x_hd.o(HEAP)
    STACK                                    0x200002c8   Section     1024  startup_stm32f10x_hd.o(STACK)
    Heap_Mem                                 0x200002c8   Data           0  startup_stm32f10x_hd.o(HEAP)
    Stack_Mem                                0x200002c8   Data        1024  startup_stm32f10x_hd.o(STACK)
    __initial_sp                             0x200006c8   Data           0  startup_stm32f10x_hd.o(STACK)

    Global Symbols

    Symbol Name                              Value     Ov Type        Size  Object(Section)

    BuildAttributes$$THM_ISAv4$P$D$K$B$S$PE$A:L22UL41UL21$X:L11$S22US41US21$IEEE1$IW$USESV6$~STKCKD$USESV7$~SHL$OTIME$ROPI$IEEEX$EBA8$UX$STANDARDLIB$REQ8$PRES8$EABIv2 0x00000000   Number         0  anon$$obj.o ABSOLUTE
    __ARM_use_no_argv                        0x00000000   Number         0  test.o ABSOLUTE
    _printf_flags                            0x00000000   Number         0  printf_stubs.o ABSOLUTE
    _printf_return_value                     0x00000000   Number         0  printf_stubs.o ABSOLUTE
    _printf_sizespec                         0x00000000   Number         0  printf_stubs.o ABSOLUTE
    _printf_widthprec                        0x00000000   Number         0  printf_stubs.o ABSOLUTE
    __ARM_exceptions_init                     - Undefined Weak Reference
    __alloca_initialize                       - Undefined Weak Reference
    __arm_preinit_                            - Undefined Weak Reference
    __cpp_initialize__aeabi_                  - Undefined Weak Reference
    __cxa_finalize                            - Undefined Weak Reference
    __sigvec_lookup                           - Undefined Weak Reference
    _atexit_init                              - Undefined Weak Reference
    _call_atexit_fns                          - Undefined Weak Reference
    _clock_init                               - Undefined Weak Reference
    _fp_trap_init                             - Undefined Weak Reference
    _fp_trap_shutdown                         - Undefined Weak Reference
    _get_lc_collate                           - Undefined Weak Reference
    _get_lc_monetary                          - Undefined Weak Reference
    _get_lc_time                              - Undefined Weak Reference
    _getenv_init                              - Undefined Weak Reference
    _handle_redirection                       - Undefined Weak Reference
    _init_alloc                               - Undefined Weak Reference
    _init_user_alloc                          - Undefined Weak Reference
    _initio                                   - Undefined Weak Reference
    _mutex_acquire                            - Undefined Weak Reference
    _mutex_release                            - Undefined Weak Reference
    _printf_mbtowc                            - Undefined Weak Reference
    _printf_truncate_signed                   - Undefined Weak Reference
    _printf_truncate_unsigned                 - Undefined Weak Reference
    _rand_init                                - Undefined Weak Reference
    _scanf_longlong                           - Undefined Weak Reference
    _scanf_mbtowc                             - Undefined Weak Reference
    _scanf_string                             - Undefined Weak Reference
    _scanf_wctomb                             - Undefined Weak Reference
    _scanf_wstring                            - Undefined Weak Reference
    _signal_finish                            - Undefined Weak Reference
    _signal_init                              - Undefined Weak Reference
    _terminate_alloc                          - Undefined Weak Reference
    _terminate_user_alloc                     - Undefined Weak Reference
    _terminateio                              - Undefined Weak Reference
    __Vectors_Size                           0x00000130   Number         0  startup_stm32f10x_hd.o ABSOLUTE
    __Vectors                                0x08000000   Data           4  startup_stm32f10x_hd.o(RESET)
    __Vectors_End                            0x08000130   Data           0  startup_stm32f10x_hd.o(RESET)
    __main                                   0x08000131   Thumb Code     8  __main.o(!!!main)
    __scatterload                            0x08000139   Thumb Code     0  __scatter.o(!!!scatter)
    __scatterload_rt2                        0x08000139   Thumb Code    44  __scatter.o(!!!scatter)
    __scatterload_rt2_thumb_only             0x08000139   Thumb Code     0  __scatter.o(!!!scatter)
    __scatterload_null                       0x08000147   Thumb Code     0  __scatter.o(!!!scatter)
    __decompress                             0x0800016d   Thumb Code    90  __dczerorl2.o(!!dczerorl2)
    __decompress1                            0x0800016d   Thumb Code     0  __dczerorl2.o(!!dczerorl2)
    __scatterload_zeroinit                   0x080001c9   Thumb Code    28  __scatter_zi.o(!!handler_zi)
    _printf_f                                0x080001e5   Thumb Code     0  _printf_f.o(.ARM.Collect$$_printf_percent$$00000003)
    _printf_percent                          0x080001e5   Thumb Code     0  _printf_percent.o(.ARM.Collect$$_printf_percent$$00000000)
    _printf_d                                0x080001eb   Thumb Code     0  _printf_d.o(.ARM.Collect$$_printf_percent$$00000009)
    _printf_u                                0x080001f1   Thumb Code     0  _printf_u.o(.ARM.Collect$$_printf_percent$$0000000A)
    _printf_x                                0x080001f7   Thumb Code     0  _printf_x.o(.ARM.Collect$$_printf_percent$$0000000C)
    _printf_c                                0x080001fd   Thumb Code     0  _printf_c.o(.ARM.Collect$$_printf_percent$$00000013)
    _printf_s                                0x08000203   Thumb Code     0  _printf_s.o(.ARM.Collect$$_printf_percent$$00000014)
    _printf_percent_end                      0x08000209   Thumb Code     0  _printf_percent_end.o(.ARM.Collect$$_printf_percent$$00000017)
    __rt_lib_init                            0x0800020d   Thumb Code     0  libinit.o(.ARM.Collect$$libinit$$00000000)
    __rt_lib_init_fp_1                       0x0800020f   Thumb Code     0  libinit2.o(.ARM.Collect$$libinit$$00000002)
    __rt_lib_init_heap_1                     0x0800020f   Thumb Code     0  libinit2.o(.ARM.Collect$$libinit$$0000000A)
    __rt_lib_init_lc_common                  0x0800020f   Thumb Code     0  libinit2.o(.ARM.Collect$$libinit$$0000000F)
    __rt_lib_init_preinit_1                  0x0800020f   Thumb Code     0  libinit2.o(.ARM.Collect$$libinit$$00000004)
    __rt_lib_init_rand_1                     0x0800020f   Thumb Code     0  libinit2.o(.ARM.Collect$$libinit$$0000000E)
    __rt_lib_init_user_alloc_1               0x0800020f   Thumb Code     0  libinit2.o(.ARM.Collect$$libinit$$0000000C)
    __rt_lib_init_lc_collate_1               0x08000215   Thumb Code     0  libinit2.o(.ARM.Collect$$libinit$$00000011)
    __rt_lib_init_lc_ctype_2                 0x08000215   Thumb Code     0  libinit2.o(.ARM.Collect$$libinit$$00000012)
    __rt_lib_init_lc_ctype_1                 0x08000221   Thumb Code     0  libinit2.o(.ARM.Collect$$libinit$$00000013)
    __rt_lib_init_lc_monetary_1              0x08000221   Thumb Code     0  libinit2.o(.ARM.Collect$$libinit$$00000015)
    __rt_lib_init_lc_numeric_2               0x08000221   Thumb Code     0  libinit2.o(.ARM.Collect$$libinit$$00000016)
    __rt_lib_init_alloca_1                   0x0800022b   Thumb Code     0  libinit2.o(.ARM.Collect$$libinit$$0000002E)
    __rt_lib_init_argv_1                     0x0800022b   Thumb Code     0  libinit2.o(.ARM.Collect$$libinit$$0000002C)
    __rt_lib_init_atexit_1                   0x0800022b   Thumb Code     0  libinit2.o(.ARM.Collect$$libinit$$0000001B)
    __rt_lib_init_clock_1                    0x0800022b   Thumb Code     0  libinit2.o(.ARM.Collect$$libinit$$00000021)
    __rt_lib_init_cpp_1                      0x0800022b   Thumb Code     0  libinit2.o(.ARM.Collect$$libinit$$00000032)
    __rt_lib_init_exceptions_1               0x0800022b   Thumb Code     0  libinit2.o(.ARM.Collect$$libinit$$00000030)
    __rt_lib_init_fp_trap_1                  0x0800022b   Thumb Code     0  libinit2.o(.ARM.Collect$$libinit$$0000001F)
    __rt_lib_init_getenv_1                   0x0800022b   Thumb Code     0  libinit2.o(.ARM.Collect$$libinit$$00000023)
    __rt_lib_init_lc_numeric_1               0x0800022b   Thumb Code     0  libinit2.o(.ARM.Collect$$libinit$$00000017)
    __rt_lib_init_lc_time_1                  0x0800022b   Thumb Code     0  libinit2.o(.ARM.Collect$$libinit$$00000019)
    __rt_lib_init_return                     0x0800022b   Thumb Code     0  libinit2.o(.ARM.Collect$$libinit$$00000033)
    __rt_lib_init_signal_1                   0x0800022b   Thumb Code     0  libinit2.o(.ARM.Collect$$libinit$$0000001D)
    __rt_lib_init_stdio_1                    0x0800022b   Thumb Code     0  libinit2.o(.ARM.Collect$$libinit$$00000025)
    __rt_lib_shutdown                        0x0800022d   Thumb Code     0  libshutdown.o(.ARM.Collect$$libshutdown$$00000000)
    __rt_lib_shutdown_fp_trap_1              0x0800022f   Thumb Code     0  libshutdown2.o(.ARM.Collect$$libshutdown$$00000006)
    __rt_lib_shutdown_heap_1                 0x0800022f   Thumb Code     0  libshutdown2.o(.ARM.Collect$$libshutdown$$0000000E)
    __rt_lib_shutdown_return                 0x0800022f   Thumb Code     0  libshutdown2.o(.ARM.Collect$$libshutdown$$0000000F)
    __rt_lib_shutdown_signal_1               0x0800022f   Thumb Code     0  libshutdown2.o(.ARM.Collect$$libshutdown$$00000009)
    __rt_lib_shutdown_stdio_1                0x0800022f   Thumb Code     0  libshutdown2.o(.ARM.Collect$$libshutdown$$00000003)
    __rt_lib_shutdown_user_alloc_1           0x0800022f   Thumb Code     0  libshutdown2.o(.ARM.Collect$$libshutdown$$0000000B)
    __rt_entry                               0x08000231   Thumb Code     0  __rtentry.o(.ARM.Collect$$rtentry$$00000000)
    __rt_entry_presh_1                       0x08000231   Thumb Code     0  __rtentry2.o(.ARM.Collect$$rtentry$$00000002)
    __rt_entry_sh                            0x08000231   Thumb Code     0  __rtentry4.o(.ARM.Collect$$rtentry$$00000004)
    __rt_entry_li                            0x08000237   Thumb Code     0  __rtentry2.o(.ARM.Collect$$rtentry$$0000000A)
    __rt_entry_postsh_1                      0x08000237   Thumb Code     0  __rtentry2.o(.ARM.Collect$$rtentry$$00000009)
    __rt_entry_main                          0x0800023b   Thumb Code     0  __rtentry2.o(.ARM.Collect$$rtentry$$0000000D)
    __rt_entry_postli_1                      0x0800023b   Thumb Code     0  __rtentry2.o(.ARM.Collect$$rtentry$$0000000C)
    __rt_exit                                0x08000243   Thumb Code     0  rtexit.o(.ARM.Collect$$rtexit$$00000000)
    __rt_exit_ls                             0x08000245   Thumb Code     0  rtexit2.o(.ARM.Collect$$rtexit$$00000003)
    __rt_exit_prels_1                        0x08000245   Thumb Code     0  rtexit2.o(.ARM.Collect$$rtexit$$00000002)
    __rt_exit_exit                           0x08000249   Thumb Code     0  rtexit2.o(.ARM.Collect$$rtexit$$00000004)
    Reset_Handler                            0x08000251   Thumb Code     4  startup_stm32f10x_hd.o(.text)
    NMI_Handler                              0x08000255   Thumb Code     2  startup_stm32f10x_hd.o(.text)
    HardFault_Handler                        0x08000257   Thumb Code     2  startup_stm32f10x_hd.o(.text)
    MemManage_Handler                        0x08000259   Thumb Code     2  startup_stm32f10x_hd.o(.text)
    BusFault_Handler                         0x0800025b   Thumb Code     2  startup_stm32f10x_hd.o(.text)
    UsageFault_Handler                       0x0800025d   Thumb Code     2  startup_stm32f10x_hd.o(.text)
    SVC_Handler                              0x0800025f   Thumb Code     2  startup_stm32f10x_hd.o(.text)
    DebugMon_Handler                         0x08000261   Thumb Code     2  startup_stm32f10x_hd.o(.text)
    PendSV_Handler                           0x08000263   Thumb Code     2  startup_stm32f10x_hd.o(.text)
    SysTick_Handler                          0x08000265   Thumb Code     2  startup_stm32f10x_hd.o(.text)
    ADC1_2_IRQHandler                        0x08000267   Thumb Code     0  startup_stm32f10x_hd.o(.text)
    ADC3_IRQHandler                          0x08000267   Thumb Code     0  startup_stm32f10x_hd.o(.text)
    CAN1_RX1_IRQHandler                      0x08000267   Thumb Code     0  startup_stm32f10x_hd.o(.text)
    CAN1_SCE_IRQHandler                      0x08000267   Thumb Code     0  startup_stm32f10x_hd.o(.text)
    DMA1_Channel1_IRQHandler                 0x08000267   Thumb Code     0  startup_stm32f10x_hd.o(.text)
    DMA1_Channel2_IRQHandler                 0x08000267   Thumb Code     0  startup_stm32f10x_hd.o(.text)
    DMA1_Channel3_IRQHandler                 0x08000267   Thumb Code     0  startup_stm32f10x_hd.o(.text)
    DMA1_Channel4_IRQHandler                 0x08000267   Thumb Code     0  startup_stm32f10x_hd.o(.text)
    DMA1_Channel5_IRQHandler                 0x08000267   Thumb Code     0  startup_stm32f10x_hd.o(.text)
    DMA1_Channel6_IRQHandler                 0x08000267   Thumb Code     0  startup_stm32f10x_hd.o(.text)
    DMA1_Channel7_IRQHandler                 0x08000267   Thumb Code     0  startup_stm32f10x_hd.o(.text)
    DMA2_Channel1_IRQHandler                 0x08000267   Thumb Code     0  startup_stm32f10x_hd.o(.text)
    DMA2_Channel2_IRQHandler                 0x08000267   Thumb Code     0  startup_stm32f10x_hd.o(.text)
    DMA2_Channel3_IRQHandler                 0x08000267   Thumb Code     0  startup_stm32f10x_hd.o(.text)
    DMA2_Channel4_5_IRQHandler               0x08000267   Thumb Code     0  startup_stm32f10x_hd.o(.text)
    EXTI0_IRQHandler                         0x08000267   Thumb Code     0  startup_stm32f10x_hd.o(.text)
    EXTI15_10_IRQHandler                     0x08000267   Thumb Code     0  startup_stm32f10x_hd.o(.text)
    EXTI1_IRQHandler                         0x08000267   Thumb Code     0  startup_stm32f10x_hd.o(.text)
    EXTI2_IRQHandler                         0x08000267   Thumb Code     0  startup_stm32f10x_hd.o(.text)
    EXTI3_IRQHandler                         0x08000267   Thumb Code     0  startup_stm32f10x_hd.o(.text)
    EXTI4_IRQHandler                         0x08000267   Thumb Code     0  startup_stm32f10x_hd.o(.text)
    EXTI9_5_IRQHandler                       0x08000267   Thumb Code     0  startup_stm32f10x_hd.o(.text)
    FLASH_IRQHandler                         0x08000267   Thumb Code     0  startup_stm32f10x_hd.o(.text)
    FSMC_IRQHandler                          0x08000267   Thumb Code     0  startup_stm32f10x_hd.o(.text)
    I2C1_ER_IRQHandler                       0x08000267   Thumb Code     0  startup_stm32f10x_hd.o(.text)
    I2C1_EV_IRQHandler                       0x08000267   Thumb Code     0  startup_stm32f10x_hd.o(.text)
    I2C2_ER_IRQHandler                       0x08000267   Thumb Code     0  startup_stm32f10x_hd.o(.text)
    I2C2_EV_IRQHandler                       0x08000267   Thumb Code     0  startup_stm32f10x_hd.o(.text)
    PVD_IRQHandler                           0x08000267   Thumb Code     0  startup_stm32f10x_hd.o(.text)
    RCC_IRQHandler                           0x08000267   Thumb Code     0  startup_stm32f10x_hd.o(.text)
    RTCAlarm_IRQHandler                      0x08000267   Thumb Code     0  startup_stm32f10x_hd.o(.text)
    RTC_IRQHandler                           0x08000267   Thumb Code     0  startup_stm32f10x_hd.o(.text)
    SDIO_IRQHandler                          0x08000267   Thumb Code     0  startup_stm32f10x_hd.o(.text)
    SPI1_IRQHandler                          0x08000267   Thumb Code     0  startup_stm32f10x_hd.o(.text)
    SPI2_IRQHandler                          0x08000267   Thumb Code     0  startup_stm32f10x_hd.o(.text)
    SPI3_IRQHandler                          0x08000267   Thumb Code     0  startup_stm32f10x_hd.o(.text)
    TAMPER_IRQHandler                        0x08000267   Thumb Code     0  startup_stm32f10x_hd.o(.text)
    TIM1_BRK_IRQHandler                      0x08000267   Thumb Code     0  startup_stm32f10x_hd.o(.text)
    TIM1_CC_IRQHandler                       0x08000267   Thumb Code     0  startup_stm32f10x_hd.o(.text)
    TIM1_TRG_COM_IRQHandler                  0x08000267   Thumb Code     0  startup_stm32f10x_hd.o(.text)
    TIM1_UP_IRQHandler                       0x08000267   Thumb Code     0  startup_stm32f10x_hd.o(.text)
    TIM2_IRQHandler                          0x08000267   Thumb Code     0  startup_stm32f10x_hd.o(.text)
    TIM3_IRQHandler                          0x08000267   Thumb Code     0  startup_stm32f10x_hd.o(.text)
    TIM5_IRQHandler                          0x08000267   Thumb Code     0  startup_stm32f10x_hd.o(.text)
    TIM6_IRQHandler                          0x08000267   Thumb Code     0  startup_stm32f10x_hd.o(.text)
    TIM7_IRQHandler                          0x08000267   Thumb Code     0  startup_stm32f10x_hd.o(.text)
    TIM8_BRK_IRQHandler                      0x08000267   Thumb Code     0  startup_stm32f10x_hd.o(.text)
    TIM8_CC_IRQHandler                       0x08000267   Thumb Code     0  startup_stm32f10x_hd.o(.text)
    TIM8_TRG_COM_IRQHandler                  0x08000267   Thumb Code     0  startup_stm32f10x_hd.o(.text)
    TIM8_UP_IRQHandler                       0x08000267   Thumb Code     0  startup_stm32f10x_hd.o(.text)
    UART4_IRQHandler                         0x08000267   Thumb Code     0  startup_stm32f10x_hd.o(.text)
    UART5_IRQHandler                         0x08000267   Thumb Code     0  startup_stm32f10x_hd.o(.text)
    USART2_IRQHandler                        0x08000267   Thumb Code     0  startup_stm32f10x_hd.o(.text)
    USART3_IRQHandler                        0x08000267   Thumb Code     0  startup_stm32f10x_hd.o(.text)
    USBWakeUp_IRQHandler                     0x08000267   Thumb Code     0  startup_stm32f10x_hd.o(.text)
    USB_HP_CAN1_TX_IRQHandler                0x08000267   Thumb Code     0  startup_stm32f10x_hd.o(.text)
    USB_LP_CAN1_RX0_IRQHandler               0x08000267   Thumb Code     0  startup_stm32f10x_hd.o(.text)
    WWDG_IRQHandler                          0x08000267   Thumb Code     0  startup_stm32f10x_hd.o(.text)
    __user_initial_stackheap                 0x08000269   Thumb Code     0  startup_stm32f10x_hd.o(.text)
    __use_no_semihosting                     0x08000285   Thumb Code     2  use_no_semi_2.o(.text)
    __2printf                                0x08000289   Thumb Code    20  noretval__2printf.o(.text)
    _printf_pre_padding                      0x080002a1   Thumb Code    44  _printf_pad.o(.text)
    _printf_post_padding                     0x080002cd   Thumb Code    34  _printf_pad.o(.text)
    _printf_str                              0x080002ef   Thumb Code    82  _printf_str.o(.text)
    _printf_int_dec                          0x08000341   Thumb Code   104  _printf_dec.o(.text)
    _printf_int_hex                          0x080003b9   Thumb Code    84  _printf_hex_int.o(.text)
    _printf_longlong_hex                     0x080003b9   Thumb Code     0  _printf_hex_int.o(.text)
    __printf                                 0x08000411   Thumb Code   388  __printf_flags_ss_wp.o(.text)
    __0sscanf                                0x08000599   Thumb Code    52  __0sscanf.o(.text)
    _scanf_int                               0x080005d5   Thumb Code   332  _scanf_int.o(.text)
    __use_two_region_memory                  0x08000721   Thumb Code     2  heapauxi.o(.text)
    __rt_heap_escrow$2region                 0x08000723   Thumb Code     2  heapauxi.o(.text)
    __rt_heap_expand$2region                 0x08000725   Thumb Code     2  heapauxi.o(.text)
    __I$use$semihosting                      0x08000727   Thumb Code     0  use_no_semi.o(.text)
    __use_no_semihosting_swi                 0x08000727   Thumb Code     2  use_no_semi.o(.text)
    __read_errno                             0x08000729   Thumb Code    10  _rserrno.o(.text)
    __set_errno                              0x08000733   Thumb Code    12  _rserrno.o(.text)
    _printf_int_common                       0x0800073f   Thumb Code   178  _printf_intcommon.o(.text)
    __lib_sel_fp_printf                      0x080007f1   Thumb Code     2  _printf_fp_dec.o(.text)
    _printf_fp_dec_real                      0x0800099f   Thumb Code   620  _printf_fp_dec.o(.text)
    _printf_cs_common                        0x08000c0b   Thumb Code    20  _printf_char.o(.text)
    _printf_char                             0x08000c1f   Thumb Code    16  _printf_char.o(.text)
    _printf_string                           0x08000c2f   Thumb Code     8  _printf_char.o(.text)
    _printf_char_file                        0x08000c39   Thumb Code    32  _printf_char_file.o(.text)
    _chval                                   0x08000c5d   Thumb Code    28  _chval.o(.text)
    _scanf_really_real                       0x08000e75   Thumb Code   668  scanf_fp.o(.text)
    __vfscanf_char                           0x08001129   Thumb Code    24  scanf_char.o(.text)
    _sgetc                                   0x08001149   Thumb Code    30  _sgetc.o(.text)
    _sbackspace                              0x08001167   Thumb Code    34  _sgetc.o(.text)
    __rt_locale                              0x08001189   Thumb Code     8  rt_locale_intlibspace.o(.text)
    __aeabi_errno_addr                       0x08001191   Thumb Code     8  rt_errno_addr_intlibspace.o(.text)
    __errno$intlibspace                      0x08001191   Thumb Code     0  rt_errno_addr_intlibspace.o(.text)
    __rt_errno_addr$intlibspace              0x08001191   Thumb Code     0  rt_errno_addr_intlibspace.o(.text)
    _ll_udiv10                               0x08001199   Thumb Code   138  lludiv10.o(.text)
    isspace                                  0x08001223   Thumb Code    18  isspace.o(.text)
    _printf_char_common                      0x0800123f   Thumb Code    32  _printf_char_common.o(.text)
    _printf_fp_infnan                        0x08001265   Thumb Code   112  _printf_fp_infnan.o(.text)
    __vfscanf                                0x080012e5   Thumb Code   878  _scanf.o(.text)
    _btod_etento                             0x08001659   Thumb Code   216  bigflt0.o(.text)
    ferror                                   0x08001735   Thumb Code     8  ferror.o(.text)
    __user_libspace                          0x0800173d   Thumb Code     8  libspace.o(.text)
    __user_perproc_libspace                  0x0800173d   Thumb Code     0  libspace.o(.text)
    __user_perthread_libspace                0x0800173d   Thumb Code     0  libspace.o(.text)
    __user_setup_stackheap                   0x08001745   Thumb Code    74  sys_stackheap_outer.o(.text)
    __rt_ctype_table                         0x08001791   Thumb Code    16  rt_ctype_table.o(.text)
    _scanf_really_hex_real                   0x080017a1   Thumb Code   778  scanf_hexfp.o(.text)
    _scanf_really_infnan                     0x08001ab9   Thumb Code   292  scanf_infnan.o(.text)
    exit                                     0x08001bed   Thumb Code    12  exit.o(.text)
    strcmp                                   0x08001bf9   Thumb Code   128  strcmpv7m.o(.text)
    __aeabi_llsl                             0x08001c79   Thumb Code     0  llshl.o(.text)
    _ll_shift_l                              0x08001c79   Thumb Code    38  llshl.o(.text)
    _btod_d2e                                0x08001c9f   Thumb Code    62  btod.o(CL$$btod_d2e)
    _d2e_denorm_low                          0x08001cdd   Thumb Code    70  btod.o(CL$$btod_d2e_denorm_low)
    _d2e_norm_op1                            0x08001d23   Thumb Code    96  btod.o(CL$$btod_d2e_norm_op1)
    __btod_div_common                        0x08001d83   Thumb Code   696  btod.o(CL$$btod_div_common)
    _e2d                                     0x080020bd   Thumb Code    80  btod.o(CL$$btod_e2d)
    _e2e                                     0x08002111   Thumb Code   198  btod.o(CL$$btod_e2e)
    _btod_ediv                               0x080021d7   Thumb Code    40  btod.o(CL$$btod_ediv)
    _btod_edivd                              0x080021ff   Thumb Code    40  btod.o(CL$$btod_edivd)
    _btod_emul                               0x08002227   Thumb Code    40  btod.o(CL$$btod_emul)
    _btod_emuld                              0x0800224f   Thumb Code    40  btod.o(CL$$btod_emuld)
    __btod_mult_common                       0x08002277   Thumb Code   580  btod.o(CL$$btod_mult_common)
    Adc_Init                                 0x080024bd   Thumb Code   308  adc.o(i.Adc_Init)
    DAC_Cmd                                  0x08002601   Thumb Code    34  stm32f10x_dac.o(i.DAC_Cmd)
    DAC_DMACmd                               0x08002629   Thumb Code    38  stm32f10x_dac.o(i.DAC_DMACmd)
    DAC_Init                                 0x08002655   Thumb Code    46  stm32f10x_dac.o(i.DAC_Init)
    DAC_StructInit                           0x08002689   Thumb Code    12  stm32f10x_dac.o(i.DAC_StructInit)
    DMA_Cmd                                  0x08002695   Thumb Code    24  stm32f10x_dma.o(i.DMA_Cmd)
    DMA_DeInit                               0x080026ad   Thumb Code   324  stm32f10x_dma.o(i.DMA_DeInit)
    DMA_Init                                 0x080027f9   Thumb Code    60  stm32f10x_dma.o(i.DMA_Init)
    Dac1_Init                                0x08002835   Thumb Code   102  dac.o(i.Dac1_Init)
    Dac1_Set_Vol                             0x080028a9   Thumb Code    74  dac.o(i.Dac1_Set_Vol)
    GPIO_Init                                0x08002901   Thumb Code   278  stm32f10x_gpio.o(i.GPIO_Init)
    GPIO_SetBits                             0x08002a17   Thumb Code     4  stm32f10x_gpio.o(i.GPIO_SetBits)
    Get_Adc                                  0x08002a1d   Thumb Code    64  adc.o(i.Get_Adc)
    Get_Adc_Average                          0x08002a61   Thumb Code    46  adc.o(i.Get_Adc_Average)
    KEY_Init                                 0x08002a91   Thumb Code    86  key.o(i.KEY_Init)
    LCD_Clear                                0x08002afd   Thumb Code   100  ili93xx.o(i.LCD_Clear)
    LCD_Display_Dir                          0x08002b69   Thumb Code   444  ili93xx.o(i.LCD_Display_Dir)
    LCD_Fast_DrawPoint                       0x08002d29   Thumb Code   370  ili93xx.o(i.LCD_Fast_DrawPoint)
    LCD_Init                                 0x08002ea5   Thumb Code 14280  ili93xx.o(i.LCD_Init)
    LCD_Pow                                  0x08006675   Thumb Code    22  ili93xx.o(i.LCD_Pow)
    LCD_RD_DATA                              0x0800668d   Thumb Code    14  ili93xx.o(i.LCD_RD_DATA)
    LCD_ReadReg                              0x080066a1   Thumb Code    22  ili93xx.o(i.LCD_ReadReg)
    LCD_SSD_BackLightSet                     0x080066b9   Thumb Code    80  ili93xx.o(i.LCD_SSD_BackLightSet)
    LCD_Scan_Dir                             0x0800670d   Thumb Code   744  ili93xx.o(i.LCD_Scan_Dir)
    LCD_SetCursor                            0x080069f9   Thumb Code   418  ili93xx.o(i.LCD_SetCursor)
    LCD_ShowChar                             0x08006ba1   Thumb Code   272  ili93xx.o(i.LCD_ShowChar)
    LCD_ShowString                           0x08006cc9   Thumb Code   102  ili93xx.o(i.LCD_ShowString)
    LCD_ShowxNum                             0x08006d2f   Thumb Code   190  ili93xx.o(i.LCD_ShowxNum)
    LCD_WR_DATA                              0x08006ded   Thumb Code     6  ili93xx.o(i.LCD_WR_DATA)
    LCD_WR_REG                               0x08006df9   Thumb Code     6  ili93xx.o(i.LCD_WR_REG)
    LCD_WriteRAM_Prepare                     0x08006e05   Thumb Code    10  ili93xx.o(i.LCD_WriteRAM_Prepare)
    LCD_WriteReg                             0x08006e19   Thumb Code    10  ili93xx.o(i.LCD_WriteReg)
    LED_Init                                 0x08006e29   Thumb Code   100  led.o(i.LED_Init)
    MYRCC_DeInit                             0x08006e99   Thumb Code    90  sys.o(i.MYRCC_DeInit)
    MY_NVIC_Init                             0x08006f01   Thumb Code   116  sys.o(i.MY_NVIC_Init)
    MY_NVIC_PriorityGroupConfig              0x08006f79   Thumb Code    32  sys.o(i.MY_NVIC_PriorityGroupConfig)
    MY_NVIC_SetVectorTable                   0x08006fa1   Thumb Code    12  sys.o(i.MY_NVIC_SetVectorTable)
    RCC_AHBPeriphClockCmd                    0x08006fb5   Thumb Code    26  stm32f10x_rcc.o(i.RCC_AHBPeriphClockCmd)
    RCC_APB1PeriphClockCmd                   0x08006fd5   Thumb Code    26  stm32f10x_rcc.o(i.RCC_APB1PeriphClockCmd)
    RCC_APB2PeriphClockCmd                   0x08006ff5   Thumb Code    26  stm32f10x_rcc.o(i.RCC_APB2PeriphClockCmd)
    Set_Sine12bit                            0x08007015   Thumb Code   204  test.o(i.Set_Sine12bit)
    SineWave1_Init                           0x080070fd   Thumb Code    40  test.o(i.SineWave1_Init)
    SineWave_DAC_Config                      0x08007129   Thumb Code    54  sinewave1.o(i.SineWave_DAC_Config)
    SineWave_DMA_Config                      0x08007161   Thumb Code   124  test.o(i.SineWave_DMA_Config)
    SineWave_GPIO_Config                     0x080071e9   Thumb Code    46  sinewave1.o(i.SineWave_GPIO_Config)
    SineWave_TIM_Config                      0x0800721d   Thumb Code    54  test.o(i.SineWave_TIM_Config)
    Stm32_Clock_Init                         0x08007255   Thumb Code   134  sys.o(i.Stm32_Clock_Init)
    TIM4_IRQHandler                          0x080072e5   Thumb Code    50  usmart.o(i.TIM4_IRQHandler)
    TIM_Cmd                                  0x08007321   Thumb Code    24  stm32f10x_tim.o(i.TIM_Cmd)
    TIM_SelectOutputTrigger                  0x08007339   Thumb Code    18  stm32f10x_tim.o(i.TIM_SelectOutputTrigger)
    TIM_TimeBaseInit                         0x0800734d   Thumb Code   122  stm32f10x_tim.o(i.TIM_TimeBaseInit)
    TIM_TimeBaseStructInit                   0x080073f1   Thumb Code    18  stm32f10x_tim.o(i.TIM_TimeBaseStructInit)
    Timer4_Init                              0x08007405   Thumb Code    72  usmart.o(i.Timer4_Init)
    USART1_IRQHandler                        0x08007455   Thumb Code   118  usart.o(i.USART1_IRQHandler)
    USART_handler                            0x080074d9   Thumb Code   108  test.o(i.USART_handler)
    __ARM_fpclassify                         0x0800757d   Thumb Code    40  fpclassify.o(i.__ARM_fpclassify)
    __ieee754_rem_pio2                       0x080075a5   Thumb Code   828  rred.o(i.__ieee754_rem_pio2)
    __kernel_cos                             0x0800792d   Thumb Code   230  cos_i.o(i.__kernel_cos)
    __kernel_poly                            0x08007a29   Thumb Code   170  poly.o(i.__kernel_poly)
    __kernel_sin                             0x08007ad5   Thumb Code   224  sin_i.o(i.__kernel_sin)
    __mathlib_dbl_infnan                     0x08007bc1   Thumb Code     6  dunder.o(i.__mathlib_dbl_infnan)
    __mathlib_dbl_invalid                    0x08007bc7   Thumb Code    12  dunder.o(i.__mathlib_dbl_invalid)
    __mathlib_dbl_overflow                   0x08007bd3   Thumb Code    14  dunder.o(i.__mathlib_dbl_overflow)
    __mathlib_dbl_underflow                  0x08007be1   Thumb Code    10  dunder.o(i.__mathlib_dbl_underflow)
    __mathlib_narrow                         0x08007bf1   Thumb Code    16  narrow.o(i.__mathlib_narrow)
    __mathlib_tofloat                        0x08007c01   Thumb Code   132  narrow.o(i.__mathlib_tofloat)
    __support_ldexp                          0x08007c89   Thumb Code    22  ldexp.o(i.__support_ldexp)
    _is_digit                                0x08007c9f   Thumb Code    14  __printf_wp.o(i._is_digit)
    _sys_exit                                0x08007cad   Thumb Code     6  usart.o(i._sys_exit)
    delay_init                               0x08007cb5   Thumb Code    56  delay.o(i.delay_init)
    delay_ms                                 0x08007cf5   Thumb Code    56  delay.o(i.delay_ms)
    delay_us                                 0x08007d31   Thumb Code    56  delay.o(i.delay_us)
    fputc                                    0x08007d6d   Thumb Code    24  usart.o(i.fputc)
    frexp                                    0x08007d89   Thumb Code    80  frexp.o(i.frexp)
    ldexp                                    0x08007de1   Thumb Code   116  ldexp.o(i.ldexp)
    main                                     0x08007e55   Thumb Code   582  test.o(i.main)
    read_addr                                0x08008131   Thumb Code     6  usmart.o(i.read_addr)
    sin                                      0x08008139   Thumb Code   150  sin.o(i.sin)
    uart_init                                0x080081d9   Thumb Code   202  usart.o(i.uart_init)
    usmart_cmd_rec                           0x080082b5   Thumb Code   170  usmart.o(i.usmart_cmd_rec)
    usmart_exe                               0x08008365   Thumb Code   632  usmart.o(i.usmart_exe)
    usmart_get_aparm                         0x08008639   Thumb Code   212  usmart_str.o(i.usmart_get_aparm)
    usmart_get_cmdname                       0x0800870d   Thumb Code    54  usmart_str.o(i.usmart_get_cmdname)
    usmart_get_fname                         0x08008745   Thumb Code   440  usmart_str.o(i.usmart_get_fname)
    usmart_get_fparam                        0x08008905   Thumb Code   262  usmart_str.o(i.usmart_get_fparam)
    usmart_get_parmpos                       0x08008a11   Thumb Code    26  usmart_str.o(i.usmart_get_parmpos)
    usmart_get_runtime                       0x08008a31   Thumb Code    56  usmart.o(i.usmart_get_runtime)
    usmart_init                              0x08008a71   Thumb Code    36  usmart.o(i.usmart_init)
    usmart_pow                               0x08008a99   Thumb Code    22  usmart_str.o(i.usmart_pow)
    usmart_reset_runtime                     0x08008ab1   Thumb Code    38  usmart.o(i.usmart_reset_runtime)
    usmart_scan                              0x08008ae1   Thumb Code   120  usmart.o(i.usmart_scan)
    usmart_search_nextc                      0x08008b9d   Thumb Code    22  usmart_str.o(i.usmart_search_nextc)
    usmart_str2num                           0x08008bb3   Thumb Code   262  usmart_str.o(i.usmart_str2num)
    usmart_strcmp                            0x08008cb9   Thumb Code    34  usmart_str.o(i.usmart_strcmp)
    usmart_strcopy                           0x08008cdb   Thumb Code    22  usmart_str.o(i.usmart_strcopy)
    usmart_strlen                            0x08008cf1   Thumb Code    24  usmart_str.o(i.usmart_strlen)
    usmart_sys_cmd_exe                       0x08008d09   Thumb Code  1570  usmart.o(i.usmart_sys_cmd_exe)
    write_addr                               0x080093fd   Thumb Code     4  usmart.o(i.write_addr)
    _get_lc_numeric                          0x08009401   Thumb Code    44  lc_numeric_c.o(locale$$code)
    _get_lc_ctype                            0x0800942d   Thumb Code    44  lc_ctype_c.o(locale$$code)
    __aeabi_d2f                              0x08009459   Thumb Code     0  d2f.o(x$fpl$d2f)
    _d2f                                     0x08009459   Thumb Code    98  d2f.o(x$fpl$d2f)
    __aeabi_dadd                             0x080094bd   Thumb Code     0  daddsub_clz.o(x$fpl$dadd)
    _dadd                                    0x080094bd   Thumb Code   332  daddsub_clz.o(x$fpl$dadd)
    __fpl_dcheck_NaN1                        0x0800960d   Thumb Code    10  dcheck1.o(x$fpl$dcheck1)
    __fpl_dcmp_Inf                           0x0800961d   Thumb Code    24  dcmpi.o(x$fpl$dcmpinf)
    __aeabi_ddiv                             0x08009635   Thumb Code     0  ddiv.o(x$fpl$ddiv)
    _ddiv                                    0x08009635   Thumb Code   552  ddiv.o(x$fpl$ddiv)
    __aeabi_cdcmpeq                          0x080098e5   Thumb Code     0  deqf.o(x$fpl$deqf)
    _dcmpeq                                  0x080098e5   Thumb Code   120  deqf.o(x$fpl$deqf)
    __aeabi_d2iz                             0x0800995d   Thumb Code     0  dfix.o(x$fpl$dfix)
    _dfix                                    0x0800995d   Thumb Code    94  dfix.o(x$fpl$dfix)
    __aeabi_d2uiz                            0x080099bd   Thumb Code     0  dfixu.o(x$fpl$dfixu)
    _dfixu                                   0x080099bd   Thumb Code    90  dfixu.o(x$fpl$dfixu)
    __aeabi_i2d                              0x08009a17   Thumb Code     0  dflt_clz.o(x$fpl$dflt)
    _dflt                                    0x08009a17   Thumb Code    46  dflt_clz.o(x$fpl$dflt)
    __aeabi_ui2d                             0x08009a45   Thumb Code     0  dflt_clz.o(x$fpl$dfltu)
    _dfltu                                   0x08009a45   Thumb Code    38  dflt_clz.o(x$fpl$dfltu)
    __aeabi_cdcmple                          0x08009a6d   Thumb Code     0  dleqf.o(x$fpl$dleqf)
    _dcmple                                  0x08009a6d   Thumb Code   120  dleqf.o(x$fpl$dleqf)
    __fpl_dcmple_InfNaN                      0x08009acf   Thumb Code     0  dleqf.o(x$fpl$dleqf)
    __aeabi_dmul                             0x08009ae5   Thumb Code     0  dmul.o(x$fpl$dmul)
    _dmul                                    0x08009ae5   Thumb Code   332  dmul.o(x$fpl$dmul)
    __fpl_dnaninf                            0x08009c39   Thumb Code   156  dnaninf.o(x$fpl$dnaninf)
    __fpl_dretinf                            0x08009cd5   Thumb Code    12  dretinf.o(x$fpl$dretinf)
    __aeabi_cdrcmple                         0x08009ce1   Thumb Code     0  drleqf.o(x$fpl$drleqf)
    _drcmple                                 0x08009ce1   Thumb Code   108  drleqf.o(x$fpl$drleqf)
    __aeabi_drsub                            0x08009d4d   Thumb Code     0  daddsub_clz.o(x$fpl$drsb)
    _drsb                                    0x08009d4d   Thumb Code    22  daddsub_clz.o(x$fpl$drsb)
    __aeabi_dsub                             0x08009d65   Thumb Code     0  daddsub_clz.o(x$fpl$dsub)
    _dsub                                    0x08009d65   Thumb Code   464  daddsub_clz.o(x$fpl$dsub)
    __aeabi_f2d                              0x08009f39   Thumb Code     0  f2d.o(x$fpl$f2d)
    _f2d                                     0x08009f39   Thumb Code    86  f2d.o(x$fpl$f2d)
    __aeabi_fadd                             0x08009f91   Thumb Code     0  faddsub_clz.o(x$fpl$fadd)
    _fadd                                    0x08009f91   Thumb Code   196  faddsub_clz.o(x$fpl$fadd)
    __fpl_fcmp_Inf                           0x0800a055   Thumb Code    24  fcmpi.o(x$fpl$fcmpinf)
    __aeabi_fdiv                             0x0800a06d   Thumb Code     0  fdiv.o(x$fpl$fdiv)
    _fdiv                                    0x0800a06d   Thumb Code   384  fdiv.o(x$fpl$fdiv)
    __aeabi_f2uiz                            0x0800a1f1   Thumb Code     0  ffixu.o(x$fpl$ffixu)
    _ffixu                                   0x0800a1f1   Thumb Code    62  ffixu.o(x$fpl$ffixu)
    __aeabi_ui2f                             0x0800a231   Thumb Code     0  fflt_clz.o(x$fpl$ffltu)
    _ffltu                                   0x0800a231   Thumb Code    38  fflt_clz.o(x$fpl$ffltu)
    __aeabi_cfcmple                          0x0800a259   Thumb Code     0  fleqf.o(x$fpl$fleqf)
    _fcmple                                  0x0800a259   Thumb Code   104  fleqf.o(x$fpl$fleqf)
    __fpl_fcmple_InfNaN                      0x0800a2ab   Thumb Code     0  fleqf.o(x$fpl$fleqf)
    __aeabi_fmul                             0x0800a2c1   Thumb Code     0  fmul.o(x$fpl$fmul)
    _fmul                                    0x0800a2c1   Thumb Code   258  fmul.o(x$fpl$fmul)
    __fpl_fnaninf                            0x0800a3c3   Thumb Code   140  fnaninf.o(x$fpl$fnaninf)
    __fpl_fretinf                            0x0800a44f   Thumb Code    10  fretinf.o(x$fpl$fretinf)
    __aeabi_frsub                            0x0800a459   Thumb Code     0  faddsub_clz.o(x$fpl$frsb)
    _frsb                                    0x0800a459   Thumb Code    20  faddsub_clz.o(x$fpl$frsb)
    __aeabi_fsub                             0x0800a46d   Thumb Code     0  faddsub_clz.o(x$fpl$fsub)
    _fsub                                    0x0800a46d   Thumb Code   234  faddsub_clz.o(x$fpl$fsub)
    _printf_fp_dec                           0x0800a557   Thumb Code     4  printf1.o(x$fpl$printf1)
    __fpl_return_NaN                         0x0800a55b   Thumb Code   100  retnan.o(x$fpl$retnan)
    __ARM_scalbn                             0x0800a5bf   Thumb Code    92  scalbn.o(x$fpl$scalbn)
    _scanf_real                              0x0800a61b   Thumb Code     4  scanf1.o(x$fpl$scanf1)
    _scanf_hex_real                          0x0800a61f   Thumb Code     4  scanf2.o(x$fpl$scanf2)
    _scanf_infnan                            0x0800a623   Thumb Code     4  scanf2.o(x$fpl$scanf2)
    __fpl_cmpreturn                          0x0800a627   Thumb Code    48  trapv.o(x$fpl$trapveneer)
    __I$use$fp                               0x0800a656   Number         0  usenofp.o(x$fpl$usenofp)
    asc2_1206                                0x0800a656   Data        1140  ili93xx.o(.constdata)
    asc2_1608                                0x0800aaca   Data        1520  ili93xx.o(.constdata)
    asc2_2412                                0x0800b0ba   Data        3420  ili93xx.o(.constdata)
    Region$$Table$$Base                      0x0800c0b4   Number         0  anon$$obj.o(Region$$Table)
    Region$$Table$$Limit                     0x0800c0d4   Number         0  anon$$obj.o(Region$$Table)
    __aeabi_HUGE_VAL                         0x0800c0d4   Data           0  fpconst.o(c$$dinf)
    __aeabi_HUGE_VALL                        0x0800c0d4   Data           0  fpconst.o(c$$dinf)
    __aeabi_INFINITY                         0x0800c0d4   Data           0  fpconst.o(c$$dinf)
    __dInf                                   0x0800c0d4   Data           0  fpconst.o(c$$dinf)
    __huge_val                               0x0800c0d4   Data           0  fpconst.o(c$$dinf)
    __ctype                                  0x0800c105   Data           0  lc_ctype_c.o(locale$$data)
    V                                        0x20000000   Data           4  test.o(.data)
    radian                                   0x20000004   Data           4  test.o(.data)
    __stdout                                 0x2000000c   Data           4  usart.o(.data)
    USART_RX_STA                             0x20000010   Data           2  usart.o(.data)
    POINT_COLOR                              0x20000012   Data           2  ili93xx.o(.data)
    BACK_COLOR                               0x20000014   Data           2  ili93xx.o(.data)
    sys_cmd_tab                              0x20000018   Data          28  usmart.o(.data)
    usmart_nametab                           0x20000034   Data          40  usmart_config.o(.data)
    usmart_dev                               0x2000005c   Data         244  usmart_config.o(.data)
    DualSine12bit                            0x20000150   Data          64  test.o(.bss)
    USART_RX_BUF                             0x20000190   Data         200  usart.o(.bss)
    lcddev                                   0x20000258   Data          14  ili93xx.o(.bss)
    __libspace_start                         0x20000268   Data          96  libspace.o(.bss)
    __temporary_stack_top$libspace           0x200002c8   Data           0  libspace.o(.bss)



==============================================================================

Memory Map of the image

  Image Entry point : 0x08000131

  Load Region LR_IROM1 (Base: 0x08000000, Size: 0x0000c358, Max: 0x00080000, ABSOLUTE, COMPRESSED[0x0000c260])

    Execution Region ER_IROM1 (Base: 0x08000000, Size: 0x0000c208, Max: 0x00080000, ABSOLUTE)

    Base Addr    Size         Type   Attr      Idx    E Section Name        Object

    0x08000000   0x00000130   Data   RO            3    RESET               startup_stm32f10x_hd.o
    0x08000130   0x00000008   Code   RO         1905  * !!!main             c_w.l(__main.o)
    0x08000138   0x00000034   Code   RO         2306    !!!scatter          c_w.l(__scatter.o)
    0x0800016c   0x0000005a   Code   RO         2304    !!dczerorl2         c_w.l(__dczerorl2.o)
    0x080001c6   0x00000002   PAD
    0x080001c8   0x0000001c   Code   RO         2308    !!handler_zi        c_w.l(__scatter_zi.o)
    0x080001e4   0x00000000   Code   RO         1898    .ARM.Collect$$_printf_percent$$00000000  c_w.l(_printf_percent.o)
    0x080001e4   0x00000006   Code   RO         1897    .ARM.Collect$$_printf_percent$$00000003  c_w.l(_printf_f.o)
    0x080001ea   0x00000006   Code   RO         1895    .ARM.Collect$$_printf_percent$$00000009  c_w.l(_printf_d.o)
    0x080001f0   0x00000006   Code   RO         1896    .ARM.Collect$$_printf_percent$$0000000A  c_w.l(_printf_u.o)
    0x080001f6   0x00000006   Code   RO         1894    .ARM.Collect$$_printf_percent$$0000000C  c_w.l(_printf_x.o)
    0x080001fc   0x00000006   Code   RO         1892    .ARM.Collect$$_printf_percent$$00000013  c_w.l(_printf_c.o)
    0x08000202   0x00000006   Code   RO         1893    .ARM.Collect$$_printf_percent$$00000014  c_w.l(_printf_s.o)
    0x08000208   0x00000004   Code   RO         1988    .ARM.Collect$$_printf_percent$$00000017  c_w.l(_printf_percent_end.o)
    0x0800020c   0x00000002   Code   RO         2152    .ARM.Collect$$libinit$$00000000  c_w.l(libinit.o)
    0x0800020e   0x00000000   Code   RO         2154    .ARM.Collect$$libinit$$00000002  c_w.l(libinit2.o)
    0x0800020e   0x00000000   Code   RO         2156    .ARM.Collect$$libinit$$00000004  c_w.l(libinit2.o)
    0x0800020e   0x00000000   Code   RO         2159    .ARM.Collect$$libinit$$0000000A  c_w.l(libinit2.o)
    0x0800020e   0x00000000   Code   RO         2161    .ARM.Collect$$libinit$$0000000C  c_w.l(libinit2.o)
    0x0800020e   0x00000000   Code   RO         2163    .ARM.Collect$$libinit$$0000000E  c_w.l(libinit2.o)
    0x0800020e   0x00000006   Code   RO         2164    .ARM.Collect$$libinit$$0000000F  c_w.l(libinit2.o)
    0x08000214   0x00000000   Code   RO         2166    .ARM.Collect$$libinit$$00000011  c_w.l(libinit2.o)
    0x08000214   0x0000000c   Code   RO         2167    .ARM.Collect$$libinit$$00000012  c_w.l(libinit2.o)
    0x08000220   0x00000000   Code   RO         2168    .ARM.Collect$$libinit$$00000013  c_w.l(libinit2.o)
    0x08000220   0x00000000   Code   RO         2170    .ARM.Collect$$libinit$$00000015  c_w.l(libinit2.o)
    0x08000220   0x0000000a   Code   RO         2171    .ARM.Collect$$libinit$$00000016  c_w.l(libinit2.o)
    0x0800022a   0x00000000   Code   RO         2172    .ARM.Collect$$libinit$$00000017  c_w.l(libinit2.o)
    0x0800022a   0x00000000   Code   RO         2174    .ARM.Collect$$libinit$$00000019  c_w.l(libinit2.o)
    0x0800022a   0x00000000   Code   RO         2176    .ARM.Collect$$libinit$$0000001B  c_w.l(libinit2.o)
    0x0800022a   0x00000000   Code   RO         2178    .ARM.Collect$$libinit$$0000001D  c_w.l(libinit2.o)
    0x0800022a   0x00000000   Code   RO         2180    .ARM.Collect$$libinit$$0000001F  c_w.l(libinit2.o)
    0x0800022a   0x00000000   Code   RO         2182    .ARM.Collect$$libinit$$00000021  c_w.l(libinit2.o)
    0x0800022a   0x00000000   Code   RO         2184    .ARM.Collect$$libinit$$00000023  c_w.l(libinit2.o)
    0x0800022a   0x00000000   Code   RO         2186    .ARM.Collect$$libinit$$00000025  c_w.l(libinit2.o)
    0x0800022a   0x00000000   Code   RO         2190    .ARM.Collect$$libinit$$0000002C  c_w.l(libinit2.o)
    0x0800022a   0x00000000   Code   RO         2192    .ARM.Collect$$libinit$$0000002E  c_w.l(libinit2.o)
    0x0800022a   0x00000000   Code   RO         2194    .ARM.Collect$$libinit$$00000030  c_w.l(libinit2.o)
    0x0800022a   0x00000000   Code   RO         2196    .ARM.Collect$$libinit$$00000032  c_w.l(libinit2.o)
    0x0800022a   0x00000002   Code   RO         2197    .ARM.Collect$$libinit$$00000033  c_w.l(libinit2.o)
    0x0800022c   0x00000002   Code   RO         2255    .ARM.Collect$$libshutdown$$00000000  c_w.l(libshutdown.o)
    0x0800022e   0x00000000   Code   RO         2265    .ARM.Collect$$libshutdown$$00000003  c_w.l(libshutdown2.o)
    0x0800022e   0x00000000   Code   RO         2268    .ARM.Collect$$libshutdown$$00000006  c_w.l(libshutdown2.o)
    0x0800022e   0x00000000   Code   RO         2271    .ARM.Collect$$libshutdown$$00000009  c_w.l(libshutdown2.o)
    0x0800022e   0x00000000   Code   RO         2273    .ARM.Collect$$libshutdown$$0000000B  c_w.l(libshutdown2.o)
    0x0800022e   0x00000000   Code   RO         2276    .ARM.Collect$$libshutdown$$0000000E  c_w.l(libshutdown2.o)
    0x0800022e   0x00000002   Code   RO         2277    .ARM.Collect$$libshutdown$$0000000F  c_w.l(libshutdown2.o)
    0x08000230   0x00000000   Code   RO         1977    .ARM.Collect$$rtentry$$00000000  c_w.l(__rtentry.o)
    0x08000230   0x00000000   Code   RO         2039    .ARM.Collect$$rtentry$$00000002  c_w.l(__rtentry2.o)
    0x08000230   0x00000006   Code   RO         2051    .ARM.Collect$$rtentry$$00000004  c_w.l(__rtentry4.o)
    0x08000236   0x00000000   Code   RO         2041    .ARM.Collect$$rtentry$$00000009  c_w.l(__rtentry2.o)
    0x08000236   0x00000004   Code   RO         2042    .ARM.Collect$$rtentry$$0000000A  c_w.l(__rtentry2.o)
    0x0800023a   0x00000000   Code   RO         2044    .ARM.Collect$$rtentry$$0000000C  c_w.l(__rtentry2.o)
    0x0800023a   0x00000008   Code   RO         2045    .ARM.Collect$$rtentry$$0000000D  c_w.l(__rtentry2.o)
    0x08000242   0x00000002   Code   RO         2206    .ARM.Collect$$rtexit$$00000000  c_w.l(rtexit.o)
    0x08000244   0x00000000   Code   RO         2232    .ARM.Collect$$rtexit$$00000002  c_w.l(rtexit2.o)
    0x08000244   0x00000004   Code   RO         2233    .ARM.Collect$$rtexit$$00000003  c_w.l(rtexit2.o)
    0x08000248   0x00000006   Code   RO         2234    .ARM.Collect$$rtexit$$00000004  c_w.l(rtexit2.o)
    0x0800024e   0x00000002   PAD
    0x08000250   0x00000034   Code   RO            4    .text               startup_stm32f10x_hd.o
    0x08000284   0x00000002   Code   RO         1837    .text               c_w.l(use_no_semi_2.o)
    0x08000286   0x00000002   PAD
    0x08000288   0x00000018   Code   RO         1841    .text               c_w.l(noretval__2printf.o)
    0x080002a0   0x0000004e   Code   RO         1845    .text               c_w.l(_printf_pad.o)
    0x080002ee   0x00000052   Code   RO         1847    .text               c_w.l(_printf_str.o)
    0x08000340   0x00000078   Code   RO         1849    .text               c_w.l(_printf_dec.o)
    0x080003b8   0x00000058   Code   RO         1854    .text               c_w.l(_printf_hex_int.o)
    0x08000410   0x00000188   Code   RO         1889    .text               c_w.l(__printf_flags_ss_wp.o)
    0x08000598   0x0000003c   Code   RO         1899    .text               c_w.l(__0sscanf.o)
    0x080005d4   0x0000014c   Code   RO         1901    .text               c_w.l(_scanf_int.o)
    0x08000720   0x00000006   Code   RO         1903    .text               c_w.l(heapauxi.o)
    0x08000726   0x00000002   Code   RO         1975    .text               c_w.l(use_no_semi.o)
    0x08000728   0x00000016   Code   RO         1978    .text               c_w.l(_rserrno.o)
    0x0800073e   0x000000b2   Code   RO         1980    .text               c_w.l(_printf_intcommon.o)
    0x080007f0   0x0000041a   Code   RO         1982    .text               c_w.l(_printf_fp_dec.o)
    0x08000c0a   0x0000002c   Code   RO         1984    .text               c_w.l(_printf_char.o)
    0x08000c36   0x00000002   PAD
    0x08000c38   0x00000024   Code   RO         1986    .text               c_w.l(_printf_char_file.o)
    0x08000c5c   0x0000001c   Code   RO         1989    .text               c_w.l(_chval.o)
    0x08000c78   0x000004a4   Code   RO         1991    .text               c_w.l(scanf_fp.o)
    0x0800111c   0x0000002c   Code   RO         1993    .text               c_w.l(scanf_char.o)
    0x08001148   0x00000040   Code   RO         1995    .text               c_w.l(_sgetc.o)
    0x08001188   0x00000008   Code   RO         2056    .text               c_w.l(rt_locale_intlibspace.o)
    0x08001190   0x00000008   Code   RO         2061    .text               c_w.l(rt_errno_addr_intlibspace.o)
    0x08001198   0x0000008a   Code   RO         2063    .text               c_w.l(lludiv10.o)
    0x08001222   0x00000012   Code   RO         2065    .text               c_w.l(isspace.o)
    0x08001234   0x00000030   Code   RO         2067    .text               c_w.l(_printf_char_common.o)
    0x08001264   0x00000080   Code   RO         2069    .text               c_w.l(_printf_fp_infnan.o)
    0x080012e4   0x00000374   Code   RO         2071    .text               c_w.l(_scanf.o)
    0x08001658   0x000000dc   Code   RO         2073    .text               c_w.l(bigflt0.o)
    0x08001734   0x00000008   Code   RO         2098    .text               c_w.l(ferror.o)
    0x0800173c   0x00000008   Code   RO         2130    .text               c_w.l(libspace.o)
    0x08001744   0x0000004a   Code   RO         2133    .text               c_w.l(sys_stackheap_outer.o)
    0x0800178e   0x00000002   PAD
    0x08001790   0x00000010   Code   RO         2135    .text               c_w.l(rt_ctype_table.o)
    0x080017a0   0x00000318   Code   RO         2139    .text               c_w.l(scanf_hexfp.o)
    0x08001ab8   0x00000134   Code   RO         2141    .text               c_w.l(scanf_infnan.o)
    0x08001bec   0x0000000c   Code   RO         2143    .text               c_w.l(exit.o)
    0x08001bf8   0x00000080   Code   RO         2145    .text               c_w.l(strcmpv7m.o)
    0x08001c78   0x00000026   Code   RO         2208    .text               c_w.l(llshl.o)
    0x08001c9e   0x0000003e   Code   RO         2076    CL$$btod_d2e        c_w.l(btod.o)
    0x08001cdc   0x00000046   Code   RO         2078    CL$$btod_d2e_denorm_low  c_w.l(btod.o)
    0x08001d22   0x00000060   Code   RO         2077    CL$$btod_d2e_norm_op1  c_w.l(btod.o)
    0x08001d82   0x00000338   Code   RO         2086    CL$$btod_div_common  c_w.l(btod.o)
    0x080020ba   0x00000002   PAD
    0x080020bc   0x00000054   Code   RO         2084    CL$$btod_e2d        c_w.l(btod.o)
    0x08002110   0x000000c6   Code   RO         2083    CL$$btod_e2e        c_w.l(btod.o)
    0x080021d6   0x00000028   Code   RO         2080    CL$$btod_ediv       c_w.l(btod.o)
    0x080021fe   0x00000028   Code   RO         2082    CL$$btod_edivd      c_w.l(btod.o)
    0x08002226   0x00000028   Code   RO         2079    CL$$btod_emul       c_w.l(btod.o)
    0x0800224e   0x00000028   Code   RO         2081    CL$$btod_emuld      c_w.l(btod.o)
    0x08002276   0x00000244   Code   RO         2085    CL$$btod_mult_common  c_w.l(btod.o)
    0x080024ba   0x00000002   PAD
    0x080024bc   0x00000144   Code   RO          563    i.Adc_Init          adc.o
    0x08002600   0x00000028   Code   RO          823    i.DAC_Cmd           stm32f10x_dac.o
    0x08002628   0x0000002c   Code   RO          824    i.DAC_DMACmd        stm32f10x_dac.o
    0x08002654   0x00000034   Code   RO          828    i.DAC_Init          stm32f10x_dac.o
    0x08002688   0x0000000c   Code   RO          833    i.DAC_StructInit    stm32f10x_dac.o
    0x08002694   0x00000018   Code   RO          903    i.DMA_Cmd           stm32f10x_dma.o
    0x080026ac   0x0000014c   Code   RO          904    i.DMA_DeInit        stm32f10x_dma.o
    0x080027f8   0x0000003c   Code   RO          909    i.DMA_Init          stm32f10x_dma.o
    0x08002834   0x00000074   Code   RO          623    i.Dac1_Init         dac.o
    0x080028a8   0x00000058   Code   RO          624    i.Dac1_Set_Vol      dac.o
    0x08002900   0x00000116   Code   RO         1727    i.GPIO_Init         stm32f10x_gpio.o
    0x08002a16   0x00000004   Code   RO         1735    i.GPIO_SetBits      stm32f10x_gpio.o
    0x08002a1a   0x00000002   PAD
    0x08002a1c   0x00000044   Code   RO          564    i.Get_Adc           adc.o
    0x08002a60   0x0000002e   Code   RO          566    i.Get_Adc_Average   adc.o
    0x08002a8e   0x00000002   PAD
    0x08002a90   0x0000006c   Code   RO          604    i.KEY_Init          key.o
    0x08002afc   0x0000006c   Code   RO          353    i.LCD_Clear         ili93xx.o
    0x08002b68   0x000001c0   Code   RO          357    i.LCD_Display_Dir   ili93xx.o
    0x08002d28   0x0000017c   Code   RO          362    i.LCD_Fast_DrawPoint  ili93xx.o
    0x08002ea4   0x000037d0   Code   RO          364    i.LCD_Init          ili93xx.o
    0x08006674   0x00000016   Code   RO          365    i.LCD_Pow           ili93xx.o
    0x0800668a   0x00000002   PAD
    0x0800668c   0x00000014   Code   RO          366    i.LCD_RD_DATA       ili93xx.o
    0x080066a0   0x00000016   Code   RO          368    i.LCD_ReadReg       ili93xx.o
    0x080066b6   0x00000002   PAD
    0x080066b8   0x00000054   Code   RO          369    i.LCD_SSD_BackLightSet  ili93xx.o
    0x0800670c   0x000002ec   Code   RO          370    i.LCD_Scan_Dir      ili93xx.o
    0x080069f8   0x000001a8   Code   RO          371    i.LCD_SetCursor     ili93xx.o
    0x08006ba0   0x00000128   Code   RO          373    i.LCD_ShowChar      ili93xx.o
    0x08006cc8   0x00000066   Code   RO          375    i.LCD_ShowString    ili93xx.o
    0x08006d2e   0x000000be   Code   RO          376    i.LCD_ShowxNum      ili93xx.o
    0x08006dec   0x0000000c   Code   RO          377    i.LCD_WR_DATA       ili93xx.o
    0x08006df8   0x0000000c   Code   RO          378    i.LCD_WR_REG        ili93xx.o
    0x08006e04   0x00000014   Code   RO          380    i.LCD_WriteRAM_Prepare  ili93xx.o
    0x08006e18   0x00000010   Code   RO          381    i.LCD_WriteReg      ili93xx.o
    0x08006e28   0x00000070   Code   RO          340    i.LED_Init          led.o
    0x08006e98   0x00000068   Code   RO          222    i.MYRCC_DeInit      sys.o
    0x08006f00   0x00000078   Code   RO          223    i.MY_NVIC_Init      sys.o
    0x08006f78   0x00000028   Code   RO          224    i.MY_NVIC_PriorityGroupConfig  sys.o
    0x08006fa0   0x00000014   Code   RO          225    i.MY_NVIC_SetVectorTable  sys.o
    0x08006fb4   0x00000020   Code   RO         1522    i.RCC_AHBPeriphClockCmd  stm32f10x_rcc.o
    0x08006fd4   0x00000020   Code   RO         1523    i.RCC_APB1PeriphClockCmd  stm32f10x_rcc.o
    0x08006ff4   0x00000020   Code   RO         1525    i.RCC_APB2PeriphClockCmd  stm32f10x_rcc.o
    0x08007014   0x000000e8   Code   RO           10    i.Set_Sine12bit     test.o
    0x080070fc   0x0000002c   Code   RO           11    i.SineWave1_Init    test.o
    0x08007128   0x00000036   Code   RO          802    i.SineWave_DAC_Config  sinewave1.o
    0x0800715e   0x00000002   PAD
    0x08007160   0x00000088   Code   RO           12    i.SineWave_DMA_Config  test.o
    0x080071e8   0x00000034   Code   RO          803    i.SineWave_GPIO_Config  sinewave1.o
    0x0800721c   0x00000036   Code   RO           13    i.SineWave_TIM_Config  test.o
    0x08007252   0x00000002   PAD
    0x08007254   0x00000090   Code   RO          226    i.Stm32_Clock_Init  sys.o
    0x080072e4   0x0000003c   Code   RO          641    i.TIM4_IRQHandler   usmart.o
    0x08007320   0x00000018   Code   RO          989    i.TIM_Cmd           stm32f10x_tim.o
    0x08007338   0x00000012   Code   RO         1046    i.TIM_SelectOutputTrigger  stm32f10x_tim.o
    0x0800734a   0x00000002   PAD
    0x0800734c   0x000000a4   Code   RO         1060    i.TIM_TimeBaseInit  stm32f10x_tim.o
    0x080073f0   0x00000012   Code   RO         1061    i.TIM_TimeBaseStructInit  stm32f10x_tim.o
    0x08007402   0x00000002   PAD
    0x08007404   0x00000050   Code   RO          642    i.Timer4_Init       usmart.o
    0x08007454   0x00000084   Code   RO          299    i.USART1_IRQHandler  usart.o
    0x080074d8   0x000000a4   Code   RO           14    i.USART_handler     test.o
    0x0800757c   0x00000028   Code   RO         2120    i.__ARM_fpclassify  m_ws.l(fpclassify.o)
    0x080075a4   0x00000388   Code   RO         2027    i.__ieee754_rem_pio2  m_ws.l(rred.o)
    0x0800792c   0x000000fc   Code   RO         2010    i.__kernel_cos      m_ws.l(cos_i.o)
    0x08007a28   0x000000aa   Code   RO         2128    i.__kernel_poly     m_ws.l(poly.o)
    0x08007ad2   0x00000002   PAD
    0x08007ad4   0x000000ec   Code   RO         2032    i.__kernel_sin      m_ws.l(sin_i.o)
    0x08007bc0   0x00000006   Code   RO         2014    i.__mathlib_dbl_infnan  m_ws.l(dunder.o)
    0x08007bc6   0x0000000c   Code   RO         2016    i.__mathlib_dbl_invalid  m_ws.l(dunder.o)
    0x08007bd2   0x0000000e   Code   RO         2017    i.__mathlib_dbl_overflow  m_ws.l(dunder.o)
    0x08007be0   0x00000010   Code   RO         2019    i.__mathlib_dbl_underflow  m_ws.l(dunder.o)
    0x08007bf0   0x00000010   Code   RO         2122    i.__mathlib_narrow  m_ws.l(narrow.o)
    0x08007c00   0x00000088   Code   RO         2123    i.__mathlib_tofloat  m_ws.l(narrow.o)
    0x08007c88   0x00000016   Code   RO         2220    i.__support_ldexp   m_ws.l(ldexp.o)
    0x08007c9e   0x0000000e   Code   RO         1882    i._is_digit         c_w.l(__printf_wp.o)
    0x08007cac   0x00000006   Code   RO          300    i._sys_exit         usart.o
    0x08007cb2   0x00000002   PAD
    0x08007cb4   0x00000040   Code   RO          191    i.delay_init        delay.o
    0x08007cf4   0x0000003c   Code   RO          192    i.delay_ms          delay.o
    0x08007d30   0x0000003c   Code   RO          193    i.delay_us          delay.o
    0x08007d6c   0x0000001c   Code   RO          301    i.fputc             usart.o
    0x08007d88   0x00000058   Code   RO         2203    i.frexp             m_ws.l(frexp.o)
    0x08007de0   0x00000074   Code   RO         2221    i.ldexp             m_ws.l(ldexp.o)
    0x08007e54   0x000002dc   Code   RO           15    i.main              test.o
    0x08008130   0x00000006   Code   RO          643    i.read_addr         usmart.o
    0x08008136   0x00000002   PAD
    0x08008138   0x000000a0   Code   RO         1968    i.sin               m_ws.l(sin.o)
    0x080081d8   0x000000dc   Code   RO          302    i.uart_init         usart.o
    0x080082b4   0x000000b0   Code   RO          644    i.usmart_cmd_rec    usmart.o
    0x08008364   0x000002d4   Code   RO          645    i.usmart_exe        usmart.o
    0x08008638   0x000000d4   Code   RO          730    i.usmart_get_aparm  usmart_str.o
    0x0800870c   0x00000036   Code   RO          731    i.usmart_get_cmdname  usmart_str.o
    0x08008742   0x00000002   PAD
    0x08008744   0x000001c0   Code   RO          732    i.usmart_get_fname  usmart_str.o
    0x08008904   0x0000010c   Code   RO          733    i.usmart_get_fparam  usmart_str.o
    0x08008a10   0x00000020   Code   RO          734    i.usmart_get_parmpos  usmart_str.o
    0x08008a30   0x00000040   Code   RO          646    i.usmart_get_runtime  usmart.o
    0x08008a70   0x00000028   Code   RO          647    i.usmart_init       usmart.o
    0x08008a98   0x00000016   Code   RO          735    i.usmart_pow        usmart_str.o
    0x08008aae   0x00000002   PAD
    0x08008ab0   0x00000030   Code   RO          648    i.usmart_reset_runtime  usmart.o
    0x08008ae0   0x000000bc   Code   RO          649    i.usmart_scan       usmart.o
    0x08008b9c   0x00000016   Code   RO          736    i.usmart_search_nextc  usmart_str.o
    0x08008bb2   0x00000106   Code   RO          737    i.usmart_str2num    usmart_str.o
    0x08008cb8   0x00000022   Code   RO          738    i.usmart_strcmp     usmart_str.o
    0x08008cda   0x00000016   Code   RO          739    i.usmart_strcopy    usmart_str.o
    0x08008cf0   0x00000018   Code   RO          740    i.usmart_strlen     usmart_str.o
    0x08008d08   0x000006f4   Code   RO          650    i.usmart_sys_cmd_exe  usmart.o
    0x080093fc   0x00000004   Code   RO          651    i.write_addr        usmart.o
    0x08009400   0x0000002c   Code   RO         2103    locale$$code        c_w.l(lc_numeric_c.o)
    0x0800942c   0x0000002c   Code   RO         2211    locale$$code        c_w.l(lc_ctype_c.o)
    0x08009458   0x00000062   Code   RO         1907    x$fpl$d2f           fz_ws.l(d2f.o)
    0x080094ba   0x00000002   PAD
    0x080094bc   0x00000150   Code   RO         1909    x$fpl$dadd          fz_ws.l(daddsub_clz.o)
    0x0800960c   0x00000010   Code   RO         2198    x$fpl$dcheck1       fz_ws.l(dcheck1.o)
    0x0800961c   0x00000018   Code   RO         2105    x$fpl$dcmpinf       fz_ws.l(dcmpi.o)
    0x08009634   0x000002b0   Code   RO         1916    x$fpl$ddiv          fz_ws.l(ddiv.o)
    0x080098e4   0x00000078   Code   RO         2200    x$fpl$deqf          fz_ws.l(deqf.o)
    0x0800995c   0x0000005e   Code   RO         1919    x$fpl$dfix          fz_ws.l(dfix.o)
    0x080099ba   0x00000002   PAD
    0x080099bc   0x0000005a   Code   RO         1923    x$fpl$dfixu         fz_ws.l(dfixu.o)
    0x08009a16   0x0000002e   Code   RO         1928    x$fpl$dflt          fz_ws.l(dflt_clz.o)
    0x08009a44   0x00000026   Code   RO         1927    x$fpl$dfltu         fz_ws.l(dflt_clz.o)
    0x08009a6a   0x00000002   PAD
    0x08009a6c   0x00000078   Code   RO         1997    x$fpl$dleqf         fz_ws.l(dleqf.o)
    0x08009ae4   0x00000154   Code   RO         1933    x$fpl$dmul          fz_ws.l(dmul.o)
    0x08009c38   0x0000009c   Code   RO         1999    x$fpl$dnaninf       fz_ws.l(dnaninf.o)
    0x08009cd4   0x0000000c   Code   RO         2001    x$fpl$dretinf       fz_ws.l(dretinf.o)
    0x08009ce0   0x0000006c   Code   RO         1935    x$fpl$drleqf        fz_ws.l(drleqf.o)
    0x08009d4c   0x00000016   Code   RO         1910    x$fpl$drsb          fz_ws.l(daddsub_clz.o)
    0x08009d62   0x00000002   PAD
    0x08009d64   0x000001d4   Code   RO         1911    x$fpl$dsub          fz_ws.l(daddsub_clz.o)
    0x08009f38   0x00000056   Code   RO         1937    x$fpl$f2d           fz_ws.l(f2d.o)
    0x08009f8e   0x00000002   PAD
    0x08009f90   0x000000c4   Code   RO         1939    x$fpl$fadd          fz_ws.l(faddsub_clz.o)
    0x0800a054   0x00000018   Code   RO         2003    x$fpl$fcmpinf       fz_ws.l(fcmpi.o)
    0x0800a06c   0x00000184   Code   RO         1946    x$fpl$fdiv          fz_ws.l(fdiv.o)
    0x0800a1f0   0x0000003e   Code   RO         1949    x$fpl$ffixu         fz_ws.l(ffixu.o)
    0x0800a22e   0x00000002   PAD
    0x0800a230   0x00000026   Code   RO         1953    x$fpl$ffltu         fz_ws.l(fflt_clz.o)
    0x0800a256   0x00000002   PAD
    0x0800a258   0x00000068   Code   RO         1959    x$fpl$fleqf         fz_ws.l(fleqf.o)
    0x0800a2c0   0x00000102   Code   RO         1961    x$fpl$fmul          fz_ws.l(fmul.o)
    0x0800a3c2   0x0000008c   Code   RO         2005    x$fpl$fnaninf       fz_ws.l(fnaninf.o)
    0x0800a44e   0x0000000a   Code   RO         2007    x$fpl$fretinf       fz_ws.l(fretinf.o)
    0x0800a458   0x00000014   Code   RO         1940    x$fpl$frsb          fz_ws.l(faddsub_clz.o)
    0x0800a46c   0x000000ea   Code   RO         1941    x$fpl$fsub          fz_ws.l(faddsub_clz.o)
    0x0800a556   0x00000004   Code   RO         1963    x$fpl$printf1       fz_ws.l(printf1.o)
    0x0800a55a   0x00000064   Code   RO         2217    x$fpl$retnan        fz_ws.l(retnan.o)
    0x0800a5be   0x0000005c   Code   RO         2112    x$fpl$scalbn        fz_ws.l(scalbn.o)
    0x0800a61a   0x00000004   Code   RO         1965    x$fpl$scanf1        fz_ws.l(scanf1.o)
    0x0800a61e   0x00000008   Code   RO         2114    x$fpl$scanf2        fz_ws.l(scanf2.o)
    0x0800a626   0x00000030   Code   RO         2242    x$fpl$trapveneer    fz_ws.l(trapv.o)
    0x0800a656   0x00000000   Code   RO         2009    x$fpl$usenofp       fz_ws.l(usenofp.o)
    0x0800a656   0x000017c0   Data   RO          384    .constdata          ili93xx.o
    0x0800be16   0x00000028   Data   RO         1855    .constdata          c_w.l(_printf_hex_int.o)
    0x0800be3e   0x00000011   Data   RO         1890    .constdata          c_w.l(__printf_flags_ss_wp.o)
    0x0800be4f   0x00000001   PAD
    0x0800be50   0x00000030   Data   RO         2011    .constdata          m_ws.l(cos_i.o)
    0x0800be80   0x000000c8   Data   RO         2029    .constdata          m_ws.l(rred.o)
    0x0800bf48   0x00000028   Data   RO         2033    .constdata          m_ws.l(sin_i.o)
    0x0800bf70   0x00000094   Data   RO         2074    .constdata          c_w.l(bigflt0.o)
    0x0800c004   0x00000028   Data   RO          652    .conststring        usmart.o
    0x0800c02c   0x00000087   Data   RO          717    .conststring        usmart_config.o
    0x0800c0b3   0x00000001   PAD
    0x0800c0b4   0x00000020   Data   RO         2302    Region$$Table       anon$$obj.o
    0x0800c0d4   0x00000008   Data   RO         2107    c$$dinf             fz_ws.l(fpconst.o)
    0x0800c0dc   0x0000001c   Data   RO         2102    locale$$data        c_w.l(lc_numeric_c.o)
    0x0800c0f8   0x00000110   Data   RO         2210    locale$$data        c_w.l(lc_ctype_c.o)


    Execution Region RW_IRAM1 (Base: 0x20000000, Size: 0x000006c8, Max: 0x00010000, ABSOLUTE, COMPRESSED[0x00000058])

    Base Addr    Size         Type   Attr      Idx    E Section Name        Object

    0x20000000   0x00000008   Data   RW           17    .data               test.o
    0x20000008   0x00000004   Data   RW          194    .data               delay.o
    0x2000000c   0x00000006   Data   RW          304    .data               usart.o
    0x20000012   0x00000004   Data   RW          385    .data               ili93xx.o
    0x20000016   0x00000002   PAD
    0x20000018   0x0000001c   Data   RW          653    .data               usmart.o
    0x20000034   0x0000011c   Data   RW          718    .data               usmart_config.o
    0x20000150   0x00000040   Zero   RW           16    .bss                test.o
    0x20000190   0x000000c8   Zero   RW          303    .bss                usart.o
    0x20000258   0x0000000e   Zero   RW          383    .bss                ili93xx.o
    0x20000266   0x00000002   PAD
    0x20000268   0x00000060   Zero   RW         2131    .bss                c_w.l(libspace.o)
    0x200002c8   0x00000000   Zero   RW            2    HEAP                startup_stm32f10x_hd.o
    0x200002c8   0x00000400   Zero   RW            1    STACK               startup_stm32f10x_hd.o


==============================================================================

Image component sizes


      Code (inc. data)   RO Data    RW Data    ZI Data      Debug   Object Name

       438         20          0          0          0       1635   adc.o
       204         28          0          0          0        979   dac.o
       184         16          0          4          0       1675   delay.o
     17192        198       6080          4         14      21304   ili93xx.o
       108         22          0          0          0        435   key.o
       112         12          0          0          0        443   led.o
       106          6          0          0          0       1061   sinewave1.o
        52         18        304          0       1024        804   startup_stm32f10x_hd.o
       148         18          0          0          0       2943   stm32f10x_dac.o
       416          8          0          0          0       3474   stm32f10x_dma.o
       282          0          0          0          0       2515   stm32f10x_gpio.o
        96         18          0          0          0       1778   stm32f10x_rcc.o
       224         42          0          0          0       2932   stm32f10x_tim.o
       428         44          0          0          0       2788   sys.o
      1362        250          0          8         64     255349   test.o
       386         36          0          6        200       4020   usart.o
      3170       1350         40         28          0       7306   usmart.o
         0          0        135        284          0       1584   usmart_config.o
      1400         20          0          0          0       8365   usmart_str.o

    ----------------------------------------------------------------------
     26332       2106       6592        336       1304     321390   Object Totals
         0          0         32          0          0          0   (incl. Generated)
        24          0          1          2          2          0   (incl. Padding)

    ----------------------------------------------------------------------

      Code (inc. data)   RO Data    RW Data    ZI Data      Debug   Library Member Name

        60          8          0          0          0         84   __0sscanf.o
        90          0          0          0          0          0   __dczerorl2.o
         8          0          0          0          0         68   __main.o
       392          4         17          0          0         92   __printf_flags_ss_wp.o
        14          0          0          0          0         68   __printf_wp.o
         0          0          0          0          0          0   __rtentry.o
        12          0          0          0          0          0   __rtentry2.o
         6          0          0          0          0          0   __rtentry4.o
        52          8          0          0          0          0   __scatter.o
        28          0          0          0          0          0   __scatter_zi.o
        28          0          0          0          0         68   _chval.o
         6          0          0          0          0          0   _printf_c.o
        44          0          0          0          0        108   _printf_char.o
        48          6          0          0          0         96   _printf_char_common.o
        36          4          0          0          0         80   _printf_char_file.o
         6          0          0          0          0          0   _printf_d.o
       120         16          0          0          0         92   _printf_dec.o
         6          0          0          0          0          0   _printf_f.o
      1050          0          0          0          0        216   _printf_fp_dec.o
       128         16          0          0          0         84   _printf_fp_infnan.o
        88          4         40          0          0         88   _printf_hex_int.o
       178          0          0          0          0         88   _printf_intcommon.o
        78          0          0          0          0        108   _printf_pad.o
         0          0          0          0          0          0   _printf_percent.o
         4          0          0          0          0          0   _printf_percent_end.o
         6          0          0          0          0          0   _printf_s.o
        82          0          0          0          0         80   _printf_str.o
         6          0          0          0          0          0   _printf_u.o
         6          0          0          0          0          0   _printf_x.o
        22          0          0          0          0        100   _rserrno.o
       884          6          0          0          0        100   _scanf.o
       332          0          0          0          0         96   _scanf_int.o
        64          0          0          0          0         84   _sgetc.o
       220          4        148          0          0         96   bigflt0.o
      2074        132          0          0          0        940   btod.o
        12          0          0          0          0         72   exit.o
         8          0          0          0          0         68   ferror.o
         6          0          0          0          0        152   heapauxi.o
        18          0          0          0          0         76   isspace.o
        44         10        272          0          0         76   lc_ctype_c.o
        44         10         28          0          0         76   lc_numeric_c.o
         2          0          0          0          0          0   libinit.o
        30          0          0          0          0          0   libinit2.o
         2          0          0          0          0          0   libshutdown.o
         2          0          0          0          0          0   libshutdown2.o
         8          4          0          0         96         68   libspace.o
        38          0          0          0          0         68   llshl.o
       138          0          0          0          0         80   lludiv10.o
        24          4          0          0          0         84   noretval__2printf.o
        16          4          0          0          0         76   rt_ctype_table.o
         8          4          0          0          0         68   rt_errno_addr_intlibspace.o
         8          4          0          0          0         68   rt_locale_intlibspace.o
         2          0          0          0          0          0   rtexit.o
        10          0          0          0          0          0   rtexit2.o
        44          8          0          0          0         84   scanf_char.o
      1188         12          0          0          0        148   scanf_fp.o
       792         14          0          0          0        100   scanf_hexfp.o
       308         16          0          0          0        100   scanf_infnan.o
       128          0          0          0          0         68   strcmpv7m.o
        74          0          0          0          0         80   sys_stackheap_outer.o
         2          0          0          0          0         68   use_no_semi.o
         2          0          0          0          0         68   use_no_semi_2.o
        98          4          0          0          0         92   d2f.o
       826         16          0          0          0        348   daddsub_clz.o
        16          4          0          0          0         68   dcheck1.o
        24          0          0          0          0         68   dcmpi.o
       688        140          0          0          0        208   ddiv.o
       120          4          0          0          0         92   deqf.o
        94          4          0          0          0         92   dfix.o
        90          4          0          0          0         92   dfixu.o
        84          0          0          0          0        136   dflt_clz.o
       120          4          0          0          0         92   dleqf.o
       340         12          0          0          0        104   dmul.o
       156          4          0          0          0         92   dnaninf.o
        12          0          0          0          0         68   dretinf.o
       108          0          0          0          0         80   drleqf.o
        86          4          0          0          0         84   f2d.o
       450          8          0          0          0        236   faddsub_clz.o
        24          0          0          0          0         68   fcmpi.o
       388         76          0          0          0         96   fdiv.o
        62          4          0          0          0         84   ffixu.o
        38          0          0          0          0         68   fflt_clz.o
       104          4          0          0          0         84   fleqf.o
       258          4          0          0          0         84   fmul.o
       140          4          0          0          0         84   fnaninf.o
         0          0          8          0          0          0   fpconst.o
        10          0          0          0          0         68   fretinf.o
         4          0          0          0          0         68   printf1.o
       100          0          0          0          0         68   retnan.o
        92          0          0          0          0         68   scalbn.o
         4          0          0          0          0         68   scanf1.o
         8          0          0          0          0         84   scanf2.o
        48          0          0          0          0         68   trapv.o
         0          0          0          0          0          0   usenofp.o
       252         22         48          0          0        124   cos_i.o
        48          6          0          0          0        272   dunder.o
        40          0          0          0          0         68   fpclassify.o
        88          8          0          0          0         76   frexp.o
       138          0          0          0          0        160   ldexp.o
       152          4          0          0          0        168   narrow.o
       170          0          0          0          0         96   poly.o
       904         76        200          0          0        140   rred.o
       160         10          0          0          0        108   sin.o
       236         12         40          0          0        128   sin_i.o

    ----------------------------------------------------------------------
     15946        738        802          0         96       8936   Library Totals
        30          2          1          0          0          0   (incl. Padding)

    ----------------------------------------------------------------------

      Code (inc. data)   RO Data    RW Data    ZI Data      Debug   Library Name

      9136        298        505          0         96       4584   c_w.l
      4592        300          8          0          0       3012   fz_ws.l
      2188        138        288          0          0       1340   m_ws.l

    ----------------------------------------------------------------------
     15946        738        802          0         96       8936   Library Totals

    ----------------------------------------------------------------------

==============================================================================


      Code (inc. data)   RO Data    RW Data    ZI Data      Debug   

     42278       2844       7394        336       1400     321118   Grand Totals
     42278       2844       7394         88       1400     321118   ELF Image Totals (compressed)
     42278       2844       7394         88          0          0   ROM Totals

==============================================================================

    Total RO  Size (Code + RO Data)                49672 (  48.51kB)
    Total RW  Size (RW Data + ZI Data)              1736 (   1.70kB)
    Total ROM Size (Code + RO Data + RW Data)      49760 (  48.59kB)

==============================================================================

